Archive member included to satisfy reference by file (symbol)

c:/program files (x86)/atmel/studio/7.0/toolchain/avr8/avr8-gnu-toolchain/bin/../lib/gcc/avr/5.4.0/../../../../avr/lib/avr51\libm.a(addsf3.o)
                              src/lib/Drivers/Src/atmega128_DRV_uart.o (__subsf3)
c:/program files (x86)/atmel/studio/7.0/toolchain/avr8/avr8-gnu-toolchain/bin/../lib/gcc/avr/5.4.0/../../../../avr/lib/avr51\libm.a(addsf3x.o)
                              c:/program files (x86)/atmel/studio/7.0/toolchain/avr8/avr8-gnu-toolchain/bin/../lib/gcc/avr/5.4.0/../../../../avr/lib/avr51\libm.a(addsf3.o) (__addsf3x)
c:/program files (x86)/atmel/studio/7.0/toolchain/avr8/avr8-gnu-toolchain/bin/../lib/gcc/avr/5.4.0/../../../../avr/lib/avr51\libm.a(divsf3.o)
                              src/lib/Drivers/Src/atmega128_DRV_uart.o (__divsf3)
c:/program files (x86)/atmel/studio/7.0/toolchain/avr8/avr8-gnu-toolchain/bin/../lib/gcc/avr/5.4.0/../../../../avr/lib/avr51\libm.a(divsf3x.o)
                              c:/program files (x86)/atmel/studio/7.0/toolchain/avr8/avr8-gnu-toolchain/bin/../lib/gcc/avr/5.4.0/../../../../avr/lib/avr51\libm.a(divsf3.o) (__divsf3x)
c:/program files (x86)/atmel/studio/7.0/toolchain/avr8/avr8-gnu-toolchain/bin/../lib/gcc/avr/5.4.0/../../../../avr/lib/avr51\libm.a(fixunssfsi.o)
                              src/lib/Drivers/Src/atmega128_DRV_uart.o (__fixunssfsi)
c:/program files (x86)/atmel/studio/7.0/toolchain/avr8/avr8-gnu-toolchain/bin/../lib/gcc/avr/5.4.0/../../../../avr/lib/avr51\libm.a(floatsisf.o)
                              src/lib/Drivers/Src/atmega128_DRV_uart.o (__floatunsisf)
c:/program files (x86)/atmel/studio/7.0/toolchain/avr8/avr8-gnu-toolchain/bin/../lib/gcc/avr/5.4.0/../../../../avr/lib/avr51\libm.a(fp_inf.o)
                              c:/program files (x86)/atmel/studio/7.0/toolchain/avr8/avr8-gnu-toolchain/bin/../lib/gcc/avr/5.4.0/../../../../avr/lib/avr51\libm.a(addsf3x.o) (__fp_inf)
c:/program files (x86)/atmel/studio/7.0/toolchain/avr8/avr8-gnu-toolchain/bin/../lib/gcc/avr/5.4.0/../../../../avr/lib/avr51\libm.a(fp_nan.o)
                              c:/program files (x86)/atmel/studio/7.0/toolchain/avr8/avr8-gnu-toolchain/bin/../lib/gcc/avr/5.4.0/../../../../avr/lib/avr51\libm.a(addsf3x.o) (__fp_nan)
c:/program files (x86)/atmel/studio/7.0/toolchain/avr8/avr8-gnu-toolchain/bin/../lib/gcc/avr/5.4.0/../../../../avr/lib/avr51\libm.a(fp_pscA.o)
                              c:/program files (x86)/atmel/studio/7.0/toolchain/avr8/avr8-gnu-toolchain/bin/../lib/gcc/avr/5.4.0/../../../../avr/lib/avr51\libm.a(addsf3x.o) (__fp_pscA)
c:/program files (x86)/atmel/studio/7.0/toolchain/avr8/avr8-gnu-toolchain/bin/../lib/gcc/avr/5.4.0/../../../../avr/lib/avr51\libm.a(fp_pscB.o)
                              c:/program files (x86)/atmel/studio/7.0/toolchain/avr8/avr8-gnu-toolchain/bin/../lib/gcc/avr/5.4.0/../../../../avr/lib/avr51\libm.a(addsf3x.o) (__fp_pscB)
c:/program files (x86)/atmel/studio/7.0/toolchain/avr8/avr8-gnu-toolchain/bin/../lib/gcc/avr/5.4.0/../../../../avr/lib/avr51\libm.a(fp_round.o)
                              c:/program files (x86)/atmel/studio/7.0/toolchain/avr8/avr8-gnu-toolchain/bin/../lib/gcc/avr/5.4.0/../../../../avr/lib/avr51\libm.a(addsf3.o) (__fp_round)
c:/program files (x86)/atmel/studio/7.0/toolchain/avr8/avr8-gnu-toolchain/bin/../lib/gcc/avr/5.4.0/../../../../avr/lib/avr51\libm.a(fp_split3.o)
                              c:/program files (x86)/atmel/studio/7.0/toolchain/avr8/avr8-gnu-toolchain/bin/../lib/gcc/avr/5.4.0/../../../../avr/lib/avr51\libm.a(addsf3x.o) (__fp_split3)
c:/program files (x86)/atmel/studio/7.0/toolchain/avr8/avr8-gnu-toolchain/bin/../lib/gcc/avr/5.4.0/../../../../avr/lib/avr51\libm.a(fp_zero.o)
                              c:/program files (x86)/atmel/studio/7.0/toolchain/avr8/avr8-gnu-toolchain/bin/../lib/gcc/avr/5.4.0/../../../../avr/lib/avr51\libm.a(addsf3x.o) (__fp_zero)
c:/program files (x86)/atmel/studio/7.0/toolchain/avr8/avr8-gnu-toolchain/bin/../lib/gcc/avr/5.4.0/avr51\libgcc.a(_divmodhi4.o)
                              src/hw/driver/drivemotor.o (__divmodhi4)
c:/program files (x86)/atmel/studio/7.0/toolchain/avr8/avr8-gnu-toolchain/bin/../lib/gcc/avr/5.4.0/avr51\libgcc.a(_udivmodsi4.o)
                              src/common/core/qbuffer.o (__udivmodsi4)
c:/program files (x86)/atmel/studio/7.0/toolchain/avr8/avr8-gnu-toolchain/bin/../lib/gcc/avr/5.4.0/avr51\libgcc.a(_exit.o)
                              C:/Program Files (x86)/Atmel/Studio/7.0/Packs/atmel/ATmega_DFP/1.3.300/gcc/dev/atmega128/avr51/crtatmega128.o (exit)
c:/program files (x86)/atmel/studio/7.0/toolchain/avr8/avr8-gnu-toolchain/bin/../lib/gcc/avr/5.4.0/avr51\libgcc.a(_tablejump2.o)
                              src/hw/driver/ros/ros.o (__tablejump2__)
c:/program files (x86)/atmel/studio/7.0/toolchain/avr8/avr8-gnu-toolchain/bin/../lib/gcc/avr/5.4.0/avr51\libgcc.a(_copy_data.o)
                              src/hw/driver/gpio.o (__do_copy_data)
c:/program files (x86)/atmel/studio/7.0/toolchain/avr8/avr8-gnu-toolchain/bin/../lib/gcc/avr/5.4.0/avr51\libgcc.a(_clear_bss.o)
                              src/hw/driver/ctc.o (__do_clear_bss)
c:/program files (x86)/atmel/studio/7.0/toolchain/avr8/avr8-gnu-toolchain/bin/../lib/gcc/avr/5.4.0/avr51\libgcc.a(_udivmodhi4.o)
                              c:/program files (x86)/atmel/studio/7.0/toolchain/avr8/avr8-gnu-toolchain/bin/../lib/gcc/avr/5.4.0/avr51\libgcc.a(_divmodhi4.o) (__udivmodhi4)
c:/program files (x86)/atmel/studio/7.0/toolchain/avr8/avr8-gnu-toolchain/bin/../lib/gcc/avr/5.4.0/../../../../avr/lib/avr51\libc.a(vsnprintf.o)
                              src/hw/driver/uart.o (vsnprintf)
c:/program files (x86)/atmel/studio/7.0/toolchain/avr8/avr8-gnu-toolchain/bin/../lib/gcc/avr/5.4.0/../../../../avr/lib/avr51\libc.a(vfprintf_std.o)
                              c:/program files (x86)/atmel/studio/7.0/toolchain/avr8/avr8-gnu-toolchain/bin/../lib/gcc/avr/5.4.0/../../../../avr/lib/avr51\libc.a(vsnprintf.o) (vfprintf)
c:/program files (x86)/atmel/studio/7.0/toolchain/avr8/avr8-gnu-toolchain/bin/../lib/gcc/avr/5.4.0/../../../../avr/lib/avr51\libc.a(strnlen_P.o)
                              c:/program files (x86)/atmel/studio/7.0/toolchain/avr8/avr8-gnu-toolchain/bin/../lib/gcc/avr/5.4.0/../../../../avr/lib/avr51\libc.a(vfprintf_std.o) (strnlen_P)
c:/program files (x86)/atmel/studio/7.0/toolchain/avr8/avr8-gnu-toolchain/bin/../lib/gcc/avr/5.4.0/../../../../avr/lib/avr51\libc.a(strnlen.o)
                              c:/program files (x86)/atmel/studio/7.0/toolchain/avr8/avr8-gnu-toolchain/bin/../lib/gcc/avr/5.4.0/../../../../avr/lib/avr51\libc.a(vfprintf_std.o) (strnlen)
c:/program files (x86)/atmel/studio/7.0/toolchain/avr8/avr8-gnu-toolchain/bin/../lib/gcc/avr/5.4.0/../../../../avr/lib/avr51\libc.a(fputc.o)
                              c:/program files (x86)/atmel/studio/7.0/toolchain/avr8/avr8-gnu-toolchain/bin/../lib/gcc/avr/5.4.0/../../../../avr/lib/avr51\libc.a(vfprintf_std.o) (fputc)
c:/program files (x86)/atmel/studio/7.0/toolchain/avr8/avr8-gnu-toolchain/bin/../lib/gcc/avr/5.4.0/../../../../avr/lib/avr51\libc.a(ultoa_invert.o)
                              c:/program files (x86)/atmel/studio/7.0/toolchain/avr8/avr8-gnu-toolchain/bin/../lib/gcc/avr/5.4.0/../../../../avr/lib/avr51\libc.a(vfprintf_std.o) (__ultoa_invert)

Allocating common symbols
Common symbol       size              file

pwm_tbl             0x24              src/hw/driver/pwm.o
ros_handle          0x320             src/hw/driver/ros_server.o
htim3_pwm           0x8               src/hw/driver/pwm.o
htim4               0x9               src/hw/driver/ctc.o
htim1_oc            0x5               src/hw/driver/ctc.o
h_a4988_1           0x6               src/hw/driver/drivemotor/a4988.o
htim3               0x9               src/hw/driver/ctc.o
htim4_pwm           0x8               src/hw/driver/pwm.o
htim3_oc            0x9               src/hw/driver/ctc.o
huart1              0x17              src/hw/driver/uart.o
htim2_pwm           0x4               src/hw/driver/pwm.o
h_a4988_2           0x6               src/hw/driver/drivemotor/a4988.o
htim1               0x7               src/hw/driver/ctc.o
ctc_tbl             0x54              src/hw/driver/ctc.o
htim4_oc            0x9               src/hw/driver/ctc.o
htim1_pwm           0x4               src/hw/driver/pwm.o
htim2               0x7               src/hw/driver/ctc.o
a4988_tbl           0xa               src/hw/driver/drivemotor/a4988.o
huart2              0x17              src/hw/driver/uart.o
htim2_oc            0x5               src/hw/driver/ctc.o

Discarded input sections

 .data          0x00000000        0x0 C:/Program Files (x86)/Atmel/Studio/7.0/Packs/atmel/ATmega_DFP/1.3.300/gcc/dev/atmega128/avr51/crtatmega128.o
 .bss           0x00000000        0x0 C:/Program Files (x86)/Atmel/Studio/7.0/Packs/atmel/ATmega_DFP/1.3.300/gcc/dev/atmega128/avr51/crtatmega128.o
 .text          0x00000000        0x0 src/ap/ap.o
 .data          0x00000000        0x0 src/ap/ap.o
 .bss           0x00000000        0x0 src/ap/ap.o
 .text          0x00000000        0x0 src/bsp/atmega128_it.o
 .data          0x00000000        0x0 src/bsp/atmega128_it.o
 .bss           0x00000000        0x0 src/bsp/atmega128_it.o
 .text          0x00000000        0x0 src/bsp/bsp.o
 .data          0x00000000        0x0 src/bsp/bsp.o
 .bss           0x00000000        0x0 src/bsp/bsp.o
 .text          0x00000000        0x0 src/common/core/qbuffer.o
 .data          0x00000000        0x0 src/common/core/qbuffer.o
 .bss           0x00000000        0x0 src/common/core/qbuffer.o
 .text.qbufferInit
                0x00000000        0x2 src/common/core/qbuffer.o
 .text          0x00000000        0x0 src/hw/driver/ctc.o
 .data          0x00000000        0x0 src/hw/driver/ctc.o
 .bss           0x00000000        0x0 src/hw/driver/ctc.o
 .text.ctcIsOpen
                0x00000000       0x12 src/hw/driver/ctc.o
 .text.ctc16ChannelConfig
                0x00000000      0x10e src/hw/driver/ctc.o
 .text.ctcGetTcnt
                0x00000000       0xcc src/hw/driver/ctc.o
 .text.ctcGetOcr
                0x00000000       0xca src/hw/driver/ctc.o
 .text.ctcSetIcr
                0x00000000       0x88 src/hw/driver/ctc.o
 .text.ctcGetIcr
                0x00000000       0x74 src/hw/driver/ctc.o
 .text.ctcAttachInterrupt
                0x00000000        0x2 src/hw/driver/ctc.o
 .text          0x00000000        0x0 src/hw/driver/drivemotor.o
 .data          0x00000000        0x0 src/hw/driver/drivemotor.o
 .bss           0x00000000        0x0 src/hw/driver/drivemotor.o
 .text.motorIsInit
                0x00000000        0x6 src/hw/driver/drivemotor.o
 .text.motorGetMotionState
                0x00000000       0x96 src/hw/driver/drivemotor.o
 .text          0x00000000        0x0 src/hw/driver/drivemotor/a4988.o
 .data          0x00000000        0x0 src/hw/driver/drivemotor/a4988.o
 .bss           0x00000000        0x0 src/hw/driver/drivemotor/a4988.o
 .text          0x00000000        0x0 src/hw/driver/gpio.o
 .data          0x00000000        0x0 src/hw/driver/gpio.o
 .bss           0x00000000        0x0 src/hw/driver/gpio.o
 .text.gpioPinRead
                0x00000000       0x3a src/hw/driver/gpio.o
 .text.gpioPinToggle
                0x00000000       0x22 src/hw/driver/gpio.o
 .text          0x00000000        0x0 src/hw/driver/pwm.o
 .data          0x00000000        0x0 src/hw/driver/pwm.o
 .bss           0x00000000        0x0 src/hw/driver/pwm.o
 .text.pwmBegin
                0x00000000      0x226 src/hw/driver/pwm.o
 .text.pwmIsOpen
                0x00000000       0x1e src/hw/driver/pwm.o
 .text.pwmStart
                0x00000000       0xc6 src/hw/driver/pwm.o
 .text.pwmStop  0x00000000       0xc6 src/hw/driver/pwm.o
 .text.pwm16ChannelConfig
                0x00000000      0x126 src/hw/driver/pwm.o
 .text.pwmSetTcnt
                0x00000000       0xfc src/hw/driver/pwm.o
 .text.pwmGetTcnt
                0x00000000       0xec src/hw/driver/pwm.o
 .text.pwmSetOcr
                0x00000000       0xf6 src/hw/driver/pwm.o
 .text.pwmGetOcr
                0x00000000       0xe6 src/hw/driver/pwm.o
 .text.pwmSetIcr
                0x00000000       0x98 src/hw/driver/pwm.o
 .text.pwmGetIcr
                0x00000000       0x84 src/hw/driver/pwm.o
 .text          0x00000000        0x0 src/hw/driver/ros_server.o
 .data          0x00000000        0x0 src/hw/driver/ros_server.o
 .bss           0x00000000        0x0 src/hw/driver/ros_server.o
 .text          0x00000000        0x0 src/hw/driver/ros/ros.o
 .data          0x00000000        0x0 src/hw/driver/ros/ros.o
 .bss           0x00000000        0x0 src/hw/driver/ros/ros.o
 .text.rosIsOpen
                0x00000000        0x6 src/hw/driver/ros/ros.o
 .text.rosClose
                0x00000000        0x4 src/hw/driver/ros/ros.o
 .text.rosSendInst
                0x00000000       0xdc src/hw/driver/ros/ros.o
 .text          0x00000000        0x0 src/hw/driver/ros/ros_uart.o
 .data          0x00000000        0x0 src/hw/driver/ros/ros_uart.o
 .bss           0x00000000        0x0 src/hw/driver/ros/ros_uart.o
 .text          0x00000000        0x0 src/hw/driver/uart.o
 .data          0x00000000        0x0 src/hw/driver/uart.o
 .bss           0x00000000        0x0 src/hw/driver/uart.o
 .text.uartPrintf
                0x00000000       0x60 src/hw/driver/uart.o
 .text.uartGetBaud
                0x00000000       0x36 src/hw/driver/uart.o
 .text          0x00000000        0x0 src/hw/hw.o
 .data          0x00000000        0x0 src/hw/hw.o
 .bss           0x00000000        0x0 src/hw/hw.o
 .text          0x00000000        0x0 src/lib/Drivers/Src/atmega128_DRV.o
 .data          0x00000000        0x0 src/lib/Drivers/Src/atmega128_DRV.o
 .bss           0x00000000        0x0 src/lib/Drivers/Src/atmega128_DRV.o
 .debug_info    0x00000000       0x56 src/lib/Drivers/Src/atmega128_DRV.o
 .debug_abbrev  0x00000000       0x26 src/lib/Drivers/Src/atmega128_DRV.o
 .debug_aranges
                0x00000000       0x18 src/lib/Drivers/Src/atmega128_DRV.o
 .debug_line    0x00000000       0x1a src/lib/Drivers/Src/atmega128_DRV.o
 .debug_str     0x00000000      0x17a src/lib/Drivers/Src/atmega128_DRV.o
 .comment       0x00000000       0x31 src/lib/Drivers/Src/atmega128_DRV.o
 .text          0x00000000        0x0 src/lib/Drivers/Src/atmega128_DRV_gpio.o
 .data          0x00000000        0x0 src/lib/Drivers/Src/atmega128_DRV_gpio.o
 .bss           0x00000000        0x0 src/lib/Drivers/Src/atmega128_DRV_gpio.o
 .text.GPIO_ReadPin
                0x00000000       0x2e src/lib/Drivers/Src/atmega128_DRV_gpio.o
 .text.GPIO_TogglePin
                0x00000000       0x30 src/lib/Drivers/Src/atmega128_DRV_gpio.o
 .text          0x00000000        0x0 src/lib/Drivers/Src/atmega128_DRV_timer.o
 .data          0x00000000        0x0 src/lib/Drivers/Src/atmega128_DRV_timer.o
 .bss           0x00000000        0x0 src/lib/Drivers/Src/atmega128_DRV_timer.o
 .text.TIM8_Base_Stop
                0x00000000       0x2a src/lib/Drivers/Src/atmega128_DRV_timer.o
 .text.TIM8_PWM_Init
                0x00000000       0xde src/lib/Drivers/Src/atmega128_DRV_timer.o
 .text.TIM8_PWM_Stop
                0x00000000       0x2a src/lib/Drivers/Src/atmega128_DRV_timer.o
 .text.TIM8_Base_Stop_IT
                0x00000000       0x24 src/lib/Drivers/Src/atmega128_DRV_timer.o
 .text.TIM8_OC_Stop_IT
                0x00000000       0x24 src/lib/Drivers/Src/atmega128_DRV_timer.o
 .text.TIM16_Base_Init
                0x00000000       0x90 src/lib/Drivers/Src/atmega128_DRV_timer.o
 .text.TIM16_Base_Stop
                0x00000000       0x2a src/lib/Drivers/Src/atmega128_DRV_timer.o
 .text.TIM16_OC_Init
                0x00000000      0x370 src/lib/Drivers/Src/atmega128_DRV_timer.o
 .text.TIM16_PWM_Init
                0x00000000      0x3d2 src/lib/Drivers/Src/atmega128_DRV_timer.o
 .progmem.gcc_sw_table.TIM16_PWM_Init
                0x00000000       0x18 src/lib/Drivers/Src/atmega128_DRV_timer.o
 .text.TIM16_PWM_Stop
                0x00000000       0x2a src/lib/Drivers/Src/atmega128_DRV_timer.o
 .text.TIM16_IC_Init
                0x00000000       0x28 src/lib/Drivers/Src/atmega128_DRV_timer.o
 .text.TIM16_IC_Start
                0x00000000       0x28 src/lib/Drivers/Src/atmega128_DRV_timer.o
 .text.TIM16_IC_Stop
                0x00000000       0x28 src/lib/Drivers/Src/atmega128_DRV_timer.o
 .text.TIM16_Base_Stop_IT
                0x00000000       0x28 src/lib/Drivers/Src/atmega128_DRV_timer.o
 .text.TIM16_OC_Stop_IT
                0x00000000       0x7e src/lib/Drivers/Src/atmega128_DRV_timer.o
 .text.TIM16_IC_Start_IT
                0x00000000       0x24 src/lib/Drivers/Src/atmega128_DRV_timer.o
 .text.TIM16_IC_Stop_IT
                0x00000000       0x24 src/lib/Drivers/Src/atmega128_DRV_timer.o
 .text.TIM8_Base_Start
                0x00000000       0x4c src/lib/Drivers/Src/atmega128_DRV_timer.o
 .text.TIM8_Base_Start_IT
                0x00000000       0x24 src/lib/Drivers/Src/atmega128_DRV_timer.o
 .text.TIM8_OC_Start_IT
                0x00000000       0x24 src/lib/Drivers/Src/atmega128_DRV_timer.o
 .text.TIM8_PWM_Start
                0x00000000       0x26 src/lib/Drivers/Src/atmega128_DRV_timer.o
 .text.TIM16_Base_Start
                0x00000000       0x62 src/lib/Drivers/Src/atmega128_DRV_timer.o
 .text.TIM16_Base_Start_IT
                0x00000000       0x28 src/lib/Drivers/Src/atmega128_DRV_timer.o
 .text.TIM16_OC_Start_IT
                0x00000000       0x7e src/lib/Drivers/Src/atmega128_DRV_timer.o
 .text.TIM16_PWM_Start
                0x00000000       0x26 src/lib/Drivers/Src/atmega128_DRV_timer.o
 .text.TIM1_OVF_ElapsedCallback
                0x00000000        0x2 src/lib/Drivers/Src/atmega128_DRV_timer.o
 .text.TIM1_OVF_IRQHandler
                0x00000000        0x6 src/lib/Drivers/Src/atmega128_DRV_timer.o
 .text.TIM3_OVF_ElapsedCallback
                0x00000000        0x2 src/lib/Drivers/Src/atmega128_DRV_timer.o
 .text.TIM3_OVF_IRQHandler
                0x00000000        0x6 src/lib/Drivers/Src/atmega128_DRV_timer.o
 .text.TIM1_OCA_ElapsedCallback
                0x00000000        0x2 src/lib/Drivers/Src/atmega128_DRV_timer.o
 .text.TIM1_OCA_IRQHandler
                0x00000000        0x6 src/lib/Drivers/Src/atmega128_DRV_timer.o
 .text.TIM1_OCB_ElapsedCallback
                0x00000000        0x2 src/lib/Drivers/Src/atmega128_DRV_timer.o
 .text.TIM1_OCB_IRQHandler
                0x00000000        0x6 src/lib/Drivers/Src/atmega128_DRV_timer.o
 .text.TIM1_OCC_ElapsedCallback
                0x00000000        0x2 src/lib/Drivers/Src/atmega128_DRV_timer.o
 .text.TIM1_OCC_IRQHandler
                0x00000000        0x6 src/lib/Drivers/Src/atmega128_DRV_timer.o
 .text.TIM1_CAPT_CpltCallback
                0x00000000        0x2 src/lib/Drivers/Src/atmega128_DRV_timer.o
 .text.TIM1_CAPT_IRQHandler
                0x00000000        0x6 src/lib/Drivers/Src/atmega128_DRV_timer.o
 .text.TIM3_OCA_ElapsedCallback
                0x00000000        0x2 src/lib/Drivers/Src/atmega128_DRV_timer.o
 .text.TIM3_OCA_IRQHandler
                0x00000000        0x6 src/lib/Drivers/Src/atmega128_DRV_timer.o
 .text.TIM3_OCB_ElapsedCallback
                0x00000000        0x2 src/lib/Drivers/Src/atmega128_DRV_timer.o
 .text.TIM3_OCB_IRQHandler
                0x00000000        0x6 src/lib/Drivers/Src/atmega128_DRV_timer.o
 .text.TIM3_OCC_ElapsedCallback
                0x00000000        0x2 src/lib/Drivers/Src/atmega128_DRV_timer.o
 .text.TIM3_OCC_IRQHandler
                0x00000000        0x6 src/lib/Drivers/Src/atmega128_DRV_timer.o
 .text.TIM3_CAPT_CpltCallback
                0x00000000        0x2 src/lib/Drivers/Src/atmega128_DRV_timer.o
 .text.TIM3_CAPT_IRQHandler
                0x00000000        0x6 src/lib/Drivers/Src/atmega128_DRV_timer.o
 .text          0x00000000        0x0 src/lib/Drivers/Src/atmega128_DRV_uart.o
 .data          0x00000000        0x0 src/lib/Drivers/Src/atmega128_DRV_uart.o
 .bss           0x00000000        0x0 src/lib/Drivers/Src/atmega128_DRV_uart.o
 .text.UART_Transmit_IT
                0x00000000       0x38 src/lib/Drivers/Src/atmega128_DRV_uart.o
 .text.UART_TxCpltCallback
                0x00000000        0x2 src/lib/Drivers/Src/atmega128_DRV_uart.o
 .text.UART_RxCpltCallback
                0x00000000        0x2 src/lib/Drivers/Src/atmega128_DRV_uart.o
 .text          0x00000000        0x0 src/main.o
 .data          0x00000000        0x0 src/main.o
 .bss           0x00000000        0x0 src/main.o
 .text          0x00000000        0x0 c:/program files (x86)/atmel/studio/7.0/toolchain/avr8/avr8-gnu-toolchain/bin/../lib/gcc/avr/5.4.0/../../../../avr/lib/avr51\libm.a(addsf3.o)
 .data          0x00000000        0x0 c:/program files (x86)/atmel/studio/7.0/toolchain/avr8/avr8-gnu-toolchain/bin/../lib/gcc/avr/5.4.0/../../../../avr/lib/avr51\libm.a(addsf3.o)
 .bss           0x00000000        0x0 c:/program files (x86)/atmel/studio/7.0/toolchain/avr8/avr8-gnu-toolchain/bin/../lib/gcc/avr/5.4.0/../../../../avr/lib/avr51\libm.a(addsf3.o)
 .text          0x00000000        0x0 c:/program files (x86)/atmel/studio/7.0/toolchain/avr8/avr8-gnu-toolchain/bin/../lib/gcc/avr/5.4.0/../../../../avr/lib/avr51\libm.a(addsf3x.o)
 .data          0x00000000        0x0 c:/program files (x86)/atmel/studio/7.0/toolchain/avr8/avr8-gnu-toolchain/bin/../lib/gcc/avr/5.4.0/../../../../avr/lib/avr51\libm.a(addsf3x.o)
 .bss           0x00000000        0x0 c:/program files (x86)/atmel/studio/7.0/toolchain/avr8/avr8-gnu-toolchain/bin/../lib/gcc/avr/5.4.0/../../../../avr/lib/avr51\libm.a(addsf3x.o)
 .text          0x00000000        0x0 c:/program files (x86)/atmel/studio/7.0/toolchain/avr8/avr8-gnu-toolchain/bin/../lib/gcc/avr/5.4.0/../../../../avr/lib/avr51\libm.a(divsf3.o)
 .data          0x00000000        0x0 c:/program files (x86)/atmel/studio/7.0/toolchain/avr8/avr8-gnu-toolchain/bin/../lib/gcc/avr/5.4.0/../../../../avr/lib/avr51\libm.a(divsf3.o)
 .bss           0x00000000        0x0 c:/program files (x86)/atmel/studio/7.0/toolchain/avr8/avr8-gnu-toolchain/bin/../lib/gcc/avr/5.4.0/../../../../avr/lib/avr51\libm.a(divsf3.o)
 .text          0x00000000        0x0 c:/program files (x86)/atmel/studio/7.0/toolchain/avr8/avr8-gnu-toolchain/bin/../lib/gcc/avr/5.4.0/../../../../avr/lib/avr51\libm.a(divsf3x.o)
 .data          0x00000000        0x0 c:/program files (x86)/atmel/studio/7.0/toolchain/avr8/avr8-gnu-toolchain/bin/../lib/gcc/avr/5.4.0/../../../../avr/lib/avr51\libm.a(divsf3x.o)
 .bss           0x00000000        0x0 c:/program files (x86)/atmel/studio/7.0/toolchain/avr8/avr8-gnu-toolchain/bin/../lib/gcc/avr/5.4.0/../../../../avr/lib/avr51\libm.a(divsf3x.o)
 .text          0x00000000        0x0 c:/program files (x86)/atmel/studio/7.0/toolchain/avr8/avr8-gnu-toolchain/bin/../lib/gcc/avr/5.4.0/../../../../avr/lib/avr51\libm.a(fixunssfsi.o)
 .data          0x00000000        0x0 c:/program files (x86)/atmel/studio/7.0/toolchain/avr8/avr8-gnu-toolchain/bin/../lib/gcc/avr/5.4.0/../../../../avr/lib/avr51\libm.a(fixunssfsi.o)
 .bss           0x00000000        0x0 c:/program files (x86)/atmel/studio/7.0/toolchain/avr8/avr8-gnu-toolchain/bin/../lib/gcc/avr/5.4.0/../../../../avr/lib/avr51\libm.a(fixunssfsi.o)
 .text          0x00000000        0x0 c:/program files (x86)/atmel/studio/7.0/toolchain/avr8/avr8-gnu-toolchain/bin/../lib/gcc/avr/5.4.0/../../../../avr/lib/avr51\libm.a(floatsisf.o)
 .data          0x00000000        0x0 c:/program files (x86)/atmel/studio/7.0/toolchain/avr8/avr8-gnu-toolchain/bin/../lib/gcc/avr/5.4.0/../../../../avr/lib/avr51\libm.a(floatsisf.o)
 .bss           0x00000000        0x0 c:/program files (x86)/atmel/studio/7.0/toolchain/avr8/avr8-gnu-toolchain/bin/../lib/gcc/avr/5.4.0/../../../../avr/lib/avr51\libm.a(floatsisf.o)
 .text          0x00000000        0x0 c:/program files (x86)/atmel/studio/7.0/toolchain/avr8/avr8-gnu-toolchain/bin/../lib/gcc/avr/5.4.0/../../../../avr/lib/avr51\libm.a(fp_inf.o)
 .data          0x00000000        0x0 c:/program files (x86)/atmel/studio/7.0/toolchain/avr8/avr8-gnu-toolchain/bin/../lib/gcc/avr/5.4.0/../../../../avr/lib/avr51\libm.a(fp_inf.o)
 .bss           0x00000000        0x0 c:/program files (x86)/atmel/studio/7.0/toolchain/avr8/avr8-gnu-toolchain/bin/../lib/gcc/avr/5.4.0/../../../../avr/lib/avr51\libm.a(fp_inf.o)
 .text          0x00000000        0x0 c:/program files (x86)/atmel/studio/7.0/toolchain/avr8/avr8-gnu-toolchain/bin/../lib/gcc/avr/5.4.0/../../../../avr/lib/avr51\libm.a(fp_nan.o)
 .data          0x00000000        0x0 c:/program files (x86)/atmel/studio/7.0/toolchain/avr8/avr8-gnu-toolchain/bin/../lib/gcc/avr/5.4.0/../../../../avr/lib/avr51\libm.a(fp_nan.o)
 .bss           0x00000000        0x0 c:/program files (x86)/atmel/studio/7.0/toolchain/avr8/avr8-gnu-toolchain/bin/../lib/gcc/avr/5.4.0/../../../../avr/lib/avr51\libm.a(fp_nan.o)
 .text          0x00000000        0x0 c:/program files (x86)/atmel/studio/7.0/toolchain/avr8/avr8-gnu-toolchain/bin/../lib/gcc/avr/5.4.0/../../../../avr/lib/avr51\libm.a(fp_pscA.o)
 .data          0x00000000        0x0 c:/program files (x86)/atmel/studio/7.0/toolchain/avr8/avr8-gnu-toolchain/bin/../lib/gcc/avr/5.4.0/../../../../avr/lib/avr51\libm.a(fp_pscA.o)
 .bss           0x00000000        0x0 c:/program files (x86)/atmel/studio/7.0/toolchain/avr8/avr8-gnu-toolchain/bin/../lib/gcc/avr/5.4.0/../../../../avr/lib/avr51\libm.a(fp_pscA.o)
 .text          0x00000000        0x0 c:/program files (x86)/atmel/studio/7.0/toolchain/avr8/avr8-gnu-toolchain/bin/../lib/gcc/avr/5.4.0/../../../../avr/lib/avr51\libm.a(fp_pscB.o)
 .data          0x00000000        0x0 c:/program files (x86)/atmel/studio/7.0/toolchain/avr8/avr8-gnu-toolchain/bin/../lib/gcc/avr/5.4.0/../../../../avr/lib/avr51\libm.a(fp_pscB.o)
 .bss           0x00000000        0x0 c:/program files (x86)/atmel/studio/7.0/toolchain/avr8/avr8-gnu-toolchain/bin/../lib/gcc/avr/5.4.0/../../../../avr/lib/avr51\libm.a(fp_pscB.o)
 .text          0x00000000        0x0 c:/program files (x86)/atmel/studio/7.0/toolchain/avr8/avr8-gnu-toolchain/bin/../lib/gcc/avr/5.4.0/../../../../avr/lib/avr51\libm.a(fp_round.o)
 .data          0x00000000        0x0 c:/program files (x86)/atmel/studio/7.0/toolchain/avr8/avr8-gnu-toolchain/bin/../lib/gcc/avr/5.4.0/../../../../avr/lib/avr51\libm.a(fp_round.o)
 .bss           0x00000000        0x0 c:/program files (x86)/atmel/studio/7.0/toolchain/avr8/avr8-gnu-toolchain/bin/../lib/gcc/avr/5.4.0/../../../../avr/lib/avr51\libm.a(fp_round.o)
 .text          0x00000000        0x0 c:/program files (x86)/atmel/studio/7.0/toolchain/avr8/avr8-gnu-toolchain/bin/../lib/gcc/avr/5.4.0/../../../../avr/lib/avr51\libm.a(fp_split3.o)
 .data          0x00000000        0x0 c:/program files (x86)/atmel/studio/7.0/toolchain/avr8/avr8-gnu-toolchain/bin/../lib/gcc/avr/5.4.0/../../../../avr/lib/avr51\libm.a(fp_split3.o)
 .bss           0x00000000        0x0 c:/program files (x86)/atmel/studio/7.0/toolchain/avr8/avr8-gnu-toolchain/bin/../lib/gcc/avr/5.4.0/../../../../avr/lib/avr51\libm.a(fp_split3.o)
 .text          0x00000000        0x0 c:/program files (x86)/atmel/studio/7.0/toolchain/avr8/avr8-gnu-toolchain/bin/../lib/gcc/avr/5.4.0/../../../../avr/lib/avr51\libm.a(fp_zero.o)
 .data          0x00000000        0x0 c:/program files (x86)/atmel/studio/7.0/toolchain/avr8/avr8-gnu-toolchain/bin/../lib/gcc/avr/5.4.0/../../../../avr/lib/avr51\libm.a(fp_zero.o)
 .bss           0x00000000        0x0 c:/program files (x86)/atmel/studio/7.0/toolchain/avr8/avr8-gnu-toolchain/bin/../lib/gcc/avr/5.4.0/../../../../avr/lib/avr51\libm.a(fp_zero.o)
 .text          0x00000000        0x0 c:/program files (x86)/atmel/studio/7.0/toolchain/avr8/avr8-gnu-toolchain/bin/../lib/gcc/avr/5.4.0/avr51\libgcc.a(_divmodhi4.o)
 .data          0x00000000        0x0 c:/program files (x86)/atmel/studio/7.0/toolchain/avr8/avr8-gnu-toolchain/bin/../lib/gcc/avr/5.4.0/avr51\libgcc.a(_divmodhi4.o)
 .bss           0x00000000        0x0 c:/program files (x86)/atmel/studio/7.0/toolchain/avr8/avr8-gnu-toolchain/bin/../lib/gcc/avr/5.4.0/avr51\libgcc.a(_divmodhi4.o)
 .text.libgcc.mul
                0x00000000        0x0 c:/program files (x86)/atmel/studio/7.0/toolchain/avr8/avr8-gnu-toolchain/bin/../lib/gcc/avr/5.4.0/avr51\libgcc.a(_divmodhi4.o)
 .text.libgcc   0x00000000        0x0 c:/program files (x86)/atmel/studio/7.0/toolchain/avr8/avr8-gnu-toolchain/bin/../lib/gcc/avr/5.4.0/avr51\libgcc.a(_divmodhi4.o)
 .text.libgcc.prologue
                0x00000000        0x0 c:/program files (x86)/atmel/studio/7.0/toolchain/avr8/avr8-gnu-toolchain/bin/../lib/gcc/avr/5.4.0/avr51\libgcc.a(_divmodhi4.o)
 .text.libgcc.builtins
                0x00000000        0x0 c:/program files (x86)/atmel/studio/7.0/toolchain/avr8/avr8-gnu-toolchain/bin/../lib/gcc/avr/5.4.0/avr51\libgcc.a(_divmodhi4.o)
 .text.libgcc.fmul
                0x00000000        0x0 c:/program files (x86)/atmel/studio/7.0/toolchain/avr8/avr8-gnu-toolchain/bin/../lib/gcc/avr/5.4.0/avr51\libgcc.a(_divmodhi4.o)
 .text.libgcc.fixed
                0x00000000        0x0 c:/program files (x86)/atmel/studio/7.0/toolchain/avr8/avr8-gnu-toolchain/bin/../lib/gcc/avr/5.4.0/avr51\libgcc.a(_divmodhi4.o)
 .text          0x00000000        0x0 c:/program files (x86)/atmel/studio/7.0/toolchain/avr8/avr8-gnu-toolchain/bin/../lib/gcc/avr/5.4.0/avr51\libgcc.a(_udivmodsi4.o)
 .data          0x00000000        0x0 c:/program files (x86)/atmel/studio/7.0/toolchain/avr8/avr8-gnu-toolchain/bin/../lib/gcc/avr/5.4.0/avr51\libgcc.a(_udivmodsi4.o)
 .bss           0x00000000        0x0 c:/program files (x86)/atmel/studio/7.0/toolchain/avr8/avr8-gnu-toolchain/bin/../lib/gcc/avr/5.4.0/avr51\libgcc.a(_udivmodsi4.o)
 .text.libgcc.mul
                0x00000000        0x0 c:/program files (x86)/atmel/studio/7.0/toolchain/avr8/avr8-gnu-toolchain/bin/../lib/gcc/avr/5.4.0/avr51\libgcc.a(_udivmodsi4.o)
 .text.libgcc   0x00000000        0x0 c:/program files (x86)/atmel/studio/7.0/toolchain/avr8/avr8-gnu-toolchain/bin/../lib/gcc/avr/5.4.0/avr51\libgcc.a(_udivmodsi4.o)
 .text.libgcc.prologue
                0x00000000        0x0 c:/program files (x86)/atmel/studio/7.0/toolchain/avr8/avr8-gnu-toolchain/bin/../lib/gcc/avr/5.4.0/avr51\libgcc.a(_udivmodsi4.o)
 .text.libgcc.builtins
                0x00000000        0x0 c:/program files (x86)/atmel/studio/7.0/toolchain/avr8/avr8-gnu-toolchain/bin/../lib/gcc/avr/5.4.0/avr51\libgcc.a(_udivmodsi4.o)
 .text.libgcc.fmul
                0x00000000        0x0 c:/program files (x86)/atmel/studio/7.0/toolchain/avr8/avr8-gnu-toolchain/bin/../lib/gcc/avr/5.4.0/avr51\libgcc.a(_udivmodsi4.o)
 .text.libgcc.fixed
                0x00000000        0x0 c:/program files (x86)/atmel/studio/7.0/toolchain/avr8/avr8-gnu-toolchain/bin/../lib/gcc/avr/5.4.0/avr51\libgcc.a(_udivmodsi4.o)
 .text          0x00000000        0x0 c:/program files (x86)/atmel/studio/7.0/toolchain/avr8/avr8-gnu-toolchain/bin/../lib/gcc/avr/5.4.0/avr51\libgcc.a(_exit.o)
 .data          0x00000000        0x0 c:/program files (x86)/atmel/studio/7.0/toolchain/avr8/avr8-gnu-toolchain/bin/../lib/gcc/avr/5.4.0/avr51\libgcc.a(_exit.o)
 .bss           0x00000000        0x0 c:/program files (x86)/atmel/studio/7.0/toolchain/avr8/avr8-gnu-toolchain/bin/../lib/gcc/avr/5.4.0/avr51\libgcc.a(_exit.o)
 .text.libgcc.mul
                0x00000000        0x0 c:/program files (x86)/atmel/studio/7.0/toolchain/avr8/avr8-gnu-toolchain/bin/../lib/gcc/avr/5.4.0/avr51\libgcc.a(_exit.o)
 .text.libgcc.div
                0x00000000        0x0 c:/program files (x86)/atmel/studio/7.0/toolchain/avr8/avr8-gnu-toolchain/bin/../lib/gcc/avr/5.4.0/avr51\libgcc.a(_exit.o)
 .text.libgcc   0x00000000        0x0 c:/program files (x86)/atmel/studio/7.0/toolchain/avr8/avr8-gnu-toolchain/bin/../lib/gcc/avr/5.4.0/avr51\libgcc.a(_exit.o)
 .text.libgcc.prologue
                0x00000000        0x0 c:/program files (x86)/atmel/studio/7.0/toolchain/avr8/avr8-gnu-toolchain/bin/../lib/gcc/avr/5.4.0/avr51\libgcc.a(_exit.o)
 .text.libgcc.builtins
                0x00000000        0x0 c:/program files (x86)/atmel/studio/7.0/toolchain/avr8/avr8-gnu-toolchain/bin/../lib/gcc/avr/5.4.0/avr51\libgcc.a(_exit.o)
 .text.libgcc.fmul
                0x00000000        0x0 c:/program files (x86)/atmel/studio/7.0/toolchain/avr8/avr8-gnu-toolchain/bin/../lib/gcc/avr/5.4.0/avr51\libgcc.a(_exit.o)
 .text.libgcc.fixed
                0x00000000        0x0 c:/program files (x86)/atmel/studio/7.0/toolchain/avr8/avr8-gnu-toolchain/bin/../lib/gcc/avr/5.4.0/avr51\libgcc.a(_exit.o)
 .text          0x00000000        0x0 c:/program files (x86)/atmel/studio/7.0/toolchain/avr8/avr8-gnu-toolchain/bin/../lib/gcc/avr/5.4.0/avr51\libgcc.a(_tablejump2.o)
 .data          0x00000000        0x0 c:/program files (x86)/atmel/studio/7.0/toolchain/avr8/avr8-gnu-toolchain/bin/../lib/gcc/avr/5.4.0/avr51\libgcc.a(_tablejump2.o)
 .bss           0x00000000        0x0 c:/program files (x86)/atmel/studio/7.0/toolchain/avr8/avr8-gnu-toolchain/bin/../lib/gcc/avr/5.4.0/avr51\libgcc.a(_tablejump2.o)
 .text.libgcc.mul
                0x00000000        0x0 c:/program files (x86)/atmel/studio/7.0/toolchain/avr8/avr8-gnu-toolchain/bin/../lib/gcc/avr/5.4.0/avr51\libgcc.a(_tablejump2.o)
 .text.libgcc.div
                0x00000000        0x0 c:/program files (x86)/atmel/studio/7.0/toolchain/avr8/avr8-gnu-toolchain/bin/../lib/gcc/avr/5.4.0/avr51\libgcc.a(_tablejump2.o)
 .text.libgcc.prologue
                0x00000000        0x0 c:/program files (x86)/atmel/studio/7.0/toolchain/avr8/avr8-gnu-toolchain/bin/../lib/gcc/avr/5.4.0/avr51\libgcc.a(_tablejump2.o)
 .text.libgcc.builtins
                0x00000000        0x0 c:/program files (x86)/atmel/studio/7.0/toolchain/avr8/avr8-gnu-toolchain/bin/../lib/gcc/avr/5.4.0/avr51\libgcc.a(_tablejump2.o)
 .text.libgcc.fmul
                0x00000000        0x0 c:/program files (x86)/atmel/studio/7.0/toolchain/avr8/avr8-gnu-toolchain/bin/../lib/gcc/avr/5.4.0/avr51\libgcc.a(_tablejump2.o)
 .text.libgcc.fixed
                0x00000000        0x0 c:/program files (x86)/atmel/studio/7.0/toolchain/avr8/avr8-gnu-toolchain/bin/../lib/gcc/avr/5.4.0/avr51\libgcc.a(_tablejump2.o)
 .text          0x00000000        0x0 c:/program files (x86)/atmel/studio/7.0/toolchain/avr8/avr8-gnu-toolchain/bin/../lib/gcc/avr/5.4.0/avr51\libgcc.a(_copy_data.o)
 .data          0x00000000        0x0 c:/program files (x86)/atmel/studio/7.0/toolchain/avr8/avr8-gnu-toolchain/bin/../lib/gcc/avr/5.4.0/avr51\libgcc.a(_copy_data.o)
 .bss           0x00000000        0x0 c:/program files (x86)/atmel/studio/7.0/toolchain/avr8/avr8-gnu-toolchain/bin/../lib/gcc/avr/5.4.0/avr51\libgcc.a(_copy_data.o)
 .text.libgcc.mul
                0x00000000        0x0 c:/program files (x86)/atmel/studio/7.0/toolchain/avr8/avr8-gnu-toolchain/bin/../lib/gcc/avr/5.4.0/avr51\libgcc.a(_copy_data.o)
 .text.libgcc.div
                0x00000000        0x0 c:/program files (x86)/atmel/studio/7.0/toolchain/avr8/avr8-gnu-toolchain/bin/../lib/gcc/avr/5.4.0/avr51\libgcc.a(_copy_data.o)
 .text.libgcc   0x00000000        0x0 c:/program files (x86)/atmel/studio/7.0/toolchain/avr8/avr8-gnu-toolchain/bin/../lib/gcc/avr/5.4.0/avr51\libgcc.a(_copy_data.o)
 .text.libgcc.prologue
                0x00000000        0x0 c:/program files (x86)/atmel/studio/7.0/toolchain/avr8/avr8-gnu-toolchain/bin/../lib/gcc/avr/5.4.0/avr51\libgcc.a(_copy_data.o)
 .text.libgcc.builtins
                0x00000000        0x0 c:/program files (x86)/atmel/studio/7.0/toolchain/avr8/avr8-gnu-toolchain/bin/../lib/gcc/avr/5.4.0/avr51\libgcc.a(_copy_data.o)
 .text.libgcc.fmul
                0x00000000        0x0 c:/program files (x86)/atmel/studio/7.0/toolchain/avr8/avr8-gnu-toolchain/bin/../lib/gcc/avr/5.4.0/avr51\libgcc.a(_copy_data.o)
 .text.libgcc.fixed
                0x00000000        0x0 c:/program files (x86)/atmel/studio/7.0/toolchain/avr8/avr8-gnu-toolchain/bin/../lib/gcc/avr/5.4.0/avr51\libgcc.a(_copy_data.o)
 .text          0x00000000        0x0 c:/program files (x86)/atmel/studio/7.0/toolchain/avr8/avr8-gnu-toolchain/bin/../lib/gcc/avr/5.4.0/avr51\libgcc.a(_clear_bss.o)
 .data          0x00000000        0x0 c:/program files (x86)/atmel/studio/7.0/toolchain/avr8/avr8-gnu-toolchain/bin/../lib/gcc/avr/5.4.0/avr51\libgcc.a(_clear_bss.o)
 .bss           0x00000000        0x0 c:/program files (x86)/atmel/studio/7.0/toolchain/avr8/avr8-gnu-toolchain/bin/../lib/gcc/avr/5.4.0/avr51\libgcc.a(_clear_bss.o)
 .text.libgcc.mul
                0x00000000        0x0 c:/program files (x86)/atmel/studio/7.0/toolchain/avr8/avr8-gnu-toolchain/bin/../lib/gcc/avr/5.4.0/avr51\libgcc.a(_clear_bss.o)
 .text.libgcc.div
                0x00000000        0x0 c:/program files (x86)/atmel/studio/7.0/toolchain/avr8/avr8-gnu-toolchain/bin/../lib/gcc/avr/5.4.0/avr51\libgcc.a(_clear_bss.o)
 .text.libgcc   0x00000000        0x0 c:/program files (x86)/atmel/studio/7.0/toolchain/avr8/avr8-gnu-toolchain/bin/../lib/gcc/avr/5.4.0/avr51\libgcc.a(_clear_bss.o)
 .text.libgcc.prologue
                0x00000000        0x0 c:/program files (x86)/atmel/studio/7.0/toolchain/avr8/avr8-gnu-toolchain/bin/../lib/gcc/avr/5.4.0/avr51\libgcc.a(_clear_bss.o)
 .text.libgcc.builtins
                0x00000000        0x0 c:/program files (x86)/atmel/studio/7.0/toolchain/avr8/avr8-gnu-toolchain/bin/../lib/gcc/avr/5.4.0/avr51\libgcc.a(_clear_bss.o)
 .text.libgcc.fmul
                0x00000000        0x0 c:/program files (x86)/atmel/studio/7.0/toolchain/avr8/avr8-gnu-toolchain/bin/../lib/gcc/avr/5.4.0/avr51\libgcc.a(_clear_bss.o)
 .text.libgcc.fixed
                0x00000000        0x0 c:/program files (x86)/atmel/studio/7.0/toolchain/avr8/avr8-gnu-toolchain/bin/../lib/gcc/avr/5.4.0/avr51\libgcc.a(_clear_bss.o)
 .text          0x00000000        0x0 c:/program files (x86)/atmel/studio/7.0/toolchain/avr8/avr8-gnu-toolchain/bin/../lib/gcc/avr/5.4.0/avr51\libgcc.a(_udivmodhi4.o)
 .data          0x00000000        0x0 c:/program files (x86)/atmel/studio/7.0/toolchain/avr8/avr8-gnu-toolchain/bin/../lib/gcc/avr/5.4.0/avr51\libgcc.a(_udivmodhi4.o)
 .bss           0x00000000        0x0 c:/program files (x86)/atmel/studio/7.0/toolchain/avr8/avr8-gnu-toolchain/bin/../lib/gcc/avr/5.4.0/avr51\libgcc.a(_udivmodhi4.o)
 .text.libgcc.mul
                0x00000000        0x0 c:/program files (x86)/atmel/studio/7.0/toolchain/avr8/avr8-gnu-toolchain/bin/../lib/gcc/avr/5.4.0/avr51\libgcc.a(_udivmodhi4.o)
 .text.libgcc   0x00000000        0x0 c:/program files (x86)/atmel/studio/7.0/toolchain/avr8/avr8-gnu-toolchain/bin/../lib/gcc/avr/5.4.0/avr51\libgcc.a(_udivmodhi4.o)
 .text.libgcc.prologue
                0x00000000        0x0 c:/program files (x86)/atmel/studio/7.0/toolchain/avr8/avr8-gnu-toolchain/bin/../lib/gcc/avr/5.4.0/avr51\libgcc.a(_udivmodhi4.o)
 .text.libgcc.builtins
                0x00000000        0x0 c:/program files (x86)/atmel/studio/7.0/toolchain/avr8/avr8-gnu-toolchain/bin/../lib/gcc/avr/5.4.0/avr51\libgcc.a(_udivmodhi4.o)
 .text.libgcc.fmul
                0x00000000        0x0 c:/program files (x86)/atmel/studio/7.0/toolchain/avr8/avr8-gnu-toolchain/bin/../lib/gcc/avr/5.4.0/avr51\libgcc.a(_udivmodhi4.o)
 .text.libgcc.fixed
                0x00000000        0x0 c:/program files (x86)/atmel/studio/7.0/toolchain/avr8/avr8-gnu-toolchain/bin/../lib/gcc/avr/5.4.0/avr51\libgcc.a(_udivmodhi4.o)
 .text          0x00000000        0x0 c:/program files (x86)/atmel/studio/7.0/toolchain/avr8/avr8-gnu-toolchain/bin/../lib/gcc/avr/5.4.0/../../../../avr/lib/avr51\libc.a(vsnprintf.o)
 .data          0x00000000        0x0 c:/program files (x86)/atmel/studio/7.0/toolchain/avr8/avr8-gnu-toolchain/bin/../lib/gcc/avr/5.4.0/../../../../avr/lib/avr51\libc.a(vsnprintf.o)
 .bss           0x00000000        0x0 c:/program files (x86)/atmel/studio/7.0/toolchain/avr8/avr8-gnu-toolchain/bin/../lib/gcc/avr/5.4.0/../../../../avr/lib/avr51\libc.a(vsnprintf.o)
 .text.avr-libc
                0x00000000       0x72 c:/program files (x86)/atmel/studio/7.0/toolchain/avr8/avr8-gnu-toolchain/bin/../lib/gcc/avr/5.4.0/../../../../avr/lib/avr51\libc.a(vsnprintf.o)
 .comment       0x00000000       0x31 c:/program files (x86)/atmel/studio/7.0/toolchain/avr8/avr8-gnu-toolchain/bin/../lib/gcc/avr/5.4.0/../../../../avr/lib/avr51\libc.a(vsnprintf.o)
 .text          0x00000000        0x0 c:/program files (x86)/atmel/studio/7.0/toolchain/avr8/avr8-gnu-toolchain/bin/../lib/gcc/avr/5.4.0/../../../../avr/lib/avr51\libc.a(vfprintf_std.o)
 .data          0x00000000        0x0 c:/program files (x86)/atmel/studio/7.0/toolchain/avr8/avr8-gnu-toolchain/bin/../lib/gcc/avr/5.4.0/../../../../avr/lib/avr51\libc.a(vfprintf_std.o)
 .bss           0x00000000        0x0 c:/program files (x86)/atmel/studio/7.0/toolchain/avr8/avr8-gnu-toolchain/bin/../lib/gcc/avr/5.4.0/../../../../avr/lib/avr51\libc.a(vfprintf_std.o)
 .text.avr-libc
                0x00000000      0x414 c:/program files (x86)/atmel/studio/7.0/toolchain/avr8/avr8-gnu-toolchain/bin/../lib/gcc/avr/5.4.0/../../../../avr/lib/avr51\libc.a(vfprintf_std.o)
 .comment       0x00000000       0x2d c:/program files (x86)/atmel/studio/7.0/toolchain/avr8/avr8-gnu-toolchain/bin/../lib/gcc/avr/5.4.0/../../../../avr/lib/avr51\libc.a(vfprintf_std.o)
 .text          0x00000000        0x0 c:/program files (x86)/atmel/studio/7.0/toolchain/avr8/avr8-gnu-toolchain/bin/../lib/gcc/avr/5.4.0/../../../../avr/lib/avr51\libc.a(strnlen_P.o)
 .data          0x00000000        0x0 c:/program files (x86)/atmel/studio/7.0/toolchain/avr8/avr8-gnu-toolchain/bin/../lib/gcc/avr/5.4.0/../../../../avr/lib/avr51\libc.a(strnlen_P.o)
 .bss           0x00000000        0x0 c:/program files (x86)/atmel/studio/7.0/toolchain/avr8/avr8-gnu-toolchain/bin/../lib/gcc/avr/5.4.0/../../../../avr/lib/avr51\libc.a(strnlen_P.o)
 .text.avr-libc
                0x00000000       0x16 c:/program files (x86)/atmel/studio/7.0/toolchain/avr8/avr8-gnu-toolchain/bin/../lib/gcc/avr/5.4.0/../../../../avr/lib/avr51\libc.a(strnlen_P.o)
 .text          0x00000000        0x0 c:/program files (x86)/atmel/studio/7.0/toolchain/avr8/avr8-gnu-toolchain/bin/../lib/gcc/avr/5.4.0/../../../../avr/lib/avr51\libc.a(strnlen.o)
 .data          0x00000000        0x0 c:/program files (x86)/atmel/studio/7.0/toolchain/avr8/avr8-gnu-toolchain/bin/../lib/gcc/avr/5.4.0/../../../../avr/lib/avr51\libc.a(strnlen.o)
 .bss           0x00000000        0x0 c:/program files (x86)/atmel/studio/7.0/toolchain/avr8/avr8-gnu-toolchain/bin/../lib/gcc/avr/5.4.0/../../../../avr/lib/avr51\libc.a(strnlen.o)
 .text.avr-libc
                0x00000000       0x16 c:/program files (x86)/atmel/studio/7.0/toolchain/avr8/avr8-gnu-toolchain/bin/../lib/gcc/avr/5.4.0/../../../../avr/lib/avr51\libc.a(strnlen.o)
 .text          0x00000000        0x0 c:/program files (x86)/atmel/studio/7.0/toolchain/avr8/avr8-gnu-toolchain/bin/../lib/gcc/avr/5.4.0/../../../../avr/lib/avr51\libc.a(fputc.o)
 .data          0x00000000        0x0 c:/program files (x86)/atmel/studio/7.0/toolchain/avr8/avr8-gnu-toolchain/bin/../lib/gcc/avr/5.4.0/../../../../avr/lib/avr51\libc.a(fputc.o)
 .bss           0x00000000        0x0 c:/program files (x86)/atmel/studio/7.0/toolchain/avr8/avr8-gnu-toolchain/bin/../lib/gcc/avr/5.4.0/../../../../avr/lib/avr51\libc.a(fputc.o)
 .text.avr-libc
                0x00000000       0x78 c:/program files (x86)/atmel/studio/7.0/toolchain/avr8/avr8-gnu-toolchain/bin/../lib/gcc/avr/5.4.0/../../../../avr/lib/avr51\libc.a(fputc.o)
 .comment       0x00000000       0x31 c:/program files (x86)/atmel/studio/7.0/toolchain/avr8/avr8-gnu-toolchain/bin/../lib/gcc/avr/5.4.0/../../../../avr/lib/avr51\libc.a(fputc.o)
 .text          0x00000000        0x0 c:/program files (x86)/atmel/studio/7.0/toolchain/avr8/avr8-gnu-toolchain/bin/../lib/gcc/avr/5.4.0/../../../../avr/lib/avr51\libc.a(ultoa_invert.o)
 .data          0x00000000        0x0 c:/program files (x86)/atmel/studio/7.0/toolchain/avr8/avr8-gnu-toolchain/bin/../lib/gcc/avr/5.4.0/../../../../avr/lib/avr51\libc.a(ultoa_invert.o)
 .bss           0x00000000        0x0 c:/program files (x86)/atmel/studio/7.0/toolchain/avr8/avr8-gnu-toolchain/bin/../lib/gcc/avr/5.4.0/../../../../avr/lib/avr51\libc.a(ultoa_invert.o)
 .text.avr-libc
                0x00000000       0xbc c:/program files (x86)/atmel/studio/7.0/toolchain/avr8/avr8-gnu-toolchain/bin/../lib/gcc/avr/5.4.0/../../../../avr/lib/avr51\libc.a(ultoa_invert.o)

Memory Configuration

Name             Origin             Length             Attributes
text             0x00000000         0x00020000         xr
data             0x00800100         0x0000ff00         rw !x
eeprom           0x00810000         0x00010000         rw !x
fuse             0x00820000         0x00000003         rw !x
lock             0x00830000         0x00000400         rw !x
signature        0x00840000         0x00000400         rw !x
user_signatures  0x00850000         0x00000400         rw !x
*default*        0x00000000         0xffffffff

Linker script and memory map

Address of section .data set to 0x800100
LOAD C:/Program Files (x86)/Atmel/Studio/7.0/Packs/atmel/ATmega_DFP/1.3.300/gcc/dev/atmega128/avr51/crtatmega128.o
LOAD src/ap/ap.o
LOAD src/bsp/atmega128_it.o
LOAD src/bsp/bsp.o
LOAD src/common/core/qbuffer.o
LOAD src/hw/driver/ctc.o
LOAD src/hw/driver/drivemotor.o
LOAD src/hw/driver/drivemotor/a4988.o
LOAD src/hw/driver/gpio.o
LOAD src/hw/driver/pwm.o
LOAD src/hw/driver/ros_server.o
LOAD src/hw/driver/ros/ros.o
LOAD src/hw/driver/ros/ros_uart.o
LOAD src/hw/driver/uart.o
LOAD src/hw/hw.o
LOAD src/lib/Drivers/Src/atmega128_DRV.o
LOAD src/lib/Drivers/Src/atmega128_DRV_gpio.o
LOAD src/lib/Drivers/Src/atmega128_DRV_timer.o
LOAD src/lib/Drivers/Src/atmega128_DRV_uart.o
LOAD src/main.o
START GROUP
LOAD c:/program files (x86)/atmel/studio/7.0/toolchain/avr8/avr8-gnu-toolchain/bin/../lib/gcc/avr/5.4.0/../../../../avr/lib/avr51\libm.a
END GROUP
START GROUP
LOAD c:/program files (x86)/atmel/studio/7.0/toolchain/avr8/avr8-gnu-toolchain/bin/../lib/gcc/avr/5.4.0/avr51\libgcc.a
LOAD c:/program files (x86)/atmel/studio/7.0/toolchain/avr8/avr8-gnu-toolchain/bin/../lib/gcc/avr/5.4.0/../../../../avr/lib/avr51\libm.a
LOAD c:/program files (x86)/atmel/studio/7.0/toolchain/avr8/avr8-gnu-toolchain/bin/../lib/gcc/avr/5.4.0/../../../../avr/lib/avr51\libc.a
LOAD C:/Program Files (x86)/Atmel/Studio/7.0/Packs/atmel/ATmega_DFP/1.3.300/gcc/dev/atmega128/avr51\libatmega128.a
END GROUP
                0x00000000                __TEXT_REGION_ORIGIN__ = DEFINED (__TEXT_REGION_ORIGIN__)?__TEXT_REGION_ORIGIN__:0x0
                0x00800100                __DATA_REGION_ORIGIN__ = DEFINED (__DATA_REGION_ORIGIN__)?__DATA_REGION_ORIGIN__:0x800100
                0x00020000                __TEXT_REGION_LENGTH__ = DEFINED (__TEXT_REGION_LENGTH__)?__TEXT_REGION_LENGTH__:0x20000
                0x0000ff00                __DATA_REGION_LENGTH__ = DEFINED (__DATA_REGION_LENGTH__)?__DATA_REGION_LENGTH__:0xff00
                0x00010000                __EEPROM_REGION_LENGTH__ = DEFINED (__EEPROM_REGION_LENGTH__)?__EEPROM_REGION_LENGTH__:0x10000
                [0x00000003]                __FUSE_REGION_LENGTH__ = DEFINED (__FUSE_REGION_LENGTH__)?__FUSE_REGION_LENGTH__:0x400
                0x00000400                __LOCK_REGION_LENGTH__ = DEFINED (__LOCK_REGION_LENGTH__)?__LOCK_REGION_LENGTH__:0x400
                0x00000400                __SIGNATURE_REGION_LENGTH__ = DEFINED (__SIGNATURE_REGION_LENGTH__)?__SIGNATURE_REGION_LENGTH__:0x400
                0x00000400                __USER_SIGNATURE_REGION_LENGTH__ = DEFINED (__USER_SIGNATURE_REGION_LENGTH__)?__USER_SIGNATURE_REGION_LENGTH__:0x400

.hash
 *(.hash)

.dynsym
 *(.dynsym)

.dynstr
 *(.dynstr)

.gnu.version
 *(.gnu.version)

.gnu.version_d
 *(.gnu.version_d)

.gnu.version_r
 *(.gnu.version_r)

.rel.init
 *(.rel.init)

.rela.init
 *(.rela.init)

.rel.text
 *(.rel.text)
 *(.rel.text.*)
 *(.rel.gnu.linkonce.t*)

.rela.text
 *(.rela.text)
 *(.rela.text.*)
 *(.rela.gnu.linkonce.t*)

.rel.fini
 *(.rel.fini)

.rela.fini
 *(.rela.fini)

.rel.rodata
 *(.rel.rodata)
 *(.rel.rodata.*)
 *(.rel.gnu.linkonce.r*)

.rela.rodata
 *(.rela.rodata)
 *(.rela.rodata.*)
 *(.rela.gnu.linkonce.r*)

.rel.data
 *(.rel.data)
 *(.rel.data.*)
 *(.rel.gnu.linkonce.d*)

.rela.data
 *(.rela.data)
 *(.rela.data.*)
 *(.rela.gnu.linkonce.d*)

.rel.ctors
 *(.rel.ctors)

.rela.ctors
 *(.rela.ctors)

.rel.dtors
 *(.rel.dtors)

.rela.dtors
 *(.rela.dtors)

.rel.got
 *(.rel.got)

.rela.got
 *(.rela.got)

.rel.bss
 *(.rel.bss)

.rela.bss
 *(.rela.bss)

.rel.plt
 *(.rel.plt)

.rela.plt
 *(.rela.plt)

.text           0x00000000     0x2ad8
 *(.vectors)
 .vectors       0x00000000       0x8c C:/Program Files (x86)/Atmel/Studio/7.0/Packs/atmel/ATmega_DFP/1.3.300/gcc/dev/atmega128/avr51/crtatmega128.o
                0x00000000                __vector_default
                0x00000000                __vectors
 *(.vectors)
 *(.progmem.gcc*)
 .progmem.gcc_sw_table.rosReceivePacket
                0x0000008c       0x12 src/hw/driver/ros/ros.o
 .progmem.gcc_sw_table.TIM0_CLK_Configuration
                0x0000009e        0xe src/lib/Drivers/Src/atmega128_DRV_timer.o
                0x000000ac                . = ALIGN (0x2)
                0x000000ac                __trampolines_start = .
 *(.trampolines)
 .trampolines   0x000000ac        0x0 linker stubs
 *(.trampolines*)
                0x000000ac                __trampolines_end = .
 *libprintf_flt.a:*(.progmem.data)
 *libc.a:*(.progmem.data)
 *(.progmem*)
                0x000000ac                . = ALIGN (0x2)
 *(.jumptables)
 *(.jumptables*)
 *(.lowtext)
 *(.lowtext*)
                0x000000ac                __ctors_start = .
 *(.ctors)
                0x000000ac                __ctors_end = .
                0x000000ac                __dtors_start = .
 *(.dtors)
                0x000000ac                __dtors_end = .
 SORT(*)(.ctors)
 SORT(*)(.dtors)
 *(.init0)
 .init0         0x000000ac        0x0 C:/Program Files (x86)/Atmel/Studio/7.0/Packs/atmel/ATmega_DFP/1.3.300/gcc/dev/atmega128/avr51/crtatmega128.o
                0x000000ac                __init
 *(.init0)
 *(.init1)
 *(.init1)
 *(.init2)
 .init2         0x000000ac        0xc C:/Program Files (x86)/Atmel/Studio/7.0/Packs/atmel/ATmega_DFP/1.3.300/gcc/dev/atmega128/avr51/crtatmega128.o
 *(.init2)
 *(.init3)
 *(.init3)
 *(.init4)
 .init4         0x000000b8       0x1a c:/program files (x86)/atmel/studio/7.0/toolchain/avr8/avr8-gnu-toolchain/bin/../lib/gcc/avr/5.4.0/avr51\libgcc.a(_copy_data.o)
                0x000000b8                __do_copy_data
 .init4         0x000000d2       0x10 c:/program files (x86)/atmel/studio/7.0/toolchain/avr8/avr8-gnu-toolchain/bin/../lib/gcc/avr/5.4.0/avr51\libgcc.a(_clear_bss.o)
                0x000000d2                __do_clear_bss
 *(.init4)
 *(.init5)
 *(.init5)
 *(.init6)
 *(.init6)
 *(.init7)
 *(.init7)
 *(.init8)
 *(.init8)
 *(.init9)
 .init9         0x000000e2        0x8 C:/Program Files (x86)/Atmel/Studio/7.0/Packs/atmel/ATmega_DFP/1.3.300/gcc/dev/atmega128/avr51/crtatmega128.o
 *(.init9)
 *(.text)
 .text          0x000000ea        0x2 C:/Program Files (x86)/Atmel/Studio/7.0/Packs/atmel/ATmega_DFP/1.3.300/gcc/dev/atmega128/avr51/crtatmega128.o
                0x000000ea                __vector_22
                0x000000ea                __vector_1
                0x000000ea                __vector_34
                0x000000ea                __bad_interrupt
                0x000000ea                __vector_6
                0x000000ea                __vector_31
                0x000000ea                __vector_3
                0x000000ea                __vector_23
                0x000000ea                __vector_17
                0x000000ea                __vector_19
                0x000000ea                __vector_7
                0x000000ea                __vector_5
                0x000000ea                __vector_33
                0x000000ea                __vector_4
                0x000000ea                __vector_2
                0x000000ea                __vector_21
                0x000000ea                __vector_8
                0x000000ec                . = ALIGN (0x2)
 *(.text.*)
 .text.apInit   0x000000ec        0x4 src/ap/ap.o
                0x000000ec                apInit
 .text.apMain   0x000000f0        0x6 src/ap/ap.o
                0x000000f0                apMain
 .text.__vector_18
                0x000000f6       0x54 src/bsp/atmega128_it.o
                0x000000f6                __vector_18
 .text.__vector_20
                0x0000014a       0x54 src/bsp/atmega128_it.o
                0x0000014a                __vector_20
 .text.__vector_30
                0x0000019e       0x54 src/bsp/atmega128_it.o
                0x0000019e                __vector_30
 .text.__vector_32
                0x000001f2       0x54 src/bsp/atmega128_it.o
                0x000001f2                __vector_32
 .text.__vector_16
                0x00000246       0x54 src/bsp/atmega128_it.o
                0x00000246                __vector_16
 .text.__vector_15
                0x0000029a       0x54 src/bsp/atmega128_it.o
                0x0000029a                __vector_15
 .text.__vector_14
                0x000002ee       0x14 src/bsp/atmega128_it.o
                0x000002ee                __vector_14
 .text.__vector_12
                0x00000302       0x14 src/bsp/atmega128_it.o
                0x00000302                __vector_12
 .text.__vector_13
                0x00000316       0x14 src/bsp/atmega128_it.o
                0x00000316                __vector_13
 .text.__vector_24
                0x0000032a       0x14 src/bsp/atmega128_it.o
                0x0000032a                __vector_24
 .text.__vector_11
                0x0000033e       0x14 src/bsp/atmega128_it.o
                0x0000033e                __vector_11
 .text.__vector_10
                0x00000352       0x54 src/bsp/atmega128_it.o
                0x00000352                __vector_10
 .text.__vector_9
                0x000003a6       0x54 src/bsp/atmega128_it.o
                0x000003a6                __vector_9
 .text.__vector_29
                0x000003fa       0x14 src/bsp/atmega128_it.o
                0x000003fa                __vector_29
 .text.__vector_26
                0x0000040e       0x14 src/bsp/atmega128_it.o
                0x0000040e                __vector_26
 .text.__vector_27
                0x00000422       0x14 src/bsp/atmega128_it.o
                0x00000422                __vector_27
 .text.__vector_28
                0x00000436       0x14 src/bsp/atmega128_it.o
                0x00000436                __vector_28
 .text.__vector_25
                0x0000044a       0x14 src/bsp/atmega128_it.o
                0x0000044a                __vector_25
 .text.bspInit  0x0000045e        0x2 src/bsp/bsp.o
                0x0000045e                bspInit
 .text.qbufferCreate
                0x00000460       0x22 src/common/core/qbuffer.o
                0x00000460                qbufferCreate
 .text.qbufferWrite
                0x00000482      0x14c src/common/core/qbuffer.o
                0x00000482                qbufferWrite
 .text.qbufferRead
                0x000005ce       0xc8 src/common/core/qbuffer.o
                0x000005ce                qbufferRead
 .text.qbufferAvailable
                0x00000696       0x34 src/common/core/qbuffer.o
                0x00000696                qbufferAvailable
 .text.qbufferFlush
                0x000006ca       0x14 src/common/core/qbuffer.o
                0x000006ca                qbufferFlush
 .text.ctcInit  0x000006de       0x3e src/hw/driver/ctc.o
                0x000006de                ctcInit
 .text.ctcBegin
                0x0000071c      0x204 src/hw/driver/ctc.o
                0x0000071c                ctcBegin
 .text.ctcStart
                0x00000920       0xa2 src/hw/driver/ctc.o
                0x00000920                ctcStart
 .text.ctcStop  0x000009c2       0xa2 src/hw/driver/ctc.o
                0x000009c2                ctcStop
 .text.ctcSetTcnt
                0x00000a64       0xdc src/hw/driver/ctc.o
                0x00000a64                ctcSetTcnt
 .text.ctcSetOcr
                0x00000b40       0xda src/hw/driver/ctc.o
                0x00000b40                ctcSetOcr
 .text.motorRun
                0x00000c1a       0x1e src/hw/driver/drivemotor.o
                0x00000c1a                motorRun
 .text.motorStop
                0x00000c38       0x1e src/hw/driver/drivemotor.o
                0x00000c38                motorStop
 .text.motorBreak
                0x00000c56       0x1e src/hw/driver/drivemotor.o
                0x00000c56                motorBreak
 .text.motorSetSpeed
                0x00000c74       0x52 src/hw/driver/drivemotor.o
                0x00000c74                motorSetSpeed
 .text.motorGetSpeed
                0x00000cc6       0x54 src/hw/driver/drivemotor.o
                0x00000cc6                motorGetSpeed
 .text.motorSetMotionState
                0x00000d1a       0x80 src/hw/driver/drivemotor.o
                0x00000d1a                motorSetMotionState
 .text.motorInit
                0x00000d9a       0x4e src/hw/driver/drivemotor.o
                0x00000d9a                motorInit
 .text.motorAdvance
                0x00000de8        0x8 src/hw/driver/drivemotor.o
                0x00000de8                motorAdvance
 .text.motorGoBackward
                0x00000df0        0x8 src/hw/driver/drivemotor.o
                0x00000df0                motorGoBackward
 .text.motorSpin
                0x00000df8       0x12 src/hw/driver/drivemotor.o
                0x00000df8                motorSpin
 .text.motorSteering
                0x00000e0a      0x280 src/hw/driver/drivemotor.o
                0x00000e0a                motorSteering
 .text.a4988GetDirection
                0x0000108a       0x50 src/hw/driver/drivemotor/a4988.o
                0x0000108a                a4988GetDirection
 .text.a4988GetSpeed
                0x000010da       0x20 src/hw/driver/drivemotor/a4988.o
                0x000010da                a4988GetSpeed
 .text.a4988SetCallBack
                0x000010fa        0x2 src/hw/driver/drivemotor/a4988.o
                0x000010fa                a4988SetCallBack
 .text.a4988Init
                0x000010fc       0xc2 src/hw/driver/drivemotor/a4988.o
                0x000010fc                a4988Init
 .text.a4988SetDirection
                0x000011be       0x86 src/hw/driver/drivemotor/a4988.o
                0x000011be                a4988SetDirection
 .text.a4988SetSpeed
                0x00001244       0x58 src/hw/driver/drivemotor/a4988.o
                0x00001244                a4988SetSpeed
 .text.a4988DriverInit
                0x0000129c       0x4e src/hw/driver/drivemotor/a4988.o
                0x0000129c                a4988DriverInit
 .text.a4988Enable
                0x000012ea        0xa src/hw/driver/drivemotor/a4988.o
                0x000012ea                a4988Enable
 .text.a4988Start
                0x000012f4       0x2c src/hw/driver/drivemotor/a4988.o
                0x000012f4                a4988Start
 .text.a4988Disable
                0x00001320        0xa src/hw/driver/drivemotor/a4988.o
                0x00001320                a4988Disable
 .text.a4988Stop
                0x0000132a       0x2c src/hw/driver/drivemotor/a4988.o
                0x0000132a                a4988Stop
 .text.a4988Hold
                0x00001356        0x6 src/hw/driver/drivemotor/a4988.o
                0x00001356                a4988Hold
 .text.gpioPinMode
                0x0000135c       0x4c src/hw/driver/gpio.o
                0x0000135c                gpioPinMode
 .text.gpioInit
                0x000013a8       0x28 src/hw/driver/gpio.o
                0x000013a8                gpioInit
 .text.gpioPinWrite
                0x000013d0       0x46 src/hw/driver/gpio.o
                0x000013d0                gpioPinWrite
 .text.pwmInit  0x00001416       0x26 src/hw/driver/pwm.o
                0x00001416                pwmInit
 .text.hold     0x0000143c        0x4 src/hw/driver/ros_server.o
                0x0000143c                hold
 .text.stop     0x00001440       0x18 src/hw/driver/ros_server.o
                0x00001440                stop
 .text.advance  0x00001458        0xa src/hw/driver/ros_server.o
                0x00001458                advance
 .text.reverse  0x00001462        0xa src/hw/driver/ros_server.o
                0x00001462                reverse
 .text.turn     0x0000146c       0x1c src/hw/driver/ros_server.o
                0x0000146c                turn
 .text.steering
                0x00001488       0x14 src/hw/driver/ros_server.o
                0x00001488                steering
 .text.rosServerInit
                0x0000149c       0x56 src/hw/driver/ros_server.o
                0x0000149c                rosServerInit
 .text.rosServerRun
                0x000014f2       0x22 src/hw/driver/ros_server.o
                0x000014f2                rosServerRun
 .text.rosInit  0x00001514        0x4 src/hw/driver/ros/ros.o
                0x00001514                rosInit
 .text.rosLoadDriver
                0x00001518        0xa src/hw/driver/ros/ros.o
                0x00001518                rosLoadDriver
 .text.rosOpen  0x00001522       0x5a src/hw/driver/ros/ros.o
                0x00001522                rosOpen
 .text.rosReceivePacket
                0x0000157c      0x16a src/hw/driver/ros/ros.o
                0x0000157c                rosReceivePacket
 .text.rosAddService
                0x000016e6       0x24 src/hw/driver/ros/ros.o
                0x000016e6                rosAddService
 .text.rosCallService
                0x0000170a       0x20 src/hw/driver/ros/ros.o
                0x0000170a                rosCallService
 .text.close    0x0000172a        0x4 src/hw/driver/ros/ros_uart.o
                0x0000172a                close
 .text.open     0x0000172e        0xe src/hw/driver/ros/ros_uart.o
                0x0000172e                open
 .text.available
                0x0000173c       0x12 src/hw/driver/ros/ros_uart.o
                0x0000173c                available
 .text.write    0x0000174e       0x12 src/hw/driver/ros/ros_uart.o
                0x0000174e                write
 .text.read     0x00001760        0xe src/hw/driver/ros/ros_uart.o
                0x00001760                read
 .text.flush    0x0000176e        0xe src/hw/driver/ros/ros_uart.o
                0x0000176e                flush
 .text.rosUartDriver
                0x0000177c       0x3a src/hw/driver/ros/ros_uart.o
                0x0000177c                rosUartDriver
 .text.uartInit
                0x000017b6        0x4 src/hw/driver/uart.o
                0x000017b6                uartInit
 .text.uartOpen
                0x000017ba       0xba src/hw/driver/uart.o
                0x000017ba                uartOpen
 .text.uartAvailable
                0x00001874       0x26 src/hw/driver/uart.o
                0x00001874                uartAvailable
 .text.uartRead
                0x0000189a       0x5e src/hw/driver/uart.o
                0x0000189a                uartRead
 .text.uartWrite
                0x000018f8       0x6e src/hw/driver/uart.o
                0x000018f8                uartWrite
 .text.uartFlush
                0x00001966       0x20 src/hw/driver/uart.o
                0x00001966                uartFlush
 .text.UART_TxCpltCallback
                0x00001986        0x2 src/hw/driver/uart.o
                0x00001986                UART_TxCpltCallback
 .text.UART_RxCpltCallback
                0x00001988       0x3a src/hw/driver/uart.o
                0x00001988                UART_RxCpltCallback
 .text.hwInit   0x000019c2       0x14 src/hw/hw.o
                0x000019c2                hwInit
 .text.GPIO_Init
                0x000019d6       0x76 src/lib/Drivers/Src/atmega128_DRV_gpio.o
                0x000019d6                GPIO_Init
 .text.GPIO_WritePin
                0x00001a4c       0x68 src/lib/Drivers/Src/atmega128_DRV_gpio.o
                0x00001a4c                GPIO_WritePin
 .text.TIM8_Base_Init
                0x00001ab4       0xa6 src/lib/Drivers/Src/atmega128_DRV_timer.o
                0x00001ab4                TIM8_Base_Init
 .text.TIM8_OC_Init
                0x00001b5a      0x132 src/lib/Drivers/Src/atmega128_DRV_timer.o
                0x00001b5a                TIM8_OC_Init
 .text.TIM8_OC_Stop
                0x00001c8c       0x2a src/lib/Drivers/Src/atmega128_DRV_timer.o
                0x00001c8c                TIM8_OC_Stop
 .text.TIM16_OC_Stop
                0x00001cb6       0x2a src/lib/Drivers/Src/atmega128_DRV_timer.o
                0x00001cb6                TIM16_OC_Stop
 .text.TIM0_CLK_Configuration
                0x00001ce0      0x124 src/lib/Drivers/Src/atmega128_DRV_timer.o
                0x00001ce0                TIM0_CLK_Configuration
 .text.TIM2_CLK_Configuration
                0x00001e04       0xd8 src/lib/Drivers/Src/atmega128_DRV_timer.o
                0x00001e04                TIM2_CLK_Configuration
 .text.TIM8_OC_Start
                0x00001edc       0x48 src/lib/Drivers/Src/atmega128_DRV_timer.o
                0x00001edc                TIM8_OC_Start
 .text.TIM1_CLK_Configuration
                0x00001f24       0xd8 src/lib/Drivers/Src/atmega128_DRV_timer.o
                0x00001f24                TIM1_CLK_Configuration
 .text.TIM3_CLK_Configuration
                0x00001ffc       0xd8 src/lib/Drivers/Src/atmega128_DRV_timer.o
                0x00001ffc                TIM3_CLK_Configuration
 .text.TIM16_OC_Start
                0x000020d4       0x22 src/lib/Drivers/Src/atmega128_DRV_timer.o
                0x000020d4                TIM16_OC_Start
 .text.TIM0_OVF_ElapsedCallback
                0x000020f6        0x2 src/lib/Drivers/Src/atmega128_DRV_timer.o
                0x000020f6                TIM0_OVF_ElapsedCallback
 .text.TIM0_OVF_IRQHandler
                0x000020f8        0x4 src/lib/Drivers/Src/atmega128_DRV_timer.o
                0x000020f8                TIM0_OVF_IRQHandler
 .text.TIM2_OVF_ElapsedCallback
                0x000020fc        0x2 src/lib/Drivers/Src/atmega128_DRV_timer.o
                0x000020fc                TIM2_OVF_ElapsedCallback
 .text.TIM2_OVF_IRQHandler
                0x000020fe        0x4 src/lib/Drivers/Src/atmega128_DRV_timer.o
                0x000020fe                TIM2_OVF_IRQHandler
 .text.TIM0_OC_ElapsedCallback
                0x00002102        0x2 src/lib/Drivers/Src/atmega128_DRV_timer.o
                0x00002102                TIM0_OC_ElapsedCallback
 .text.TIM0_OC_IRQHandler
                0x00002104        0x4 src/lib/Drivers/Src/atmega128_DRV_timer.o
                0x00002104                TIM0_OC_IRQHandler
 .text.TIM2_OC_ElapsedCallback
                0x00002108        0x2 src/lib/Drivers/Src/atmega128_DRV_timer.o
                0x00002108                TIM2_OC_ElapsedCallback
 .text.TIM2_OC_IRQHandler
                0x0000210a        0x4 src/lib/Drivers/Src/atmega128_DRV_timer.o
                0x0000210a                TIM2_OC_IRQHandler
 .text.UART_Init
                0x0000210e      0x3fa src/lib/Drivers/Src/atmega128_DRV_uart.o
                0x0000210e                UART_Init
 .text.UART_Transmit
                0x00002508       0xcc src/lib/Drivers/Src/atmega128_DRV_uart.o
                0x00002508                UART_Transmit
 .text.UART_Receive
                0x000025d4       0xd8 src/lib/Drivers/Src/atmega128_DRV_uart.o
                0x000025d4                UART_Receive
 .text.UART_Receive_IT
                0x000026ac       0x38 src/lib/Drivers/Src/atmega128_DRV_uart.o
                0x000026ac                UART_Receive_IT
 .text.UART_TxIRQHandler
                0x000026e4        0x4 src/lib/Drivers/Src/atmega128_DRV_uart.o
                0x000026e4                UART_TxIRQHandler
 .text.UART_RxIRQHandler
                0x000026e8       0x2a src/lib/Drivers/Src/atmega128_DRV_uart.o
                0x000026e8                UART_RxIRQHandler
 .text.main     0x00002712       0x10 src/main.o
                0x00002712                main
 .text.avr-libc.fplib
                0x00002722        0xa c:/program files (x86)/atmel/studio/7.0/toolchain/avr8/avr8-gnu-toolchain/bin/../lib/gcc/avr/5.4.0/../../../../avr/lib/avr51\libm.a(addsf3.o)
                0x00002722                __subsf3
                0x00002724                __addsf3
 .text.avr-libc.fplib
                0x0000272c       0xc0 c:/program files (x86)/atmel/studio/7.0/toolchain/avr8/avr8-gnu-toolchain/bin/../lib/gcc/avr/5.4.0/../../../../avr/lib/avr51\libm.a(addsf3x.o)
                0x00002746                __addsf3x
 .text.avr-libc.fplib
                0x000027ec        0x4 c:/program files (x86)/atmel/studio/7.0/toolchain/avr8/avr8-gnu-toolchain/bin/../lib/gcc/avr/5.4.0/../../../../avr/lib/avr51\libm.a(divsf3.o)
                0x000027ec                __divsf3
 .text.avr-libc.fplib
                0x000027f0       0xcc c:/program files (x86)/atmel/studio/7.0/toolchain/avr8/avr8-gnu-toolchain/bin/../lib/gcc/avr/5.4.0/../../../../avr/lib/avr51\libm.a(divsf3x.o)
                0x00002806                __divsf3x
                0x0000280a                __divsf3_pse
 .text.avr-libc.fplib
                0x000028bc       0x58 c:/program files (x86)/atmel/studio/7.0/toolchain/avr8/avr8-gnu-toolchain/bin/../lib/gcc/avr/5.4.0/../../../../avr/lib/avr51\libm.a(fixunssfsi.o)
                0x000028bc                __fixunssfsi
 .text.avr-libc.fplib
                0x00002914       0x7a c:/program files (x86)/atmel/studio/7.0/toolchain/avr8/avr8-gnu-toolchain/bin/../lib/gcc/avr/5.4.0/../../../../avr/lib/avr51\libm.a(floatsisf.o)
                0x00002914                __floatunsisf
                0x00002918                __floatsisf
 .text.avr-libc.fplib
                0x0000298e        0xc c:/program files (x86)/atmel/studio/7.0/toolchain/avr8/avr8-gnu-toolchain/bin/../lib/gcc/avr/5.4.0/../../../../avr/lib/avr51\libm.a(fp_inf.o)
                0x0000298e                __fp_inf
 .text.avr-libc.fplib
                0x0000299a        0x6 c:/program files (x86)/atmel/studio/7.0/toolchain/avr8/avr8-gnu-toolchain/bin/../lib/gcc/avr/5.4.0/../../../../avr/lib/avr51\libm.a(fp_nan.o)
                0x0000299a                __fp_nan
 .text.avr-libc.fplib
                0x000029a0        0xe c:/program files (x86)/atmel/studio/7.0/toolchain/avr8/avr8-gnu-toolchain/bin/../lib/gcc/avr/5.4.0/../../../../avr/lib/avr51\libm.a(fp_pscA.o)
                0x000029a0                __fp_pscA
 .text.avr-libc.fplib
                0x000029ae        0xe c:/program files (x86)/atmel/studio/7.0/toolchain/avr8/avr8-gnu-toolchain/bin/../lib/gcc/avr/5.4.0/../../../../avr/lib/avr51\libm.a(fp_pscB.o)
                0x000029ae                __fp_pscB
 .text.avr-libc.fplib
                0x000029bc       0x22 c:/program files (x86)/atmel/studio/7.0/toolchain/avr8/avr8-gnu-toolchain/bin/../lib/gcc/avr/5.4.0/../../../../avr/lib/avr51\libm.a(fp_round.o)
                0x000029bc                __fp_round
 .text.avr-libc.fplib
                0x000029de       0x44 c:/program files (x86)/atmel/studio/7.0/toolchain/avr8/avr8-gnu-toolchain/bin/../lib/gcc/avr/5.4.0/../../../../avr/lib/avr51\libm.a(fp_split3.o)
                0x000029de                __fp_split3
                0x000029ee                __fp_splitA
 .text.avr-libc.fplib
                0x00002a22        0xe c:/program files (x86)/atmel/studio/7.0/toolchain/avr8/avr8-gnu-toolchain/bin/../lib/gcc/avr/5.4.0/../../../../avr/lib/avr51\libm.a(fp_zero.o)
                0x00002a22                __fp_zero
                0x00002a24                __fp_szero
 .text.libgcc.div
                0x00002a30       0x26 c:/program files (x86)/atmel/studio/7.0/toolchain/avr8/avr8-gnu-toolchain/bin/../lib/gcc/avr/5.4.0/avr51\libgcc.a(_divmodhi4.o)
                0x00002a30                _div
                0x00002a30                __divmodhi4
 .text.libgcc.div
                0x00002a56       0x44 c:/program files (x86)/atmel/studio/7.0/toolchain/avr8/avr8-gnu-toolchain/bin/../lib/gcc/avr/5.4.0/avr51\libgcc.a(_udivmodsi4.o)
                0x00002a56                __udivmodsi4
 .text.libgcc   0x00002a9a       0x12 c:/program files (x86)/atmel/studio/7.0/toolchain/avr8/avr8-gnu-toolchain/bin/../lib/gcc/avr/5.4.0/avr51\libgcc.a(_tablejump2.o)
                0x00002a9a                __tablejump2__
 .text.libgcc.div
                0x00002aac       0x28 c:/program files (x86)/atmel/studio/7.0/toolchain/avr8/avr8-gnu-toolchain/bin/../lib/gcc/avr/5.4.0/avr51\libgcc.a(_udivmodhi4.o)
                0x00002aac                __udivmodhi4
                0x00002ad4                . = ALIGN (0x2)
 *(.fini9)
 .fini9         0x00002ad4        0x0 c:/program files (x86)/atmel/studio/7.0/toolchain/avr8/avr8-gnu-toolchain/bin/../lib/gcc/avr/5.4.0/avr51\libgcc.a(_exit.o)
                0x00002ad4                _exit
                0x00002ad4                exit
 *(.fini9)
 *(.fini8)
 *(.fini8)
 *(.fini7)
 *(.fini7)
 *(.fini6)
 *(.fini6)
 *(.fini5)
 *(.fini5)
 *(.fini4)
 *(.fini4)
 *(.fini3)
 *(.fini3)
 *(.fini2)
 *(.fini2)
 *(.fini1)
 *(.fini1)
 *(.fini0)
 .fini0         0x00002ad4        0x4 c:/program files (x86)/atmel/studio/7.0/toolchain/avr8/avr8-gnu-toolchain/bin/../lib/gcc/avr/5.4.0/avr51\libgcc.a(_exit.o)
 *(.fini0)
                0x00002ad8                _etext = .

.data           0x00800100       0x9c load address 0x00002ad8
                0x00800100                PROVIDE (__data_start, .)
 *(.data)
 *(.data*)
 .data.gpio_tbl
                0x00800100       0x1e src/hw/driver/gpio.o
                0x00800100                gpio_tbl
 .data.GPIO_descripter
                0x0080011e       0x2a src/lib/Drivers/Src/atmega128_DRV_gpio.o
                0x0080011e                GPIO_descripter
 .data.TIM16_descripter
                0x00800148       0x2c src/lib/Drivers/Src/atmega128_DRV_timer.o
                0x00800148                TIM16_descripter
 .data.TIM8_descripter
                0x00800174       0x10 src/lib/Drivers/Src/atmega128_DRV_timer.o
                0x00800174                TIM8_descripter
 .data.USART_descripter
                0x00800184       0x18 src/lib/Drivers/Src/atmega128_DRV_uart.o
                0x00800184                USART_descripter
 *(.gnu.linkonce.d*)
 *(.rodata)
 *(.rodata*)
 *(.gnu.linkonce.r*)
                0x0080019c                . = ALIGN (0x2)
                0x0080019c                _edata = .
                0x0080019c                PROVIDE (__data_end, .)

.bss            0x0080019c      0x663
                0x0080019c                PROVIDE (__bss_start, .)
 *(.bss)
 *(.bss*)
 .bss.power_.2663
                0x0080019c        0x2 src/hw/driver/drivemotor.o
 .bss.is_init   0x0080019e        0x1 src/hw/driver/drivemotor.o
 .bss.motor     0x0080019f       0x12 src/hw/driver/drivemotor.o
 .bss.rx_data   0x008001b1        0x2 src/hw/driver/uart.o
 .bss.rx_buf    0x008001b3      0x200 src/hw/driver/uart.o
 .bss.qbuffer   0x008003b3       0x1c src/hw/driver/uart.o
 *(COMMON)
 COMMON         0x008003cf       0x90 src/hw/driver/ctc.o
                0x008003cf                htim4
                0x008003d8                htim1_oc
                0x008003dd                htim3
                0x008003e6                htim3_oc
                0x008003ef                htim1
                0x008003f6                ctc_tbl
                0x0080044a                htim4_oc
                0x00800453                htim2
                0x0080045a                htim2_oc
 COMMON         0x0080045f       0x16 src/hw/driver/drivemotor/a4988.o
                0x0080045f                h_a4988_1
                0x00800465                h_a4988_2
                0x0080046b                a4988_tbl
 COMMON         0x00800475       0x3c src/hw/driver/pwm.o
                0x00800475                pwm_tbl
                0x00800499                htim3_pwm
                0x008004a1                htim4_pwm
                0x008004a9                htim2_pwm
                0x008004ad                htim1_pwm
 COMMON         0x008004b1      0x320 src/hw/driver/ros_server.o
                0x008004b1                ros_handle
 COMMON         0x008007d1       0x2e src/hw/driver/uart.o
                0x008007d1                huart1
                0x008007e8                huart2
                0x008007ff                PROVIDE (__bss_end, .)
                0x00002ad8                __data_load_start = LOADADDR (.data)
                0x00002b74                __data_load_end = (__data_load_start + SIZEOF (.data))

.noinit         0x008007ff        0x0
                [!provide]                PROVIDE (__noinit_start, .)
 *(.noinit*)
                [!provide]                PROVIDE (__noinit_end, .)
                0x008007ff                _end = .
                [!provide]                PROVIDE (__heap_start, .)

.eeprom         0x00810000        0x0
 *(.eeprom*)
                0x00810000                __eeprom_end = .

.fuse
 *(.fuse)
 *(.lfuse)
 *(.hfuse)
 *(.efuse)

.lock
 *(.lock*)

.signature
 *(.signature*)

.user_signatures
 *(.user_signatures*)

.stab
 *(.stab)

.stabstr
 *(.stabstr)

.stab.excl
 *(.stab.excl)

.stab.exclstr
 *(.stab.exclstr)

.stab.index
 *(.stab.index)

.stab.indexstr
 *(.stab.indexstr)

.comment        0x00000000       0x30
 *(.comment)
 .comment       0x00000000       0x30 src/ap/ap.o
                                 0x31 (size before relaxing)
 .comment       0x00000030       0x31 src/bsp/atmega128_it.o
 .comment       0x00000030       0x31 src/bsp/bsp.o
 .comment       0x00000030       0x31 src/common/core/qbuffer.o
 .comment       0x00000030       0x31 src/hw/driver/ctc.o
 .comment       0x00000030       0x31 src/hw/driver/drivemotor.o
 .comment       0x00000030       0x31 src/hw/driver/drivemotor/a4988.o
 .comment       0x00000030       0x31 src/hw/driver/gpio.o
 .comment       0x00000030       0x31 src/hw/driver/pwm.o
 .comment       0x00000030       0x31 src/hw/driver/ros_server.o
 .comment       0x00000030       0x31 src/hw/driver/ros/ros.o
 .comment       0x00000030       0x31 src/hw/driver/ros/ros_uart.o
 .comment       0x00000030       0x31 src/hw/driver/uart.o
 .comment       0x00000030       0x31 src/hw/hw.o
 .comment       0x00000030       0x31 src/lib/Drivers/Src/atmega128_DRV_gpio.o
 .comment       0x00000030       0x31 src/lib/Drivers/Src/atmega128_DRV_timer.o
 .comment       0x00000030       0x31 src/lib/Drivers/Src/atmega128_DRV_uart.o
 .comment       0x00000030       0x31 src/main.o

.note.gnu.avr.deviceinfo
                0x00000000       0x3c
 .note.gnu.avr.deviceinfo
                0x00000000       0x3c C:/Program Files (x86)/Atmel/Studio/7.0/Packs/atmel/ATmega_DFP/1.3.300/gcc/dev/atmega128/avr51/crtatmega128.o

.note.gnu.build-id
 *(.note.gnu.build-id)

.debug
 *(.debug)

.line
 *(.line)

.debug_srcinfo
 *(.debug_srcinfo)

.debug_sfnames
 *(.debug_sfnames)

.debug_aranges  0x00000000      0x7c0
 *(.debug_aranges)
 .debug_aranges
                0x00000000       0x28 src/ap/ap.o
 .debug_aranges
                0x00000028       0xa8 src/bsp/atmega128_it.o
 .debug_aranges
                0x000000d0       0x20 src/bsp/bsp.o
 .debug_aranges
                0x000000f0       0x48 src/common/core/qbuffer.o
 .debug_aranges
                0x00000138       0x80 src/hw/driver/ctc.o
 .debug_aranges
                0x000001b8       0x80 src/hw/driver/drivemotor.o
 .debug_aranges
                0x00000238       0x78 src/hw/driver/drivemotor/a4988.o
 .debug_aranges
                0x000002b0       0x40 src/hw/driver/gpio.o
 .debug_aranges
                0x000002f0       0x78 src/hw/driver/pwm.o
 .debug_aranges
                0x00000368       0x58 src/hw/driver/ros_server.o
 .debug_aranges
                0x000003c0       0x60 src/hw/driver/ros/ros.o
 .debug_aranges
                0x00000420       0x50 src/hw/driver/ros/ros_uart.o
 .debug_aranges
                0x00000470       0x68 src/hw/driver/uart.o
 .debug_aranges
                0x000004d8       0x20 src/hw/hw.o
 .debug_aranges
                0x000004f8       0x38 src/lib/Drivers/Src/atmega128_DRV_gpio.o
 .debug_aranges
                0x00000530      0x210 src/lib/Drivers/Src/atmega128_DRV_timer.o
 .debug_aranges
                0x00000740       0x60 src/lib/Drivers/Src/atmega128_DRV_uart.o
 .debug_aranges
                0x000007a0       0x20 src/main.o

.debug_pubnames
 *(.debug_pubnames)

.debug_info     0x00000000     0x712b
 *(.debug_info .gnu.linkonce.wi.*)
 .debug_info    0x00000000      0x780 C:/Program Files (x86)/Atmel/Studio/7.0/Packs/atmel/ATmega_DFP/1.3.300/gcc/dev/atmega128/avr51/crtatmega128.o
 .debug_info    0x00000780       0xbf src/ap/ap.o
 .debug_info    0x0000083f      0x4fd src/bsp/atmega128_it.o
 .debug_info    0x00000d3c       0x7f src/bsp/bsp.o
 .debug_info    0x00000dbb      0x2a9 src/common/core/qbuffer.o
 .debug_info    0x00001064      0xa9d src/hw/driver/ctc.o
 .debug_info    0x00001b01      0x7d2 src/hw/driver/drivemotor.o
 .debug_info    0x000022d3      0x70a src/hw/driver/drivemotor/a4988.o
 .debug_info    0x000029dd      0x304 src/hw/driver/gpio.o
 .debug_info    0x00002ce1      0x991 src/hw/driver/pwm.o
 .debug_info    0x00003672      0x746 src/hw/driver/ros_server.o
 .debug_info    0x00003db8      0x6d6 src/hw/driver/ros/ros.o
 .debug_info    0x0000448e      0x441 src/hw/driver/ros/ros_uart.o
 .debug_info    0x000048cf      0x8d8 src/hw/driver/uart.o
 .debug_info    0x000051a7      0x12c src/hw/hw.o
 .debug_info    0x000052d3      0x27c src/lib/Drivers/Src/atmega128_DRV_gpio.o
 .debug_info    0x0000554f     0x153f src/lib/Drivers/Src/atmega128_DRV_timer.o
 .debug_info    0x00006a8e      0x5c5 src/lib/Drivers/Src/atmega128_DRV_uart.o
 .debug_info    0x00007053       0xd8 src/main.o

.debug_abbrev   0x00000000     0x1f19
 *(.debug_abbrev)
 .debug_abbrev  0x00000000      0x718 C:/Program Files (x86)/Atmel/Studio/7.0/Packs/atmel/ATmega_DFP/1.3.300/gcc/dev/atmega128/avr51/crtatmega128.o
 .debug_abbrev  0x00000718       0x7e src/ap/ap.o
 .debug_abbrev  0x00000796       0xc5 src/bsp/atmega128_it.o
 .debug_abbrev  0x0000085b       0x44 src/bsp/bsp.o
 .debug_abbrev  0x0000089f      0x130 src/common/core/qbuffer.o
 .debug_abbrev  0x000009cf      0x23c src/hw/driver/ctc.o
 .debug_abbrev  0x00000c0b      0x1b6 src/hw/driver/drivemotor.o
 .debug_abbrev  0x00000dc1      0x1cc src/hw/driver/drivemotor/a4988.o
 .debug_abbrev  0x00000f8d      0x15d src/hw/driver/gpio.o
 .debug_abbrev  0x000010ea      0x1d9 src/hw/driver/pwm.o
 .debug_abbrev  0x000012c3      0x1bc src/hw/driver/ros_server.o
 .debug_abbrev  0x0000147f      0x1e5 src/hw/driver/ros/ros.o
 .debug_abbrev  0x00001664      0x10a src/hw/driver/ros/ros_uart.o
 .debug_abbrev  0x0000176e      0x207 src/hw/driver/uart.o
 .debug_abbrev  0x00001975       0x63 src/hw/hw.o
 .debug_abbrev  0x000019d8      0x130 src/lib/Drivers/Src/atmega128_DRV_gpio.o
 .debug_abbrev  0x00001b08      0x1cb src/lib/Drivers/Src/atmega128_DRV_timer.o
 .debug_abbrev  0x00001cd3      0x1e1 src/lib/Drivers/Src/atmega128_DRV_uart.o
 .debug_abbrev  0x00001eb4       0x65 src/main.o

.debug_line     0x00000000     0x4362
 *(.debug_line .debug_line.* .debug_line_end)
 .debug_line    0x00000000      0x169 C:/Program Files (x86)/Atmel/Studio/7.0/Packs/atmel/ATmega_DFP/1.3.300/gcc/dev/atmega128/avr51/crtatmega128.o
 .debug_line    0x00000169       0x83 src/ap/ap.o
 .debug_line    0x000001ec      0x2c8 src/bsp/atmega128_it.o
 .debug_line    0x000004b4       0x3c src/bsp/bsp.o
 .debug_line    0x000004f0      0x1bd src/common/core/qbuffer.o
 .debug_line    0x000006ad      0x646 src/hw/driver/ctc.o
 .debug_line    0x00000cf3      0x401 src/hw/driver/drivemotor.o
 .debug_line    0x000010f4      0x3a1 src/hw/driver/drivemotor/a4988.o
 .debug_line    0x00001495      0x1ab src/hw/driver/gpio.o
 .debug_line    0x00001640      0x5e1 src/hw/driver/pwm.o
 .debug_line    0x00001c21      0x280 src/hw/driver/ros_server.o
 .debug_line    0x00001ea1      0x3d6 src/hw/driver/ros/ros.o
 .debug_line    0x00002277      0x227 src/hw/driver/ros/ros_uart.o
 .debug_line    0x0000249e      0x3b2 src/hw/driver/uart.o
 .debug_line    0x00002850       0xd7 src/hw/hw.o
 .debug_line    0x00002927      0x193 src/lib/Drivers/Src/atmega128_DRV_gpio.o
 .debug_line    0x00002aba     0x13c5 src/lib/Drivers/Src/atmega128_DRV_timer.o
 .debug_line    0x00003e7f      0x46e src/lib/Drivers/Src/atmega128_DRV_uart.o
 .debug_line    0x000042ed       0x75 src/main.o

.debug_frame    0x00000000     0x13ac
 *(.debug_frame)
 .debug_frame   0x00000000       0x34 src/ap/ap.o
 .debug_frame   0x00000034      0x3ec src/bsp/atmega128_it.o
 .debug_frame   0x00000420       0x24 src/bsp/bsp.o
 .debug_frame   0x00000444      0x114 src/common/core/qbuffer.o
 .debug_frame   0x00000558       0xfc src/hw/driver/ctc.o
 .debug_frame   0x00000654      0x16c src/hw/driver/drivemotor.o
 .debug_frame   0x000007c0       0xfc src/hw/driver/drivemotor/a4988.o
 .debug_frame   0x000008bc       0x90 src/hw/driver/gpio.o
 .debug_frame   0x0000094c       0xec src/hw/driver/pwm.o
 .debug_frame   0x00000a38       0xac src/hw/driver/ros_server.o
 .debug_frame   0x00000ae4       0xf0 src/hw/driver/ros/ros.o
 .debug_frame   0x00000bd4       0x84 src/hw/driver/ros/ros_uart.o
 .debug_frame   0x00000c58       0xf8 src/hw/driver/uart.o
 .debug_frame   0x00000d50       0x24 src/hw/hw.o
 .debug_frame   0x00000d74       0x54 src/lib/Drivers/Src/atmega128_DRV_gpio.o
 .debug_frame   0x00000dc8      0x478 src/lib/Drivers/Src/atmega128_DRV_timer.o
 .debug_frame   0x00001240      0x148 src/lib/Drivers/Src/atmega128_DRV_uart.o
 .debug_frame   0x00001388       0x24 src/main.o

.debug_str      0x00000000     0x1975
 *(.debug_str)
 .debug_str     0x00000000      0x27d C:/Program Files (x86)/Atmel/Studio/7.0/Packs/atmel/ATmega_DFP/1.3.300/gcc/dev/atmega128/avr51/crtatmega128.o
 .debug_str     0x0000027d      0x158 src/ap/ap.o
                                0x191 (size before relaxing)
 .debug_str     0x000003d5      0x2a8 src/bsp/atmega128_it.o
                                0x41e (size before relaxing)
 .debug_str     0x0000067d       0x19 src/bsp/bsp.o
                                0x171 (size before relaxing)
 .debug_str     0x00000696       0x9b src/common/core/qbuffer.o
                                0x20a (size before relaxing)
 .debug_str     0x00000731      0x2b9 src/hw/driver/ctc.o
                                0x4bd (size before relaxing)
 .debug_str     0x000009ea      0x1d1 src/hw/driver/drivemotor.o
                                0x355 (size before relaxing)
 .debug_str     0x00000bbb      0x171 src/hw/driver/drivemotor/a4988.o
                                0x3ae (size before relaxing)
 .debug_str     0x00000d2c       0xf3 src/hw/driver/gpio.o
                                0x274 (size before relaxing)
 .debug_str     0x00000e1f      0x17f src/hw/driver/pwm.o
                                0x478 (size before relaxing)
 .debug_str     0x00000f9e      0x19e src/hw/driver/ros_server.o
                                0x3ba (size before relaxing)
 .debug_str     0x0000113c      0x176 src/hw/driver/ros/ros.o
                                0x418 (size before relaxing)
 .debug_str     0x000012b2       0x5f src/hw/driver/ros/ros_uart.o
                                0x245 (size before relaxing)
 .debug_str     0x00001311       0xe2 src/hw/driver/uart.o
                                0x3ec (size before relaxing)
 .debug_str     0x000013f3       0x16 src/hw/hw.o
                                0x1bf (size before relaxing)
 .debug_str     0x00001409       0x67 src/lib/Drivers/Src/atmega128_DRV_gpio.o
                                0x23a (size before relaxing)
 .debug_str     0x00001470      0x431 src/lib/Drivers/Src/atmega128_DRV_timer.o
                                0x862 (size before relaxing)
 .debug_str     0x000018a1       0xc1 src/lib/Drivers/Src/atmega128_DRV_uart.o
                                0x38b (size before relaxing)
 .debug_str     0x00001962       0x13 src/main.o
                                0x18f (size before relaxing)

.debug_loc      0x00000000     0x6032
 *(.debug_loc)
 .debug_loc     0x00000000      0x82e src/bsp/atmega128_it.o
 .debug_loc     0x0000082e      0x4e3 src/common/core/qbuffer.o
 .debug_loc     0x00000d11      0x95d src/hw/driver/ctc.o
 .debug_loc     0x0000166e      0x4fe src/hw/driver/drivemotor.o
 .debug_loc     0x00001b6c      0x58f src/hw/driver/drivemotor/a4988.o
 .debug_loc     0x000020fb      0x236 src/hw/driver/gpio.o
 .debug_loc     0x00002331      0xbbe src/hw/driver/pwm.o
 .debug_loc     0x00002eef      0x1dd src/hw/driver/ros_server.o
 .debug_loc     0x000030cc      0x759 src/hw/driver/ros/ros.o
 .debug_loc     0x00003825      0x351 src/hw/driver/ros/ros_uart.o
 .debug_loc     0x00003b76      0x5df src/hw/driver/uart.o
 .debug_loc     0x00004155      0x1b2 src/lib/Drivers/Src/atmega128_DRV_gpio.o
 .debug_loc     0x00004307     0x16c3 src/lib/Drivers/Src/atmega128_DRV_timer.o
 .debug_loc     0x000059ca      0x668 src/lib/Drivers/Src/atmega128_DRV_uart.o

.debug_macinfo
 *(.debug_macinfo)

.debug_weaknames
 *(.debug_weaknames)

.debug_funcnames
 *(.debug_funcnames)

.debug_typenames
 *(.debug_typenames)

.debug_varnames
 *(.debug_varnames)

.debug_pubtypes
 *(.debug_pubtypes)

.debug_ranges   0x00000000      0x6c0
 *(.debug_ranges)
 .debug_ranges  0x00000000       0x18 src/ap/ap.o
 .debug_ranges  0x00000018       0x98 src/bsp/atmega128_it.o
 .debug_ranges  0x000000b0       0x10 src/bsp/bsp.o
 .debug_ranges  0x000000c0       0x58 src/common/core/qbuffer.o
 .debug_ranges  0x00000118       0x70 src/hw/driver/ctc.o
 .debug_ranges  0x00000188       0x70 src/hw/driver/drivemotor.o
 .debug_ranges  0x000001f8       0x68 src/hw/driver/drivemotor/a4988.o
 .debug_ranges  0x00000260       0x30 src/hw/driver/gpio.o
 .debug_ranges  0x00000290       0x68 src/hw/driver/pwm.o
 .debug_ranges  0x000002f8       0x48 src/hw/driver/ros_server.o
 .debug_ranges  0x00000340       0x50 src/hw/driver/ros/ros.o
 .debug_ranges  0x00000390       0x40 src/hw/driver/ros/ros_uart.o
 .debug_ranges  0x000003d0       0x58 src/hw/driver/uart.o
 .debug_ranges  0x00000428       0x10 src/hw/hw.o
 .debug_ranges  0x00000438       0x28 src/lib/Drivers/Src/atmega128_DRV_gpio.o
 .debug_ranges  0x00000460      0x200 src/lib/Drivers/Src/atmega128_DRV_timer.o
 .debug_ranges  0x00000660       0x50 src/lib/Drivers/Src/atmega128_DRV_uart.o
 .debug_ranges  0x000006b0       0x10 src/main.o

.debug_macro
 *(.debug_macro)
OUTPUT(ATMEGA_fw.elf elf32-avr)
LOAD linker stubs
