Archive member included to satisfy reference by file (symbol)

c:/program files (x86)/atmel/studio/7.0/toolchain/avr8/avr8-gnu-toolchain/bin/../lib/gcc/avr/5.4.0/../../../../avr/lib/avr51\libm.a(addsf3.o)
                              src/lib/Drivers/Src/atmega128_DRV_uart.o (__subsf3)
c:/program files (x86)/atmel/studio/7.0/toolchain/avr8/avr8-gnu-toolchain/bin/../lib/gcc/avr/5.4.0/../../../../avr/lib/avr51\libm.a(addsf3x.o)
                              c:/program files (x86)/atmel/studio/7.0/toolchain/avr8/avr8-gnu-toolchain/bin/../lib/gcc/avr/5.4.0/../../../../avr/lib/avr51\libm.a(addsf3.o) (__addsf3x)
c:/program files (x86)/atmel/studio/7.0/toolchain/avr8/avr8-gnu-toolchain/bin/../lib/gcc/avr/5.4.0/../../../../avr/lib/avr51\libm.a(divsf3.o)
                              src/lib/Drivers/Src/atmega128_DRV_uart.o (__divsf3)
c:/program files (x86)/atmel/studio/7.0/toolchain/avr8/avr8-gnu-toolchain/bin/../lib/gcc/avr/5.4.0/../../../../avr/lib/avr51\libm.a(divsf3x.o)
                              c:/program files (x86)/atmel/studio/7.0/toolchain/avr8/avr8-gnu-toolchain/bin/../lib/gcc/avr/5.4.0/../../../../avr/lib/avr51\libm.a(divsf3.o) (__divsf3x)
c:/program files (x86)/atmel/studio/7.0/toolchain/avr8/avr8-gnu-toolchain/bin/../lib/gcc/avr/5.4.0/../../../../avr/lib/avr51\libm.a(fixunssfsi.o)
                              src/lib/Drivers/Src/atmega128_DRV_uart.o (__fixunssfsi)
c:/program files (x86)/atmel/studio/7.0/toolchain/avr8/avr8-gnu-toolchain/bin/../lib/gcc/avr/5.4.0/../../../../avr/lib/avr51\libm.a(floatsisf.o)
                              src/lib/Drivers/Src/atmega128_DRV_uart.o (__floatunsisf)
c:/program files (x86)/atmel/studio/7.0/toolchain/avr8/avr8-gnu-toolchain/bin/../lib/gcc/avr/5.4.0/../../../../avr/lib/avr51\libm.a(fp_inf.o)
                              c:/program files (x86)/atmel/studio/7.0/toolchain/avr8/avr8-gnu-toolchain/bin/../lib/gcc/avr/5.4.0/../../../../avr/lib/avr51\libm.a(addsf3x.o) (__fp_inf)
c:/program files (x86)/atmel/studio/7.0/toolchain/avr8/avr8-gnu-toolchain/bin/../lib/gcc/avr/5.4.0/../../../../avr/lib/avr51\libm.a(fp_nan.o)
                              c:/program files (x86)/atmel/studio/7.0/toolchain/avr8/avr8-gnu-toolchain/bin/../lib/gcc/avr/5.4.0/../../../../avr/lib/avr51\libm.a(addsf3x.o) (__fp_nan)
c:/program files (x86)/atmel/studio/7.0/toolchain/avr8/avr8-gnu-toolchain/bin/../lib/gcc/avr/5.4.0/../../../../avr/lib/avr51\libm.a(fp_pscA.o)
                              c:/program files (x86)/atmel/studio/7.0/toolchain/avr8/avr8-gnu-toolchain/bin/../lib/gcc/avr/5.4.0/../../../../avr/lib/avr51\libm.a(addsf3x.o) (__fp_pscA)
c:/program files (x86)/atmel/studio/7.0/toolchain/avr8/avr8-gnu-toolchain/bin/../lib/gcc/avr/5.4.0/../../../../avr/lib/avr51\libm.a(fp_pscB.o)
                              c:/program files (x86)/atmel/studio/7.0/toolchain/avr8/avr8-gnu-toolchain/bin/../lib/gcc/avr/5.4.0/../../../../avr/lib/avr51\libm.a(addsf3x.o) (__fp_pscB)
c:/program files (x86)/atmel/studio/7.0/toolchain/avr8/avr8-gnu-toolchain/bin/../lib/gcc/avr/5.4.0/../../../../avr/lib/avr51\libm.a(fp_round.o)
                              c:/program files (x86)/atmel/studio/7.0/toolchain/avr8/avr8-gnu-toolchain/bin/../lib/gcc/avr/5.4.0/../../../../avr/lib/avr51\libm.a(addsf3.o) (__fp_round)
c:/program files (x86)/atmel/studio/7.0/toolchain/avr8/avr8-gnu-toolchain/bin/../lib/gcc/avr/5.4.0/../../../../avr/lib/avr51\libm.a(fp_split3.o)
                              c:/program files (x86)/atmel/studio/7.0/toolchain/avr8/avr8-gnu-toolchain/bin/../lib/gcc/avr/5.4.0/../../../../avr/lib/avr51\libm.a(addsf3x.o) (__fp_split3)
c:/program files (x86)/atmel/studio/7.0/toolchain/avr8/avr8-gnu-toolchain/bin/../lib/gcc/avr/5.4.0/../../../../avr/lib/avr51\libm.a(fp_zero.o)
                              c:/program files (x86)/atmel/studio/7.0/toolchain/avr8/avr8-gnu-toolchain/bin/../lib/gcc/avr/5.4.0/../../../../avr/lib/avr51\libm.a(addsf3x.o) (__fp_zero)
c:/program files (x86)/atmel/studio/7.0/toolchain/avr8/avr8-gnu-toolchain/bin/../lib/gcc/avr/5.4.0/avr51\libgcc.a(_udivmodsi4.o)
                              src/common/core/qbuffer.o (__udivmodsi4)
c:/program files (x86)/atmel/studio/7.0/toolchain/avr8/avr8-gnu-toolchain/bin/../lib/gcc/avr/5.4.0/avr51\libgcc.a(_exit.o)
                              C:/Program Files (x86)/Atmel/Studio/7.0/Packs/atmel/ATmega_DFP/1.3.300/gcc/dev/atmega128/avr51/crtatmega128.o (exit)
c:/program files (x86)/atmel/studio/7.0/toolchain/avr8/avr8-gnu-toolchain/bin/../lib/gcc/avr/5.4.0/avr51\libgcc.a(_tablejump2.o)
                              src/lib/Drivers/Src/atmega128_DRV_timer.o (__tablejump2__)
c:/program files (x86)/atmel/studio/7.0/toolchain/avr8/avr8-gnu-toolchain/bin/../lib/gcc/avr/5.4.0/avr51\libgcc.a(_copy_data.o)
                              src/hw/driver/gpio.o (__do_copy_data)
c:/program files (x86)/atmel/studio/7.0/toolchain/avr8/avr8-gnu-toolchain/bin/../lib/gcc/avr/5.4.0/avr51\libgcc.a(_clear_bss.o)
                              src/hw/driver/timer.o (__do_clear_bss)
c:/program files (x86)/atmel/studio/7.0/toolchain/avr8/avr8-gnu-toolchain/bin/../lib/gcc/avr/5.4.0/../../../../avr/lib/avr51\libc.a(vsnprintf.o)
                              src/hw/driver/uart.o (vsnprintf)
c:/program files (x86)/atmel/studio/7.0/toolchain/avr8/avr8-gnu-toolchain/bin/../lib/gcc/avr/5.4.0/../../../../avr/lib/avr51\libc.a(vfprintf_std.o)
                              c:/program files (x86)/atmel/studio/7.0/toolchain/avr8/avr8-gnu-toolchain/bin/../lib/gcc/avr/5.4.0/../../../../avr/lib/avr51\libc.a(vsnprintf.o) (vfprintf)
c:/program files (x86)/atmel/studio/7.0/toolchain/avr8/avr8-gnu-toolchain/bin/../lib/gcc/avr/5.4.0/../../../../avr/lib/avr51\libc.a(strnlen_P.o)
                              c:/program files (x86)/atmel/studio/7.0/toolchain/avr8/avr8-gnu-toolchain/bin/../lib/gcc/avr/5.4.0/../../../../avr/lib/avr51\libc.a(vfprintf_std.o) (strnlen_P)
c:/program files (x86)/atmel/studio/7.0/toolchain/avr8/avr8-gnu-toolchain/bin/../lib/gcc/avr/5.4.0/../../../../avr/lib/avr51\libc.a(strnlen.o)
                              c:/program files (x86)/atmel/studio/7.0/toolchain/avr8/avr8-gnu-toolchain/bin/../lib/gcc/avr/5.4.0/../../../../avr/lib/avr51\libc.a(vfprintf_std.o) (strnlen)
c:/program files (x86)/atmel/studio/7.0/toolchain/avr8/avr8-gnu-toolchain/bin/../lib/gcc/avr/5.4.0/../../../../avr/lib/avr51\libc.a(fputc.o)
                              c:/program files (x86)/atmel/studio/7.0/toolchain/avr8/avr8-gnu-toolchain/bin/../lib/gcc/avr/5.4.0/../../../../avr/lib/avr51\libc.a(vfprintf_std.o) (fputc)
c:/program files (x86)/atmel/studio/7.0/toolchain/avr8/avr8-gnu-toolchain/bin/../lib/gcc/avr/5.4.0/../../../../avr/lib/avr51\libc.a(ultoa_invert.o)
                              c:/program files (x86)/atmel/studio/7.0/toolchain/avr8/avr8-gnu-toolchain/bin/../lib/gcc/avr/5.4.0/../../../../avr/lib/avr51\libc.a(vfprintf_std.o) (__ultoa_invert)

Allocating common symbols
Common symbol       size              file

htim4               0xe               src/hw/driver/timer.o
htim3               0xe               src/hw/driver/timer.o
is_open             0x2               src/hw/driver/timer.o
huart1              0x17              src/hw/driver/uart.o
htim1               0xe               src/hw/driver/timer.o
htim2               0xe               src/hw/driver/timer.o

Discarded input sections

 .data          0x00000000        0x0 C:/Program Files (x86)/Atmel/Studio/7.0/Packs/atmel/ATmega_DFP/1.3.300/gcc/dev/atmega128/avr51/crtatmega128.o
 .bss           0x00000000        0x0 C:/Program Files (x86)/Atmel/Studio/7.0/Packs/atmel/ATmega_DFP/1.3.300/gcc/dev/atmega128/avr51/crtatmega128.o
 .text          0x00000000        0x0 src/ap/ap.o
 .data          0x00000000        0x0 src/ap/ap.o
 .bss           0x00000000        0x0 src/ap/ap.o
 .text          0x00000000        0x0 src/bsp/atmega128_it.o
 .data          0x00000000        0x0 src/bsp/atmega128_it.o
 .bss           0x00000000        0x0 src/bsp/atmega128_it.o
 .text          0x00000000        0x0 src/bsp/bsp.o
 .data          0x00000000        0x0 src/bsp/bsp.o
 .bss           0x00000000        0x0 src/bsp/bsp.o
 .text          0x00000000        0x0 src/common/core/qbuffer.o
 .data          0x00000000        0x0 src/common/core/qbuffer.o
 .bss           0x00000000        0x0 src/common/core/qbuffer.o
 .text.qbufferInit
                0x00000000        0x2 src/common/core/qbuffer.o
 .text.qbufferCreate
                0x00000000       0x22 src/common/core/qbuffer.o
 .text.qbufferRead
                0x00000000       0xc8 src/common/core/qbuffer.o
 .text.qbufferAvailable
                0x00000000       0x34 src/common/core/qbuffer.o
 .text.qbufferFlush
                0x00000000       0x14 src/common/core/qbuffer.o
 .text          0x00000000        0x0 src/hw/driver/gpio.o
 .data          0x00000000        0x0 src/hw/driver/gpio.o
 .bss           0x00000000        0x0 src/hw/driver/gpio.o
 .text.gpioPinWrite
                0x00000000       0x4a src/hw/driver/gpio.o
 .text.gpioPinRead
                0x00000000       0x3a src/hw/driver/gpio.o
 .text          0x00000000        0x0 src/hw/driver/timer.o
 .data          0x00000000        0x0 src/hw/driver/timer.o
 .bss           0x00000000        0x0 src/hw/driver/timer.o
 .text.timerStop
                0x00000000       0x28 src/hw/driver/timer.o
 .text.timerGetTcnt
                0x00000000       0x3e src/hw/driver/timer.o
 .text.timerSetTcnt
                0x00000000       0x64 src/hw/driver/timer.o
 .text.timerGetOcr
                0x00000000       0x3e src/hw/driver/timer.o
 .text.timerGetIcr
                0x00000000       0x3e src/hw/driver/timer.o
 .text.timerSetIcr
                0x00000000       0x66 src/hw/driver/timer.o
 .text          0x00000000        0x0 src/hw/driver/uart.o
 .data          0x00000000        0x0 src/hw/driver/uart.o
 .bss           0x00000000        0x0 src/hw/driver/uart.o
 .text.uartOpen
                0x00000000       0x62 src/hw/driver/uart.o
 .text.uartAvailable
                0x00000000       0x16 src/hw/driver/uart.o
 .text.uartRead
                0x00000000       0x38 src/hw/driver/uart.o
 .text.uartWrite
                0x00000000       0x4c src/hw/driver/uart.o
 .text.uartPrintf
                0x00000000       0x60 src/hw/driver/uart.o
 .text.uartGetBaud
                0x00000000       0x1e src/hw/driver/uart.o
 .bss.rx_data   0x00000000        0x1 src/hw/driver/uart.o
 .bss.rx_buf    0x00000000      0x100 src/hw/driver/uart.o
 .text          0x00000000        0x0 src/hw/hw.o
 .data          0x00000000        0x0 src/hw/hw.o
 .bss           0x00000000        0x0 src/hw/hw.o
 .text          0x00000000        0x0 src/lib/Drivers/Src/atmega128_DRV.o
 .data          0x00000000        0x0 src/lib/Drivers/Src/atmega128_DRV.o
 .bss           0x00000000        0x0 src/lib/Drivers/Src/atmega128_DRV.o
 .debug_info    0x00000000       0x56 src/lib/Drivers/Src/atmega128_DRV.o
 .debug_abbrev  0x00000000       0x26 src/lib/Drivers/Src/atmega128_DRV.o
 .debug_aranges
                0x00000000       0x18 src/lib/Drivers/Src/atmega128_DRV.o
 .debug_line    0x00000000       0x1a src/lib/Drivers/Src/atmega128_DRV.o
 .debug_str     0x00000000      0x17a src/lib/Drivers/Src/atmega128_DRV.o
 .comment       0x00000000       0x31 src/lib/Drivers/Src/atmega128_DRV.o
 .text          0x00000000        0x0 src/lib/Drivers/Src/atmega128_DRV_gpio.o
 .data          0x00000000        0x0 src/lib/Drivers/Src/atmega128_DRV_gpio.o
 .bss           0x00000000        0x0 src/lib/Drivers/Src/atmega128_DRV_gpio.o
 .text.GPIO_ReadPin
                0x00000000       0x2e src/lib/Drivers/Src/atmega128_DRV_gpio.o
 .text.GPIO_WritePin
                0x00000000       0x68 src/lib/Drivers/Src/atmega128_DRV_gpio.o
 .text          0x00000000        0x0 src/lib/Drivers/Src/atmega128_DRV_timer.o
 .data          0x00000000        0x0 src/lib/Drivers/Src/atmega128_DRV_timer.o
 .bss           0x00000000        0x0 src/lib/Drivers/Src/atmega128_DRV_timer.o
 .text.TIM_Stop
                0x00000000       0x56 src/lib/Drivers/Src/atmega128_DRV_timer.o
 .text.TIM_Start_Normal_IT
                0x00000000       0x3a src/lib/Drivers/Src/atmega128_DRV_timer.o
 .text.TIM_Stop_Normal_IT
                0x00000000       0x3a src/lib/Drivers/Src/atmega128_DRV_timer.o
 .text.TIM_Start_OC_IT
                0x00000000       0x82 src/lib/Drivers/Src/atmega128_DRV_timer.o
 .text.TIM_Stop_OC_IT
                0x00000000       0x82 src/lib/Drivers/Src/atmega128_DRV_timer.o
 .text.TIM_Start_IC_IT
                0x00000000       0x24 src/lib/Drivers/Src/atmega128_DRV_timer.o
 .text.TIM_Stop_IC_IT
                0x00000000       0x24 src/lib/Drivers/Src/atmega128_DRV_timer.o
 .text.TIM0_OVF_ElapsedCallback
                0x00000000        0x2 src/lib/Drivers/Src/atmega128_DRV_timer.o
 .text.TIM1_OVF_ElapsedCallback
                0x00000000        0x2 src/lib/Drivers/Src/atmega128_DRV_timer.o
 .text.TIM1_OVF_IRQHandler
                0x00000000        0x6 src/lib/Drivers/Src/atmega128_DRV_timer.o
 .text.TIM2_OVF_ElapsedCallback
                0x00000000        0x2 src/lib/Drivers/Src/atmega128_DRV_timer.o
 .text.TIM3_OVF_ElapsedCallback
                0x00000000        0x2 src/lib/Drivers/Src/atmega128_DRV_timer.o
 .text.TIM3_OVF_IRQHandler
                0x00000000        0x6 src/lib/Drivers/Src/atmega128_DRV_timer.o
 .text.TIM1_OCA_ElapsedCallback
                0x00000000        0x2 src/lib/Drivers/Src/atmega128_DRV_timer.o
 .text.TIM1_OCA_IRQHandler
                0x00000000        0x6 src/lib/Drivers/Src/atmega128_DRV_timer.o
 .text.TIM1_OCB_ElapsedCallback
                0x00000000        0x2 src/lib/Drivers/Src/atmega128_DRV_timer.o
 .text.TIM1_OCB_IRQHandler
                0x00000000        0x6 src/lib/Drivers/Src/atmega128_DRV_timer.o
 .text.TIM1_OCC_ElapsedCallback
                0x00000000        0x2 src/lib/Drivers/Src/atmega128_DRV_timer.o
 .text.TIM1_OCC_IRQHandler
                0x00000000        0x6 src/lib/Drivers/Src/atmega128_DRV_timer.o
 .text.TIM3_OCA_ElapsedCallback
                0x00000000        0x2 src/lib/Drivers/Src/atmega128_DRV_timer.o
 .text.TIM3_OCA_IRQHandler
                0x00000000        0x6 src/lib/Drivers/Src/atmega128_DRV_timer.o
 .text.TIM3_OCB_ElapsedCallback
                0x00000000        0x2 src/lib/Drivers/Src/atmega128_DRV_timer.o
 .text.TIM3_OCB_IRQHandler
                0x00000000        0x6 src/lib/Drivers/Src/atmega128_DRV_timer.o
 .text.TIM3_OCC_ElapsedCallback
                0x00000000        0x2 src/lib/Drivers/Src/atmega128_DRV_timer.o
 .text.TIM3_OCC_IRQHandler
                0x00000000        0x6 src/lib/Drivers/Src/atmega128_DRV_timer.o
 .text          0x00000000        0x0 src/lib/Drivers/Src/atmega128_DRV_uart.o
 .data          0x00000000        0x0 src/lib/Drivers/Src/atmega128_DRV_uart.o
 .bss           0x00000000        0x0 src/lib/Drivers/Src/atmega128_DRV_uart.o
 .text.UART_Init
                0x00000000      0x40a src/lib/Drivers/Src/atmega128_DRV_uart.o
 .text.UART_Transmit
                0x00000000       0xcc src/lib/Drivers/Src/atmega128_DRV_uart.o
 .text.UART_Transmit_IT
                0x00000000       0x38 src/lib/Drivers/Src/atmega128_DRV_uart.o
 .text.UART_Receive_IT
                0x00000000       0x38 src/lib/Drivers/Src/atmega128_DRV_uart.o
 .text.UART_TxCpltCallback
                0x00000000        0x2 src/lib/Drivers/Src/atmega128_DRV_uart.o
 .text.UART_RxCpltCallback
                0x00000000        0x2 src/lib/Drivers/Src/atmega128_DRV_uart.o
 .text          0x00000000        0x0 src/main.o
 .data          0x00000000        0x0 src/main.o
 .bss           0x00000000        0x0 src/main.o
 .text          0x00000000        0x0 c:/program files (x86)/atmel/studio/7.0/toolchain/avr8/avr8-gnu-toolchain/bin/../lib/gcc/avr/5.4.0/../../../../avr/lib/avr51\libm.a(addsf3.o)
 .data          0x00000000        0x0 c:/program files (x86)/atmel/studio/7.0/toolchain/avr8/avr8-gnu-toolchain/bin/../lib/gcc/avr/5.4.0/../../../../avr/lib/avr51\libm.a(addsf3.o)
 .bss           0x00000000        0x0 c:/program files (x86)/atmel/studio/7.0/toolchain/avr8/avr8-gnu-toolchain/bin/../lib/gcc/avr/5.4.0/../../../../avr/lib/avr51\libm.a(addsf3.o)
 .text.avr-libc.fplib
                0x00000000        0xe c:/program files (x86)/atmel/studio/7.0/toolchain/avr8/avr8-gnu-toolchain/bin/../lib/gcc/avr/5.4.0/../../../../avr/lib/avr51\libm.a(addsf3.o)
 .text          0x00000000        0x0 c:/program files (x86)/atmel/studio/7.0/toolchain/avr8/avr8-gnu-toolchain/bin/../lib/gcc/avr/5.4.0/../../../../avr/lib/avr51\libm.a(addsf3x.o)
 .data          0x00000000        0x0 c:/program files (x86)/atmel/studio/7.0/toolchain/avr8/avr8-gnu-toolchain/bin/../lib/gcc/avr/5.4.0/../../../../avr/lib/avr51\libm.a(addsf3x.o)
 .bss           0x00000000        0x0 c:/program files (x86)/atmel/studio/7.0/toolchain/avr8/avr8-gnu-toolchain/bin/../lib/gcc/avr/5.4.0/../../../../avr/lib/avr51\libm.a(addsf3x.o)
 .text.avr-libc.fplib
                0x00000000       0xcc c:/program files (x86)/atmel/studio/7.0/toolchain/avr8/avr8-gnu-toolchain/bin/../lib/gcc/avr/5.4.0/../../../../avr/lib/avr51\libm.a(addsf3x.o)
 .text          0x00000000        0x0 c:/program files (x86)/atmel/studio/7.0/toolchain/avr8/avr8-gnu-toolchain/bin/../lib/gcc/avr/5.4.0/../../../../avr/lib/avr51\libm.a(divsf3.o)
 .data          0x00000000        0x0 c:/program files (x86)/atmel/studio/7.0/toolchain/avr8/avr8-gnu-toolchain/bin/../lib/gcc/avr/5.4.0/../../../../avr/lib/avr51\libm.a(divsf3.o)
 .bss           0x00000000        0x0 c:/program files (x86)/atmel/studio/7.0/toolchain/avr8/avr8-gnu-toolchain/bin/../lib/gcc/avr/5.4.0/../../../../avr/lib/avr51\libm.a(divsf3.o)
 .text.avr-libc.fplib
                0x00000000        0x8 c:/program files (x86)/atmel/studio/7.0/toolchain/avr8/avr8-gnu-toolchain/bin/../lib/gcc/avr/5.4.0/../../../../avr/lib/avr51\libm.a(divsf3.o)
 .text          0x00000000        0x0 c:/program files (x86)/atmel/studio/7.0/toolchain/avr8/avr8-gnu-toolchain/bin/../lib/gcc/avr/5.4.0/../../../../avr/lib/avr51\libm.a(divsf3x.o)
 .data          0x00000000        0x0 c:/program files (x86)/atmel/studio/7.0/toolchain/avr8/avr8-gnu-toolchain/bin/../lib/gcc/avr/5.4.0/../../../../avr/lib/avr51\libm.a(divsf3x.o)
 .bss           0x00000000        0x0 c:/program files (x86)/atmel/studio/7.0/toolchain/avr8/avr8-gnu-toolchain/bin/../lib/gcc/avr/5.4.0/../../../../avr/lib/avr51\libm.a(divsf3x.o)
 .text.avr-libc.fplib
                0x00000000       0xdc c:/program files (x86)/atmel/studio/7.0/toolchain/avr8/avr8-gnu-toolchain/bin/../lib/gcc/avr/5.4.0/../../../../avr/lib/avr51\libm.a(divsf3x.o)
 .text          0x00000000        0x0 c:/program files (x86)/atmel/studio/7.0/toolchain/avr8/avr8-gnu-toolchain/bin/../lib/gcc/avr/5.4.0/../../../../avr/lib/avr51\libm.a(fixunssfsi.o)
 .data          0x00000000        0x0 c:/program files (x86)/atmel/studio/7.0/toolchain/avr8/avr8-gnu-toolchain/bin/../lib/gcc/avr/5.4.0/../../../../avr/lib/avr51\libm.a(fixunssfsi.o)
 .bss           0x00000000        0x0 c:/program files (x86)/atmel/studio/7.0/toolchain/avr8/avr8-gnu-toolchain/bin/../lib/gcc/avr/5.4.0/../../../../avr/lib/avr51\libm.a(fixunssfsi.o)
 .text.avr-libc.fplib
                0x00000000       0x5e c:/program files (x86)/atmel/studio/7.0/toolchain/avr8/avr8-gnu-toolchain/bin/../lib/gcc/avr/5.4.0/../../../../avr/lib/avr51\libm.a(fixunssfsi.o)
 .text          0x00000000        0x0 c:/program files (x86)/atmel/studio/7.0/toolchain/avr8/avr8-gnu-toolchain/bin/../lib/gcc/avr/5.4.0/../../../../avr/lib/avr51\libm.a(floatsisf.o)
 .data          0x00000000        0x0 c:/program files (x86)/atmel/studio/7.0/toolchain/avr8/avr8-gnu-toolchain/bin/../lib/gcc/avr/5.4.0/../../../../avr/lib/avr51\libm.a(floatsisf.o)
 .bss           0x00000000        0x0 c:/program files (x86)/atmel/studio/7.0/toolchain/avr8/avr8-gnu-toolchain/bin/../lib/gcc/avr/5.4.0/../../../../avr/lib/avr51\libm.a(floatsisf.o)
 .text.avr-libc.fplib
                0x00000000       0x7a c:/program files (x86)/atmel/studio/7.0/toolchain/avr8/avr8-gnu-toolchain/bin/../lib/gcc/avr/5.4.0/../../../../avr/lib/avr51\libm.a(floatsisf.o)
 .text          0x00000000        0x0 c:/program files (x86)/atmel/studio/7.0/toolchain/avr8/avr8-gnu-toolchain/bin/../lib/gcc/avr/5.4.0/../../../../avr/lib/avr51\libm.a(fp_inf.o)
 .data          0x00000000        0x0 c:/program files (x86)/atmel/studio/7.0/toolchain/avr8/avr8-gnu-toolchain/bin/../lib/gcc/avr/5.4.0/../../../../avr/lib/avr51\libm.a(fp_inf.o)
 .bss           0x00000000        0x0 c:/program files (x86)/atmel/studio/7.0/toolchain/avr8/avr8-gnu-toolchain/bin/../lib/gcc/avr/5.4.0/../../../../avr/lib/avr51\libm.a(fp_inf.o)
 .text.avr-libc.fplib
                0x00000000        0xc c:/program files (x86)/atmel/studio/7.0/toolchain/avr8/avr8-gnu-toolchain/bin/../lib/gcc/avr/5.4.0/../../../../avr/lib/avr51\libm.a(fp_inf.o)
 .text          0x00000000        0x0 c:/program files (x86)/atmel/studio/7.0/toolchain/avr8/avr8-gnu-toolchain/bin/../lib/gcc/avr/5.4.0/../../../../avr/lib/avr51\libm.a(fp_nan.o)
 .data          0x00000000        0x0 c:/program files (x86)/atmel/studio/7.0/toolchain/avr8/avr8-gnu-toolchain/bin/../lib/gcc/avr/5.4.0/../../../../avr/lib/avr51\libm.a(fp_nan.o)
 .bss           0x00000000        0x0 c:/program files (x86)/atmel/studio/7.0/toolchain/avr8/avr8-gnu-toolchain/bin/../lib/gcc/avr/5.4.0/../../../../avr/lib/avr51\libm.a(fp_nan.o)
 .text.avr-libc.fplib
                0x00000000        0x6 c:/program files (x86)/atmel/studio/7.0/toolchain/avr8/avr8-gnu-toolchain/bin/../lib/gcc/avr/5.4.0/../../../../avr/lib/avr51\libm.a(fp_nan.o)
 .text          0x00000000        0x0 c:/program files (x86)/atmel/studio/7.0/toolchain/avr8/avr8-gnu-toolchain/bin/../lib/gcc/avr/5.4.0/../../../../avr/lib/avr51\libm.a(fp_pscA.o)
 .data          0x00000000        0x0 c:/program files (x86)/atmel/studio/7.0/toolchain/avr8/avr8-gnu-toolchain/bin/../lib/gcc/avr/5.4.0/../../../../avr/lib/avr51\libm.a(fp_pscA.o)
 .bss           0x00000000        0x0 c:/program files (x86)/atmel/studio/7.0/toolchain/avr8/avr8-gnu-toolchain/bin/../lib/gcc/avr/5.4.0/../../../../avr/lib/avr51\libm.a(fp_pscA.o)
 .text.avr-libc.fplib
                0x00000000        0xe c:/program files (x86)/atmel/studio/7.0/toolchain/avr8/avr8-gnu-toolchain/bin/../lib/gcc/avr/5.4.0/../../../../avr/lib/avr51\libm.a(fp_pscA.o)
 .text          0x00000000        0x0 c:/program files (x86)/atmel/studio/7.0/toolchain/avr8/avr8-gnu-toolchain/bin/../lib/gcc/avr/5.4.0/../../../../avr/lib/avr51\libm.a(fp_pscB.o)
 .data          0x00000000        0x0 c:/program files (x86)/atmel/studio/7.0/toolchain/avr8/avr8-gnu-toolchain/bin/../lib/gcc/avr/5.4.0/../../../../avr/lib/avr51\libm.a(fp_pscB.o)
 .bss           0x00000000        0x0 c:/program files (x86)/atmel/studio/7.0/toolchain/avr8/avr8-gnu-toolchain/bin/../lib/gcc/avr/5.4.0/../../../../avr/lib/avr51\libm.a(fp_pscB.o)
 .text.avr-libc.fplib
                0x00000000        0xe c:/program files (x86)/atmel/studio/7.0/toolchain/avr8/avr8-gnu-toolchain/bin/../lib/gcc/avr/5.4.0/../../../../avr/lib/avr51\libm.a(fp_pscB.o)
 .text          0x00000000        0x0 c:/program files (x86)/atmel/studio/7.0/toolchain/avr8/avr8-gnu-toolchain/bin/../lib/gcc/avr/5.4.0/../../../../avr/lib/avr51\libm.a(fp_round.o)
 .data          0x00000000        0x0 c:/program files (x86)/atmel/studio/7.0/toolchain/avr8/avr8-gnu-toolchain/bin/../lib/gcc/avr/5.4.0/../../../../avr/lib/avr51\libm.a(fp_round.o)
 .bss           0x00000000        0x0 c:/program files (x86)/atmel/studio/7.0/toolchain/avr8/avr8-gnu-toolchain/bin/../lib/gcc/avr/5.4.0/../../../../avr/lib/avr51\libm.a(fp_round.o)
 .text.avr-libc.fplib
                0x00000000       0x22 c:/program files (x86)/atmel/studio/7.0/toolchain/avr8/avr8-gnu-toolchain/bin/../lib/gcc/avr/5.4.0/../../../../avr/lib/avr51\libm.a(fp_round.o)
 .text          0x00000000        0x0 c:/program files (x86)/atmel/studio/7.0/toolchain/avr8/avr8-gnu-toolchain/bin/../lib/gcc/avr/5.4.0/../../../../avr/lib/avr51\libm.a(fp_split3.o)
 .data          0x00000000        0x0 c:/program files (x86)/atmel/studio/7.0/toolchain/avr8/avr8-gnu-toolchain/bin/../lib/gcc/avr/5.4.0/../../../../avr/lib/avr51\libm.a(fp_split3.o)
 .bss           0x00000000        0x0 c:/program files (x86)/atmel/studio/7.0/toolchain/avr8/avr8-gnu-toolchain/bin/../lib/gcc/avr/5.4.0/../../../../avr/lib/avr51\libm.a(fp_split3.o)
 .text.avr-libc.fplib
                0x00000000       0x44 c:/program files (x86)/atmel/studio/7.0/toolchain/avr8/avr8-gnu-toolchain/bin/../lib/gcc/avr/5.4.0/../../../../avr/lib/avr51\libm.a(fp_split3.o)
 .text          0x00000000        0x0 c:/program files (x86)/atmel/studio/7.0/toolchain/avr8/avr8-gnu-toolchain/bin/../lib/gcc/avr/5.4.0/../../../../avr/lib/avr51\libm.a(fp_zero.o)
 .data          0x00000000        0x0 c:/program files (x86)/atmel/studio/7.0/toolchain/avr8/avr8-gnu-toolchain/bin/../lib/gcc/avr/5.4.0/../../../../avr/lib/avr51\libm.a(fp_zero.o)
 .bss           0x00000000        0x0 c:/program files (x86)/atmel/studio/7.0/toolchain/avr8/avr8-gnu-toolchain/bin/../lib/gcc/avr/5.4.0/../../../../avr/lib/avr51\libm.a(fp_zero.o)
 .text.avr-libc.fplib
                0x00000000        0xe c:/program files (x86)/atmel/studio/7.0/toolchain/avr8/avr8-gnu-toolchain/bin/../lib/gcc/avr/5.4.0/../../../../avr/lib/avr51\libm.a(fp_zero.o)
 .text          0x00000000        0x0 c:/program files (x86)/atmel/studio/7.0/toolchain/avr8/avr8-gnu-toolchain/bin/../lib/gcc/avr/5.4.0/avr51\libgcc.a(_udivmodsi4.o)
 .data          0x00000000        0x0 c:/program files (x86)/atmel/studio/7.0/toolchain/avr8/avr8-gnu-toolchain/bin/../lib/gcc/avr/5.4.0/avr51\libgcc.a(_udivmodsi4.o)
 .bss           0x00000000        0x0 c:/program files (x86)/atmel/studio/7.0/toolchain/avr8/avr8-gnu-toolchain/bin/../lib/gcc/avr/5.4.0/avr51\libgcc.a(_udivmodsi4.o)
 .text.libgcc.mul
                0x00000000        0x0 c:/program files (x86)/atmel/studio/7.0/toolchain/avr8/avr8-gnu-toolchain/bin/../lib/gcc/avr/5.4.0/avr51\libgcc.a(_udivmodsi4.o)
 .text.libgcc   0x00000000        0x0 c:/program files (x86)/atmel/studio/7.0/toolchain/avr8/avr8-gnu-toolchain/bin/../lib/gcc/avr/5.4.0/avr51\libgcc.a(_udivmodsi4.o)
 .text.libgcc.prologue
                0x00000000        0x0 c:/program files (x86)/atmel/studio/7.0/toolchain/avr8/avr8-gnu-toolchain/bin/../lib/gcc/avr/5.4.0/avr51\libgcc.a(_udivmodsi4.o)
 .text.libgcc.builtins
                0x00000000        0x0 c:/program files (x86)/atmel/studio/7.0/toolchain/avr8/avr8-gnu-toolchain/bin/../lib/gcc/avr/5.4.0/avr51\libgcc.a(_udivmodsi4.o)
 .text.libgcc.fmul
                0x00000000        0x0 c:/program files (x86)/atmel/studio/7.0/toolchain/avr8/avr8-gnu-toolchain/bin/../lib/gcc/avr/5.4.0/avr51\libgcc.a(_udivmodsi4.o)
 .text.libgcc.fixed
                0x00000000        0x0 c:/program files (x86)/atmel/studio/7.0/toolchain/avr8/avr8-gnu-toolchain/bin/../lib/gcc/avr/5.4.0/avr51\libgcc.a(_udivmodsi4.o)
 .text          0x00000000        0x0 c:/program files (x86)/atmel/studio/7.0/toolchain/avr8/avr8-gnu-toolchain/bin/../lib/gcc/avr/5.4.0/avr51\libgcc.a(_exit.o)
 .data          0x00000000        0x0 c:/program files (x86)/atmel/studio/7.0/toolchain/avr8/avr8-gnu-toolchain/bin/../lib/gcc/avr/5.4.0/avr51\libgcc.a(_exit.o)
 .bss           0x00000000        0x0 c:/program files (x86)/atmel/studio/7.0/toolchain/avr8/avr8-gnu-toolchain/bin/../lib/gcc/avr/5.4.0/avr51\libgcc.a(_exit.o)
 .text.libgcc.mul
                0x00000000        0x0 c:/program files (x86)/atmel/studio/7.0/toolchain/avr8/avr8-gnu-toolchain/bin/../lib/gcc/avr/5.4.0/avr51\libgcc.a(_exit.o)
 .text.libgcc.div
                0x00000000        0x0 c:/program files (x86)/atmel/studio/7.0/toolchain/avr8/avr8-gnu-toolchain/bin/../lib/gcc/avr/5.4.0/avr51\libgcc.a(_exit.o)
 .text.libgcc   0x00000000        0x0 c:/program files (x86)/atmel/studio/7.0/toolchain/avr8/avr8-gnu-toolchain/bin/../lib/gcc/avr/5.4.0/avr51\libgcc.a(_exit.o)
 .text.libgcc.prologue
                0x00000000        0x0 c:/program files (x86)/atmel/studio/7.0/toolchain/avr8/avr8-gnu-toolchain/bin/../lib/gcc/avr/5.4.0/avr51\libgcc.a(_exit.o)
 .text.libgcc.builtins
                0x00000000        0x0 c:/program files (x86)/atmel/studio/7.0/toolchain/avr8/avr8-gnu-toolchain/bin/../lib/gcc/avr/5.4.0/avr51\libgcc.a(_exit.o)
 .text.libgcc.fmul
                0x00000000        0x0 c:/program files (x86)/atmel/studio/7.0/toolchain/avr8/avr8-gnu-toolchain/bin/../lib/gcc/avr/5.4.0/avr51\libgcc.a(_exit.o)
 .text.libgcc.fixed
                0x00000000        0x0 c:/program files (x86)/atmel/studio/7.0/toolchain/avr8/avr8-gnu-toolchain/bin/../lib/gcc/avr/5.4.0/avr51\libgcc.a(_exit.o)
 .text          0x00000000        0x0 c:/program files (x86)/atmel/studio/7.0/toolchain/avr8/avr8-gnu-toolchain/bin/../lib/gcc/avr/5.4.0/avr51\libgcc.a(_tablejump2.o)
 .data          0x00000000        0x0 c:/program files (x86)/atmel/studio/7.0/toolchain/avr8/avr8-gnu-toolchain/bin/../lib/gcc/avr/5.4.0/avr51\libgcc.a(_tablejump2.o)
 .bss           0x00000000        0x0 c:/program files (x86)/atmel/studio/7.0/toolchain/avr8/avr8-gnu-toolchain/bin/../lib/gcc/avr/5.4.0/avr51\libgcc.a(_tablejump2.o)
 .text.libgcc.mul
                0x00000000        0x0 c:/program files (x86)/atmel/studio/7.0/toolchain/avr8/avr8-gnu-toolchain/bin/../lib/gcc/avr/5.4.0/avr51\libgcc.a(_tablejump2.o)
 .text.libgcc.div
                0x00000000        0x0 c:/program files (x86)/atmel/studio/7.0/toolchain/avr8/avr8-gnu-toolchain/bin/../lib/gcc/avr/5.4.0/avr51\libgcc.a(_tablejump2.o)
 .text.libgcc.prologue
                0x00000000        0x0 c:/program files (x86)/atmel/studio/7.0/toolchain/avr8/avr8-gnu-toolchain/bin/../lib/gcc/avr/5.4.0/avr51\libgcc.a(_tablejump2.o)
 .text.libgcc.builtins
                0x00000000        0x0 c:/program files (x86)/atmel/studio/7.0/toolchain/avr8/avr8-gnu-toolchain/bin/../lib/gcc/avr/5.4.0/avr51\libgcc.a(_tablejump2.o)
 .text.libgcc.fmul
                0x00000000        0x0 c:/program files (x86)/atmel/studio/7.0/toolchain/avr8/avr8-gnu-toolchain/bin/../lib/gcc/avr/5.4.0/avr51\libgcc.a(_tablejump2.o)
 .text.libgcc.fixed
                0x00000000        0x0 c:/program files (x86)/atmel/studio/7.0/toolchain/avr8/avr8-gnu-toolchain/bin/../lib/gcc/avr/5.4.0/avr51\libgcc.a(_tablejump2.o)
 .text          0x00000000        0x0 c:/program files (x86)/atmel/studio/7.0/toolchain/avr8/avr8-gnu-toolchain/bin/../lib/gcc/avr/5.4.0/avr51\libgcc.a(_copy_data.o)
 .data          0x00000000        0x0 c:/program files (x86)/atmel/studio/7.0/toolchain/avr8/avr8-gnu-toolchain/bin/../lib/gcc/avr/5.4.0/avr51\libgcc.a(_copy_data.o)
 .bss           0x00000000        0x0 c:/program files (x86)/atmel/studio/7.0/toolchain/avr8/avr8-gnu-toolchain/bin/../lib/gcc/avr/5.4.0/avr51\libgcc.a(_copy_data.o)
 .text.libgcc.mul
                0x00000000        0x0 c:/program files (x86)/atmel/studio/7.0/toolchain/avr8/avr8-gnu-toolchain/bin/../lib/gcc/avr/5.4.0/avr51\libgcc.a(_copy_data.o)
 .text.libgcc.div
                0x00000000        0x0 c:/program files (x86)/atmel/studio/7.0/toolchain/avr8/avr8-gnu-toolchain/bin/../lib/gcc/avr/5.4.0/avr51\libgcc.a(_copy_data.o)
 .text.libgcc   0x00000000        0x0 c:/program files (x86)/atmel/studio/7.0/toolchain/avr8/avr8-gnu-toolchain/bin/../lib/gcc/avr/5.4.0/avr51\libgcc.a(_copy_data.o)
 .text.libgcc.prologue
                0x00000000        0x0 c:/program files (x86)/atmel/studio/7.0/toolchain/avr8/avr8-gnu-toolchain/bin/../lib/gcc/avr/5.4.0/avr51\libgcc.a(_copy_data.o)
 .text.libgcc.builtins
                0x00000000        0x0 c:/program files (x86)/atmel/studio/7.0/toolchain/avr8/avr8-gnu-toolchain/bin/../lib/gcc/avr/5.4.0/avr51\libgcc.a(_copy_data.o)
 .text.libgcc.fmul
                0x00000000        0x0 c:/program files (x86)/atmel/studio/7.0/toolchain/avr8/avr8-gnu-toolchain/bin/../lib/gcc/avr/5.4.0/avr51\libgcc.a(_copy_data.o)
 .text.libgcc.fixed
                0x00000000        0x0 c:/program files (x86)/atmel/studio/7.0/toolchain/avr8/avr8-gnu-toolchain/bin/../lib/gcc/avr/5.4.0/avr51\libgcc.a(_copy_data.o)
 .text          0x00000000        0x0 c:/program files (x86)/atmel/studio/7.0/toolchain/avr8/avr8-gnu-toolchain/bin/../lib/gcc/avr/5.4.0/avr51\libgcc.a(_clear_bss.o)
 .data          0x00000000        0x0 c:/program files (x86)/atmel/studio/7.0/toolchain/avr8/avr8-gnu-toolchain/bin/../lib/gcc/avr/5.4.0/avr51\libgcc.a(_clear_bss.o)
 .bss           0x00000000        0x0 c:/program files (x86)/atmel/studio/7.0/toolchain/avr8/avr8-gnu-toolchain/bin/../lib/gcc/avr/5.4.0/avr51\libgcc.a(_clear_bss.o)
 .text.libgcc.mul
                0x00000000        0x0 c:/program files (x86)/atmel/studio/7.0/toolchain/avr8/avr8-gnu-toolchain/bin/../lib/gcc/avr/5.4.0/avr51\libgcc.a(_clear_bss.o)
 .text.libgcc.div
                0x00000000        0x0 c:/program files (x86)/atmel/studio/7.0/toolchain/avr8/avr8-gnu-toolchain/bin/../lib/gcc/avr/5.4.0/avr51\libgcc.a(_clear_bss.o)
 .text.libgcc   0x00000000        0x0 c:/program files (x86)/atmel/studio/7.0/toolchain/avr8/avr8-gnu-toolchain/bin/../lib/gcc/avr/5.4.0/avr51\libgcc.a(_clear_bss.o)
 .text.libgcc.prologue
                0x00000000        0x0 c:/program files (x86)/atmel/studio/7.0/toolchain/avr8/avr8-gnu-toolchain/bin/../lib/gcc/avr/5.4.0/avr51\libgcc.a(_clear_bss.o)
 .text.libgcc.builtins
                0x00000000        0x0 c:/program files (x86)/atmel/studio/7.0/toolchain/avr8/avr8-gnu-toolchain/bin/../lib/gcc/avr/5.4.0/avr51\libgcc.a(_clear_bss.o)
 .text.libgcc.fmul
                0x00000000        0x0 c:/program files (x86)/atmel/studio/7.0/toolchain/avr8/avr8-gnu-toolchain/bin/../lib/gcc/avr/5.4.0/avr51\libgcc.a(_clear_bss.o)
 .text.libgcc.fixed
                0x00000000        0x0 c:/program files (x86)/atmel/studio/7.0/toolchain/avr8/avr8-gnu-toolchain/bin/../lib/gcc/avr/5.4.0/avr51\libgcc.a(_clear_bss.o)
 .text          0x00000000        0x0 c:/program files (x86)/atmel/studio/7.0/toolchain/avr8/avr8-gnu-toolchain/bin/../lib/gcc/avr/5.4.0/../../../../avr/lib/avr51\libc.a(vsnprintf.o)
 .data          0x00000000        0x0 c:/program files (x86)/atmel/studio/7.0/toolchain/avr8/avr8-gnu-toolchain/bin/../lib/gcc/avr/5.4.0/../../../../avr/lib/avr51\libc.a(vsnprintf.o)
 .bss           0x00000000        0x0 c:/program files (x86)/atmel/studio/7.0/toolchain/avr8/avr8-gnu-toolchain/bin/../lib/gcc/avr/5.4.0/../../../../avr/lib/avr51\libc.a(vsnprintf.o)
 .text.avr-libc
                0x00000000       0x72 c:/program files (x86)/atmel/studio/7.0/toolchain/avr8/avr8-gnu-toolchain/bin/../lib/gcc/avr/5.4.0/../../../../avr/lib/avr51\libc.a(vsnprintf.o)
 .comment       0x00000000       0x31 c:/program files (x86)/atmel/studio/7.0/toolchain/avr8/avr8-gnu-toolchain/bin/../lib/gcc/avr/5.4.0/../../../../avr/lib/avr51\libc.a(vsnprintf.o)
 .text          0x00000000        0x0 c:/program files (x86)/atmel/studio/7.0/toolchain/avr8/avr8-gnu-toolchain/bin/../lib/gcc/avr/5.4.0/../../../../avr/lib/avr51\libc.a(vfprintf_std.o)
 .data          0x00000000        0x0 c:/program files (x86)/atmel/studio/7.0/toolchain/avr8/avr8-gnu-toolchain/bin/../lib/gcc/avr/5.4.0/../../../../avr/lib/avr51\libc.a(vfprintf_std.o)
 .bss           0x00000000        0x0 c:/program files (x86)/atmel/studio/7.0/toolchain/avr8/avr8-gnu-toolchain/bin/../lib/gcc/avr/5.4.0/../../../../avr/lib/avr51\libc.a(vfprintf_std.o)
 .text.avr-libc
                0x00000000      0x414 c:/program files (x86)/atmel/studio/7.0/toolchain/avr8/avr8-gnu-toolchain/bin/../lib/gcc/avr/5.4.0/../../../../avr/lib/avr51\libc.a(vfprintf_std.o)
 .comment       0x00000000       0x2d c:/program files (x86)/atmel/studio/7.0/toolchain/avr8/avr8-gnu-toolchain/bin/../lib/gcc/avr/5.4.0/../../../../avr/lib/avr51\libc.a(vfprintf_std.o)
 .text          0x00000000        0x0 c:/program files (x86)/atmel/studio/7.0/toolchain/avr8/avr8-gnu-toolchain/bin/../lib/gcc/avr/5.4.0/../../../../avr/lib/avr51\libc.a(strnlen_P.o)
 .data          0x00000000        0x0 c:/program files (x86)/atmel/studio/7.0/toolchain/avr8/avr8-gnu-toolchain/bin/../lib/gcc/avr/5.4.0/../../../../avr/lib/avr51\libc.a(strnlen_P.o)
 .bss           0x00000000        0x0 c:/program files (x86)/atmel/studio/7.0/toolchain/avr8/avr8-gnu-toolchain/bin/../lib/gcc/avr/5.4.0/../../../../avr/lib/avr51\libc.a(strnlen_P.o)
 .text.avr-libc
                0x00000000       0x16 c:/program files (x86)/atmel/studio/7.0/toolchain/avr8/avr8-gnu-toolchain/bin/../lib/gcc/avr/5.4.0/../../../../avr/lib/avr51\libc.a(strnlen_P.o)
 .text          0x00000000        0x0 c:/program files (x86)/atmel/studio/7.0/toolchain/avr8/avr8-gnu-toolchain/bin/../lib/gcc/avr/5.4.0/../../../../avr/lib/avr51\libc.a(strnlen.o)
 .data          0x00000000        0x0 c:/program files (x86)/atmel/studio/7.0/toolchain/avr8/avr8-gnu-toolchain/bin/../lib/gcc/avr/5.4.0/../../../../avr/lib/avr51\libc.a(strnlen.o)
 .bss           0x00000000        0x0 c:/program files (x86)/atmel/studio/7.0/toolchain/avr8/avr8-gnu-toolchain/bin/../lib/gcc/avr/5.4.0/../../../../avr/lib/avr51\libc.a(strnlen.o)
 .text.avr-libc
                0x00000000       0x16 c:/program files (x86)/atmel/studio/7.0/toolchain/avr8/avr8-gnu-toolchain/bin/../lib/gcc/avr/5.4.0/../../../../avr/lib/avr51\libc.a(strnlen.o)
 .text          0x00000000        0x0 c:/program files (x86)/atmel/studio/7.0/toolchain/avr8/avr8-gnu-toolchain/bin/../lib/gcc/avr/5.4.0/../../../../avr/lib/avr51\libc.a(fputc.o)
 .data          0x00000000        0x0 c:/program files (x86)/atmel/studio/7.0/toolchain/avr8/avr8-gnu-toolchain/bin/../lib/gcc/avr/5.4.0/../../../../avr/lib/avr51\libc.a(fputc.o)
 .bss           0x00000000        0x0 c:/program files (x86)/atmel/studio/7.0/toolchain/avr8/avr8-gnu-toolchain/bin/../lib/gcc/avr/5.4.0/../../../../avr/lib/avr51\libc.a(fputc.o)
 .text.avr-libc
                0x00000000       0x78 c:/program files (x86)/atmel/studio/7.0/toolchain/avr8/avr8-gnu-toolchain/bin/../lib/gcc/avr/5.4.0/../../../../avr/lib/avr51\libc.a(fputc.o)
 .comment       0x00000000       0x31 c:/program files (x86)/atmel/studio/7.0/toolchain/avr8/avr8-gnu-toolchain/bin/../lib/gcc/avr/5.4.0/../../../../avr/lib/avr51\libc.a(fputc.o)
 .text          0x00000000        0x0 c:/program files (x86)/atmel/studio/7.0/toolchain/avr8/avr8-gnu-toolchain/bin/../lib/gcc/avr/5.4.0/../../../../avr/lib/avr51\libc.a(ultoa_invert.o)
 .data          0x00000000        0x0 c:/program files (x86)/atmel/studio/7.0/toolchain/avr8/avr8-gnu-toolchain/bin/../lib/gcc/avr/5.4.0/../../../../avr/lib/avr51\libc.a(ultoa_invert.o)
 .bss           0x00000000        0x0 c:/program files (x86)/atmel/studio/7.0/toolchain/avr8/avr8-gnu-toolchain/bin/../lib/gcc/avr/5.4.0/../../../../avr/lib/avr51\libc.a(ultoa_invert.o)
 .text.avr-libc
                0x00000000       0xbc c:/program files (x86)/atmel/studio/7.0/toolchain/avr8/avr8-gnu-toolchain/bin/../lib/gcc/avr/5.4.0/../../../../avr/lib/avr51\libc.a(ultoa_invert.o)

Memory Configuration

Name             Origin             Length             Attributes
text             0x00000000         0x00020000         xr
data             0x00800100         0x0000ff00         rw !x
eeprom           0x00810000         0x00010000         rw !x
fuse             0x00820000         0x00000003         rw !x
lock             0x00830000         0x00000400         rw !x
signature        0x00840000         0x00000400         rw !x
user_signatures  0x00850000         0x00000400         rw !x
*default*        0x00000000         0xffffffff

Linker script and memory map

Address of section .data set to 0x800100
LOAD C:/Program Files (x86)/Atmel/Studio/7.0/Packs/atmel/ATmega_DFP/1.3.300/gcc/dev/atmega128/avr51/crtatmega128.o
LOAD src/ap/ap.o
LOAD src/bsp/atmega128_it.o
LOAD src/bsp/bsp.o
LOAD src/common/core/qbuffer.o
LOAD src/hw/driver/gpio.o
LOAD src/hw/driver/timer.o
LOAD src/hw/driver/uart.o
LOAD src/hw/hw.o
LOAD src/lib/Drivers/Src/atmega128_DRV.o
LOAD src/lib/Drivers/Src/atmega128_DRV_gpio.o
LOAD src/lib/Drivers/Src/atmega128_DRV_timer.o
LOAD src/lib/Drivers/Src/atmega128_DRV_uart.o
LOAD src/main.o
START GROUP
LOAD c:/program files (x86)/atmel/studio/7.0/toolchain/avr8/avr8-gnu-toolchain/bin/../lib/gcc/avr/5.4.0/../../../../avr/lib/avr51\libm.a
END GROUP
START GROUP
LOAD c:/program files (x86)/atmel/studio/7.0/toolchain/avr8/avr8-gnu-toolchain/bin/../lib/gcc/avr/5.4.0/avr51\libgcc.a
LOAD c:/program files (x86)/atmel/studio/7.0/toolchain/avr8/avr8-gnu-toolchain/bin/../lib/gcc/avr/5.4.0/../../../../avr/lib/avr51\libm.a
LOAD c:/program files (x86)/atmel/studio/7.0/toolchain/avr8/avr8-gnu-toolchain/bin/../lib/gcc/avr/5.4.0/../../../../avr/lib/avr51\libc.a
LOAD C:/Program Files (x86)/Atmel/Studio/7.0/Packs/atmel/ATmega_DFP/1.3.300/gcc/dev/atmega128/avr51\libatmega128.a
END GROUP
                0x00000000                __TEXT_REGION_ORIGIN__ = DEFINED (__TEXT_REGION_ORIGIN__)?__TEXT_REGION_ORIGIN__:0x0
                0x00800100                __DATA_REGION_ORIGIN__ = DEFINED (__DATA_REGION_ORIGIN__)?__DATA_REGION_ORIGIN__:0x800100
                0x00020000                __TEXT_REGION_LENGTH__ = DEFINED (__TEXT_REGION_LENGTH__)?__TEXT_REGION_LENGTH__:0x20000
                0x0000ff00                __DATA_REGION_LENGTH__ = DEFINED (__DATA_REGION_LENGTH__)?__DATA_REGION_LENGTH__:0xff00
                0x00010000                __EEPROM_REGION_LENGTH__ = DEFINED (__EEPROM_REGION_LENGTH__)?__EEPROM_REGION_LENGTH__:0x10000
                [0x00000003]                __FUSE_REGION_LENGTH__ = DEFINED (__FUSE_REGION_LENGTH__)?__FUSE_REGION_LENGTH__:0x400
                0x00000400                __LOCK_REGION_LENGTH__ = DEFINED (__LOCK_REGION_LENGTH__)?__LOCK_REGION_LENGTH__:0x400
                0x00000400                __SIGNATURE_REGION_LENGTH__ = DEFINED (__SIGNATURE_REGION_LENGTH__)?__SIGNATURE_REGION_LENGTH__:0x400
                0x00000400                __USER_SIGNATURE_REGION_LENGTH__ = DEFINED (__USER_SIGNATURE_REGION_LENGTH__)?__USER_SIGNATURE_REGION_LENGTH__:0x400

.hash
 *(.hash)

.dynsym
 *(.dynsym)

.dynstr
 *(.dynstr)

.gnu.version
 *(.gnu.version)

.gnu.version_d
 *(.gnu.version_d)

.gnu.version_r
 *(.gnu.version_r)

.rel.init
 *(.rel.init)

.rela.init
 *(.rela.init)

.rel.text
 *(.rel.text)
 *(.rel.text.*)
 *(.rel.gnu.linkonce.t*)

.rela.text
 *(.rela.text)
 *(.rela.text.*)
 *(.rela.gnu.linkonce.t*)

.rel.fini
 *(.rel.fini)

.rela.fini
 *(.rela.fini)

.rel.rodata
 *(.rel.rodata)
 *(.rel.rodata.*)
 *(.rel.gnu.linkonce.r*)

.rela.rodata
 *(.rela.rodata)
 *(.rela.rodata.*)
 *(.rela.gnu.linkonce.r*)

.rel.data
 *(.rel.data)
 *(.rel.data.*)
 *(.rel.gnu.linkonce.d*)

.rela.data
 *(.rela.data)
 *(.rela.data.*)
 *(.rela.gnu.linkonce.d*)

.rel.ctors
 *(.rel.ctors)

.rela.ctors
 *(.rela.ctors)

.rel.dtors
 *(.rel.dtors)

.rela.dtors
 *(.rela.dtors)

.rel.got
 *(.rel.got)

.rela.got
 *(.rela.got)

.rel.bss
 *(.rel.bss)

.rela.bss
 *(.rela.bss)

.rel.plt
 *(.rel.plt)

.rela.plt
 *(.rela.plt)

.text           0x00000000     0x1c32
 *(.vectors)
 .vectors       0x00000000       0x8c C:/Program Files (x86)/Atmel/Studio/7.0/Packs/atmel/ATmega_DFP/1.3.300/gcc/dev/atmega128/avr51/crtatmega128.o
                0x00000000                __vector_default
                0x00000000                __vectors
 *(.vectors)
 *(.progmem.gcc*)
 .progmem.gcc_sw_table.TIM8_Init
                0x0000008c        0xe src/lib/Drivers/Src/atmega128_DRV_timer.o
 .progmem.gcc_sw_table.TIM16_Init
                0x0000009a       0x48 src/lib/Drivers/Src/atmega128_DRV_timer.o
 .progmem.gcc_sw_table.TIM_Start
                0x000000e2        0xe src/lib/Drivers/Src/atmega128_DRV_timer.o
                0x000000f0                . = ALIGN (0x2)
                0x000000f0                __trampolines_start = .
 *(.trampolines)
 .trampolines   0x000000f0        0x0 linker stubs
 *(.trampolines*)
                0x000000f0                __trampolines_end = .
 *libprintf_flt.a:*(.progmem.data)
 *libc.a:*(.progmem.data)
 *(.progmem*)
                0x000000f0                . = ALIGN (0x2)
 *(.jumptables)
 *(.jumptables*)
 *(.lowtext)
 *(.lowtext*)
                0x000000f0                __ctors_start = .
 *(.ctors)
                0x000000f0                __ctors_end = .
                0x000000f0                __dtors_start = .
 *(.dtors)
                0x000000f0                __dtors_end = .
 SORT(*)(.ctors)
 SORT(*)(.dtors)
 *(.init0)
 .init0         0x000000f0        0x0 C:/Program Files (x86)/Atmel/Studio/7.0/Packs/atmel/ATmega_DFP/1.3.300/gcc/dev/atmega128/avr51/crtatmega128.o
                0x000000f0                __init
 *(.init0)
 *(.init1)
 *(.init1)
 *(.init2)
 .init2         0x000000f0        0xc C:/Program Files (x86)/Atmel/Studio/7.0/Packs/atmel/ATmega_DFP/1.3.300/gcc/dev/atmega128/avr51/crtatmega128.o
 *(.init2)
 *(.init3)
 *(.init3)
 *(.init4)
 .init4         0x000000fc       0x1a c:/program files (x86)/atmel/studio/7.0/toolchain/avr8/avr8-gnu-toolchain/bin/../lib/gcc/avr/5.4.0/avr51\libgcc.a(_copy_data.o)
                0x000000fc                __do_copy_data
 .init4         0x00000116       0x10 c:/program files (x86)/atmel/studio/7.0/toolchain/avr8/avr8-gnu-toolchain/bin/../lib/gcc/avr/5.4.0/avr51\libgcc.a(_clear_bss.o)
                0x00000116                __do_clear_bss
 *(.init4)
 *(.init5)
 *(.init5)
 *(.init6)
 *(.init6)
 *(.init7)
 *(.init7)
 *(.init8)
 *(.init8)
 *(.init9)
 .init9         0x00000126        0x8 C:/Program Files (x86)/Atmel/Studio/7.0/Packs/atmel/ATmega_DFP/1.3.300/gcc/dev/atmega128/avr51/crtatmega128.o
 *(.init9)
 *(.text)
 .text          0x0000012e        0x2 C:/Program Files (x86)/Atmel/Studio/7.0/Packs/atmel/ATmega_DFP/1.3.300/gcc/dev/atmega128/avr51/crtatmega128.o
                0x0000012e                __vector_22
                0x0000012e                __vector_1
                0x0000012e                __vector_32
                0x0000012e                __vector_34
                0x0000012e                __bad_interrupt
                0x0000012e                __vector_6
                0x0000012e                __vector_31
                0x0000012e                __vector_3
                0x0000012e                __vector_23
                0x0000012e                __vector_30
                0x0000012e                __vector_17
                0x0000012e                __vector_19
                0x0000012e                __vector_7
                0x0000012e                __vector_5
                0x0000012e                __vector_33
                0x0000012e                __vector_4
                0x0000012e                __vector_2
                0x0000012e                __vector_21
                0x0000012e                __vector_8
                0x00000130                . = ALIGN (0x2)
 *(.text.*)
 .text.apInit   0x00000130       0x34 src/ap/ap.o
                0x00000130                apInit
 .text.apMain   0x00000164       0x46 src/ap/ap.o
                0x00000164                apMain
 .text.__vector_18
                0x000001aa       0x54 src/bsp/atmega128_it.o
                0x000001aa                __vector_18
 .text.__vector_20
                0x000001fe       0x54 src/bsp/atmega128_it.o
                0x000001fe                __vector_20
 .text.__vector_16
                0x00000252       0x54 src/bsp/atmega128_it.o
                0x00000252                __vector_16
 .text.__vector_15
                0x000002a6       0x54 src/bsp/atmega128_it.o
                0x000002a6                __vector_15
 .text.__vector_14
                0x000002fa       0x14 src/bsp/atmega128_it.o
                0x000002fa                __vector_14
 .text.__vector_12
                0x0000030e       0x14 src/bsp/atmega128_it.o
                0x0000030e                __vector_12
 .text.__vector_13
                0x00000322       0x14 src/bsp/atmega128_it.o
                0x00000322                __vector_13
 .text.__vector_24
                0x00000336       0x14 src/bsp/atmega128_it.o
                0x00000336                __vector_24
 .text.__vector_11
                0x0000034a       0x14 src/bsp/atmega128_it.o
                0x0000034a                __vector_11
 .text.__vector_10
                0x0000035e       0x54 src/bsp/atmega128_it.o
                0x0000035e                __vector_10
 .text.__vector_9
                0x000003b2       0x54 src/bsp/atmega128_it.o
                0x000003b2                __vector_9
 .text.__vector_29
                0x00000406       0x14 src/bsp/atmega128_it.o
                0x00000406                __vector_29
 .text.__vector_26
                0x0000041a       0x14 src/bsp/atmega128_it.o
                0x0000041a                __vector_26
 .text.__vector_27
                0x0000042e       0x14 src/bsp/atmega128_it.o
                0x0000042e                __vector_27
 .text.__vector_28
                0x00000442       0x14 src/bsp/atmega128_it.o
                0x00000442                __vector_28
 .text.__vector_25
                0x00000456       0x14 src/bsp/atmega128_it.o
                0x00000456                __vector_25
 .text.bspInit  0x0000046a        0x2 src/bsp/bsp.o
                0x0000046a                bspInit
 .text.qbufferWrite
                0x0000046c      0x14c src/common/core/qbuffer.o
                0x0000046c                qbufferWrite
 .text.gpioPinMode
                0x000005b8       0x4c src/hw/driver/gpio.o
                0x000005b8                gpioPinMode
 .text.gpioInit
                0x00000604       0x28 src/hw/driver/gpio.o
                0x00000604                gpioInit
 .text.gpioPinToggle
                0x0000062c       0x20 src/hw/driver/gpio.o
                0x0000062c                gpioPinToggle
 .text.timerInit
                0x0000064c        0xc src/hw/driver/timer.o
                0x0000064c                timerInit
 .text.timerStart
                0x00000658      0x100 src/hw/driver/timer.o
                0x00000658                timerStart
 .text.timerSetOcr
                0x00000758       0x5e src/hw/driver/timer.o
                0x00000758                timerSetOcr
 .text.TIM0_OVF_ElapsedCallback
                0x000007b6       0x3c src/hw/driver/timer.o
                0x000007b6                TIM0_OVF_ElapsedCallback
 .text.TIM2_OVF_ElapsedCallback
                0x000007f2       0x3c src/hw/driver/timer.o
                0x000007f2                TIM2_OVF_ElapsedCallback
 .text.uartInit
                0x0000082e        0x4 src/hw/driver/uart.o
                0x0000082e                uartInit
 .text.UART_TxCpltCallback
                0x00000832        0x2 src/hw/driver/uart.o
                0x00000832                UART_TxCpltCallback
 .text.UART_RxCpltCallback
                0x00000834       0x1c src/hw/driver/uart.o
                0x00000834                UART_RxCpltCallback
 .text.hwInit   0x00000850        0xa src/hw/hw.o
                0x00000850                hwInit
 .text.GPIO_Init
                0x0000085a       0x76 src/lib/Drivers/Src/atmega128_DRV_gpio.o
                0x0000085a                GPIO_Init
 .text.GPIO_TogglePin
                0x000008d0       0x30 src/lib/Drivers/Src/atmega128_DRV_gpio.o
                0x000008d0                GPIO_TogglePin
 .text.TIM8_Init
                0x00000900      0x46a src/lib/Drivers/Src/atmega128_DRV_timer.o
                0x00000900                TIM8_Init
 .text.TIM16_Init
                0x00000d6a      0x970 src/lib/Drivers/Src/atmega128_DRV_timer.o
                0x00000d6a                TIM16_Init
 .text.TIM_Init
                0x000016da       0x1a src/lib/Drivers/Src/atmega128_DRV_timer.o
                0x000016da                TIM_Init
 .text.TIM_Start
                0x000016f4      0x3aa src/lib/Drivers/Src/atmega128_DRV_timer.o
                0x000016f4                TIM_Start
 .text.TIM0_OVF_IRQHandler
                0x00001a9e        0x6 src/lib/Drivers/Src/atmega128_DRV_timer.o
                0x00001a9e                TIM0_OVF_IRQHandler
 .text.TIM2_OVF_IRQHandler
                0x00001aa4        0x6 src/lib/Drivers/Src/atmega128_DRV_timer.o
                0x00001aa4                TIM2_OVF_IRQHandler
 .text.TIM0_OC_ElapsedCallback
                0x00001aaa        0x2 src/lib/Drivers/Src/atmega128_DRV_timer.o
                0x00001aaa                TIM0_OC_ElapsedCallback
 .text.TIM0_OC_IRQHandler
                0x00001aac        0x4 src/lib/Drivers/Src/atmega128_DRV_timer.o
                0x00001aac                TIM0_OC_IRQHandler
 .text.TIM2_OC_ElapsedCallback
                0x00001ab0        0x2 src/lib/Drivers/Src/atmega128_DRV_timer.o
                0x00001ab0                TIM2_OC_ElapsedCallback
 .text.TIM2_OC_IRQHandler
                0x00001ab2        0x4 src/lib/Drivers/Src/atmega128_DRV_timer.o
                0x00001ab2                TIM2_OC_IRQHandler
 .text.UART_Receive
                0x00001ab6       0xde src/lib/Drivers/Src/atmega128_DRV_uart.o
                0x00001ab6                UART_Receive
 .text.UART_TxIRQHandler
                0x00001b94        0x6 src/lib/Drivers/Src/atmega128_DRV_uart.o
                0x00001b94                UART_TxIRQHandler
 .text.UART_RxIRQHandler
                0x00001b9a       0x2c src/lib/Drivers/Src/atmega128_DRV_uart.o
                0x00001b9a                UART_RxIRQHandler
 .text.main     0x00001bc6       0x12 src/main.o
                0x00001bc6                main
 .text.libgcc.div
                0x00001bd8       0x44 c:/program files (x86)/atmel/studio/7.0/toolchain/avr8/avr8-gnu-toolchain/bin/../lib/gcc/avr/5.4.0/avr51\libgcc.a(_udivmodsi4.o)
                0x00001bd8                __udivmodsi4
 .text.libgcc   0x00001c1c       0x12 c:/program files (x86)/atmel/studio/7.0/toolchain/avr8/avr8-gnu-toolchain/bin/../lib/gcc/avr/5.4.0/avr51\libgcc.a(_tablejump2.o)
                0x00001c1c                __tablejump2__
                0x00001c2e                . = ALIGN (0x2)
 *(.fini9)
 .fini9         0x00001c2e        0x0 c:/program files (x86)/atmel/studio/7.0/toolchain/avr8/avr8-gnu-toolchain/bin/../lib/gcc/avr/5.4.0/avr51\libgcc.a(_exit.o)
                0x00001c2e                _exit
                0x00001c2e                exit
 *(.fini9)
 *(.fini8)
 *(.fini8)
 *(.fini7)
 *(.fini7)
 *(.fini6)
 *(.fini6)
 *(.fini5)
 *(.fini5)
 *(.fini4)
 *(.fini4)
 *(.fini3)
 *(.fini3)
 *(.fini2)
 *(.fini2)
 *(.fini1)
 *(.fini1)
 *(.fini0)
 .fini0         0x00001c2e        0x4 c:/program files (x86)/atmel/studio/7.0/toolchain/avr8/avr8-gnu-toolchain/bin/../lib/gcc/avr/5.4.0/avr51\libgcc.a(_exit.o)
 *(.fini0)
                0x00001c32                _etext = .

.data           0x00800100       0x98 load address 0x00001c32
                0x00800100                PROVIDE (__data_start, .)
 *(.data)
 *(.data*)
 .data.gpio_tbl
                0x00800100       0x19 src/hw/driver/gpio.o
                0x00800100                gpio_tbl
 .data.GPIO_descripter
                0x00800119       0x2a src/lib/Drivers/Src/atmega128_DRV_gpio.o
                0x00800119                GPIO_descripter
 .data.TIM16_descripter
                0x00800143       0x2c src/lib/Drivers/Src/atmega128_DRV_timer.o
                0x00800143                TIM16_descripter
 .data.TIM8_descripter
                0x0080016f       0x10 src/lib/Drivers/Src/atmega128_DRV_timer.o
                0x0080016f                TIM8_descripter
 .data.USART_descripter
                0x0080017f       0x18 src/lib/Drivers/Src/atmega128_DRV_uart.o
                0x0080017f                USART_descripter
 *(.gnu.linkonce.d*)
 *(.rodata)
 *(.rodata*)
 *(.gnu.linkonce.r*)
                0x00800198                . = ALIGN (0x2)
 *fill*         0x00800197        0x1 
                0x00800198                _edata = .
                0x00800198                PROVIDE (__data_end, .)

.bss            0x00800198       0x63
                0x00800198                PROVIDE (__bss_start, .)
 *(.bss)
 *(.bss*)
 .bss.j         0x00800198        0x2 src/hw/driver/timer.o
                0x00800198                j
 .bss.i         0x0080019a        0x2 src/hw/driver/timer.o
                0x0080019a                i
 .bss.qbuffer   0x0080019c        0xe src/hw/driver/uart.o
 *(COMMON)
 COMMON         0x008001aa       0x3a src/hw/driver/timer.o
                0x008001aa                htim4
                0x008001b8                htim3
                0x008001c6                is_open
                0x008001c8                htim1
                0x008001d6                htim2
 COMMON         0x008001e4       0x17 src/hw/driver/uart.o
                0x008001e4                huart1
                0x008001fb                PROVIDE (__bss_end, .)
                0x00001c32                __data_load_start = LOADADDR (.data)
                0x00001cca                __data_load_end = (__data_load_start + SIZEOF (.data))

.noinit         0x008001fb        0x0
                [!provide]                PROVIDE (__noinit_start, .)
 *(.noinit*)
                [!provide]                PROVIDE (__noinit_end, .)
                0x008001fb                _end = .
                [!provide]                PROVIDE (__heap_start, .)

.eeprom         0x00810000        0x0
 *(.eeprom*)
                0x00810000                __eeprom_end = .

.fuse
 *(.fuse)
 *(.lfuse)
 *(.hfuse)
 *(.efuse)

.lock
 *(.lock*)

.signature
 *(.signature*)

.user_signatures
 *(.user_signatures*)

.stab
 *(.stab)

.stabstr
 *(.stabstr)

.stab.excl
 *(.stab.excl)

.stab.exclstr
 *(.stab.exclstr)

.stab.index
 *(.stab.index)

.stab.indexstr
 *(.stab.indexstr)

.comment        0x00000000       0x30
 *(.comment)
 .comment       0x00000000       0x30 src/ap/ap.o
                                 0x31 (size before relaxing)
 .comment       0x00000030       0x31 src/bsp/atmega128_it.o
 .comment       0x00000030       0x31 src/bsp/bsp.o
 .comment       0x00000030       0x31 src/common/core/qbuffer.o
 .comment       0x00000030       0x31 src/hw/driver/gpio.o
 .comment       0x00000030       0x31 src/hw/driver/timer.o
 .comment       0x00000030       0x31 src/hw/driver/uart.o
 .comment       0x00000030       0x31 src/hw/hw.o
 .comment       0x00000030       0x31 src/lib/Drivers/Src/atmega128_DRV_gpio.o
 .comment       0x00000030       0x31 src/lib/Drivers/Src/atmega128_DRV_timer.o
 .comment       0x00000030       0x31 src/lib/Drivers/Src/atmega128_DRV_uart.o
 .comment       0x00000030       0x31 src/main.o

.note.gnu.avr.deviceinfo
                0x00000000       0x3c
 .note.gnu.avr.deviceinfo
                0x00000000       0x3c C:/Program Files (x86)/Atmel/Studio/7.0/Packs/atmel/ATmega_DFP/1.3.300/gcc/dev/atmega128/avr51/crtatmega128.o

.note.gnu.build-id
 *(.note.gnu.build-id)

.debug
 *(.debug)

.line
 *(.line)

.debug_srcinfo
 *(.debug_srcinfo)

.debug_sfnames
 *(.debug_sfnames)

.debug_aranges  0x00000000      0x440
 *(.debug_aranges)
 .debug_aranges
                0x00000000       0x28 src/ap/ap.o
 .debug_aranges
                0x00000028       0x98 src/bsp/atmega128_it.o
 .debug_aranges
                0x000000c0       0x20 src/bsp/bsp.o
 .debug_aranges
                0x000000e0       0x48 src/common/core/qbuffer.o
 .debug_aranges
                0x00000128       0x40 src/hw/driver/gpio.o
 .debug_aranges
                0x00000168       0x70 src/hw/driver/timer.o
 .debug_aranges
                0x000001d8       0x60 src/hw/driver/uart.o
 .debug_aranges
                0x00000238       0x20 src/hw/hw.o
 .debug_aranges
                0x00000258       0x38 src/lib/Drivers/Src/atmega128_DRV_gpio.o
 .debug_aranges
                0x00000290      0x130 src/lib/Drivers/Src/atmega128_DRV_timer.o
 .debug_aranges
                0x000003c0       0x60 src/lib/Drivers/Src/atmega128_DRV_uart.o
 .debug_aranges
                0x00000420       0x20 src/main.o

.debug_pubnames
 *(.debug_pubnames)

.debug_info     0x00000000     0x3870
 *(.debug_info .gnu.linkonce.wi.*)
 .debug_info    0x00000000      0x780 C:/Program Files (x86)/Atmel/Studio/7.0/Packs/atmel/ATmega_DFP/1.3.300/gcc/dev/atmega128/avr51/crtatmega128.o
 .debug_info    0x00000780      0x28b src/ap/ap.o
 .debug_info    0x00000a0b      0x483 src/bsp/atmega128_it.o
 .debug_info    0x00000e8e       0x7f src/bsp/bsp.o
 .debug_info    0x00000f0d      0x2a9 src/common/core/qbuffer.o
 .debug_info    0x000011b6      0x304 src/hw/driver/gpio.o
 .debug_info    0x000014ba      0x781 src/hw/driver/timer.o
 .debug_info    0x00001c3b      0x71f src/hw/driver/uart.o
 .debug_info    0x0000235a       0xdc src/hw/hw.o
 .debug_info    0x00002436      0x27c src/lib/Drivers/Src/atmega128_DRV_gpio.o
 .debug_info    0x000026b2      0xb2f src/lib/Drivers/Src/atmega128_DRV_timer.o
 .debug_info    0x000031e1      0x5c5 src/lib/Drivers/Src/atmega128_DRV_uart.o
 .debug_info    0x000037a6       0xca src/main.o

.debug_abbrev   0x00000000     0x1545
 *(.debug_abbrev)
 .debug_abbrev  0x00000000      0x718 C:/Program Files (x86)/Atmel/Studio/7.0/Packs/atmel/ATmega_DFP/1.3.300/gcc/dev/atmega128/avr51/crtatmega128.o
 .debug_abbrev  0x00000718      0x129 src/ap/ap.o
 .debug_abbrev  0x00000841       0xcd src/bsp/atmega128_it.o
 .debug_abbrev  0x0000090e       0x44 src/bsp/bsp.o
 .debug_abbrev  0x00000952      0x130 src/common/core/qbuffer.o
 .debug_abbrev  0x00000a82      0x15d src/hw/driver/gpio.o
 .debug_abbrev  0x00000bdf      0x1c3 src/hw/driver/timer.o
 .debug_abbrev  0x00000da2      0x1f8 src/hw/driver/uart.o
 .debug_abbrev  0x00000f9a       0x63 src/hw/hw.o
 .debug_abbrev  0x00000ffd      0x130 src/lib/Drivers/Src/atmega128_DRV_gpio.o
 .debug_abbrev  0x0000112d      0x1d2 src/lib/Drivers/Src/atmega128_DRV_timer.o
 .debug_abbrev  0x000012ff      0x1e1 src/lib/Drivers/Src/atmega128_DRV_uart.o
 .debug_abbrev  0x000014e0       0x65 src/main.o

.debug_line     0x00000000     0x284d
 *(.debug_line .debug_line.* .debug_line_end)
 .debug_line    0x00000000      0x169 C:/Program Files (x86)/Atmel/Studio/7.0/Packs/atmel/ATmega_DFP/1.3.300/gcc/dev/atmega128/avr51/crtatmega128.o
 .debug_line    0x00000169      0x193 src/ap/ap.o
 .debug_line    0x000002fc      0x269 src/bsp/atmega128_it.o
 .debug_line    0x00000565       0x3c src/bsp/bsp.o
 .debug_line    0x000005a1      0x1bd src/common/core/qbuffer.o
 .debug_line    0x0000075e      0x1ab src/hw/driver/gpio.o
 .debug_line    0x00000909      0x4e2 src/hw/driver/timer.o
 .debug_line    0x00000deb      0x2ff src/hw/driver/uart.o
 .debug_line    0x000010ea       0x9e src/hw/hw.o
 .debug_line    0x00001188      0x193 src/lib/Drivers/Src/atmega128_DRV_gpio.o
 .debug_line    0x0000131b     0x104f src/lib/Drivers/Src/atmega128_DRV_timer.o
 .debug_line    0x0000236a      0x46e src/lib/Drivers/Src/atmega128_DRV_uart.o
 .debug_line    0x000027d8       0x75 src/main.o

.debug_frame    0x00000000      0xb48
 *(.debug_frame)
 .debug_frame   0x00000000       0x34 src/ap/ap.o
 .debug_frame   0x00000034      0x33c src/bsp/atmega128_it.o
 .debug_frame   0x00000370       0x24 src/bsp/bsp.o
 .debug_frame   0x00000394      0x114 src/common/core/qbuffer.o
 .debug_frame   0x000004a8       0x90 src/hw/driver/gpio.o
 .debug_frame   0x00000538       0xdc src/hw/driver/timer.o
 .debug_frame   0x00000614       0xe8 src/hw/driver/uart.o
 .debug_frame   0x000006fc       0x24 src/hw/hw.o
 .debug_frame   0x00000720       0x54 src/lib/Drivers/Src/atmega128_DRV_gpio.o
 .debug_frame   0x00000774      0x268 src/lib/Drivers/Src/atmega128_DRV_timer.o
 .debug_frame   0x000009dc      0x148 src/lib/Drivers/Src/atmega128_DRV_uart.o
 .debug_frame   0x00000b24       0x24 src/main.o

.debug_str      0x00000000      0xe8b
 *(.debug_str)
 .debug_str     0x00000000      0x27d C:/Program Files (x86)/Atmel/Studio/7.0/Packs/atmel/ATmega_DFP/1.3.300/gcc/dev/atmega128/avr51/crtatmega128.o
 .debug_str     0x0000027d      0x1a4 src/ap/ap.o
                                0x1dd (size before relaxing)
 .debug_str     0x00000421      0x277 src/bsp/atmega128_it.o
                                0x3e7 (size before relaxing)
 .debug_str     0x00000698       0x19 src/bsp/bsp.o
                                0x171 (size before relaxing)
 .debug_str     0x000006b1       0xa1 src/common/core/qbuffer.o
                                0x20a (size before relaxing)
 .debug_str     0x00000752      0x109 src/hw/driver/gpio.o
                                0x274 (size before relaxing)
 .debug_str     0x0000085b      0x11b src/hw/driver/timer.o
                                0x336 (size before relaxing)
 .debug_str     0x00000976      0x119 src/hw/driver/uart.o
                                0x3ce (size before relaxing)
 .debug_str     0x00000a8f       0x16 src/hw/hw.o
                                0x192 (size before relaxing)
 .debug_str     0x00000aa5       0x67 src/lib/Drivers/Src/atmega128_DRV_gpio.o
                                0x23a (size before relaxing)
 .debug_str     0x00000b0c      0x2ab src/lib/Drivers/Src/atmega128_DRV_timer.o
                                0x57d (size before relaxing)
 .debug_str     0x00000db7       0xc1 src/lib/Drivers/Src/atmega128_DRV_uart.o
                                0x38b (size before relaxing)
 .debug_str     0x00000e78       0x13 src/main.o
                                0x180 (size before relaxing)

.debug_loc      0x00000000     0x2c85
 *(.debug_loc)
 .debug_loc     0x00000000       0x48 src/ap/ap.o
 .debug_loc     0x00000048      0x698 src/bsp/atmega128_it.o
 .debug_loc     0x000006e0      0x4e3 src/common/core/qbuffer.o
 .debug_loc     0x00000bc3      0x236 src/hw/driver/gpio.o
 .debug_loc     0x00000df9      0xadf src/hw/driver/timer.o
 .debug_loc     0x000018d8      0x456 src/hw/driver/uart.o
 .debug_loc     0x00001d2e      0x1b2 src/lib/Drivers/Src/atmega128_DRV_gpio.o
 .debug_loc     0x00001ee0      0x73b src/lib/Drivers/Src/atmega128_DRV_timer.o
 .debug_loc     0x0000261b      0x66a src/lib/Drivers/Src/atmega128_DRV_uart.o

.debug_macinfo
 *(.debug_macinfo)

.debug_weaknames
 *(.debug_weaknames)

.debug_funcnames
 *(.debug_funcnames)

.debug_typenames
 *(.debug_typenames)

.debug_varnames
 *(.debug_varnames)

.debug_pubtypes
 *(.debug_pubtypes)

.debug_ranges   0x00000000      0x3a0
 *(.debug_ranges)
 .debug_ranges  0x00000000       0x18 src/ap/ap.o
 .debug_ranges  0x00000018       0x88 src/bsp/atmega128_it.o
 .debug_ranges  0x000000a0       0x10 src/bsp/bsp.o
 .debug_ranges  0x000000b0       0x58 src/common/core/qbuffer.o
 .debug_ranges  0x00000108       0x30 src/hw/driver/gpio.o
 .debug_ranges  0x00000138       0x60 src/hw/driver/timer.o
 .debug_ranges  0x00000198       0x50 src/hw/driver/uart.o
 .debug_ranges  0x000001e8       0x10 src/hw/hw.o
 .debug_ranges  0x000001f8       0x28 src/lib/Drivers/Src/atmega128_DRV_gpio.o
 .debug_ranges  0x00000220      0x120 src/lib/Drivers/Src/atmega128_DRV_timer.o
 .debug_ranges  0x00000340       0x50 src/lib/Drivers/Src/atmega128_DRV_uart.o
 .debug_ranges  0x00000390       0x10 src/main.o

.debug_macro
 *(.debug_macro)
OUTPUT(ATMEGA_fw.elf elf32-avr)
LOAD linker stubs
