Archive member included to satisfy reference by file (symbol)

c:/program files (x86)/atmel/studio/7.0/toolchain/avr8/avr8-gnu-toolchain/bin/../lib/gcc/avr/5.4.0/../../../../avr/lib/avr51\libm.a(addsf3.o)
                              src/lib/Drivers/Src/atmega128_DRV_uart.o (__subsf3)
c:/program files (x86)/atmel/studio/7.0/toolchain/avr8/avr8-gnu-toolchain/bin/../lib/gcc/avr/5.4.0/../../../../avr/lib/avr51\libm.a(addsf3x.o)
                              c:/program files (x86)/atmel/studio/7.0/toolchain/avr8/avr8-gnu-toolchain/bin/../lib/gcc/avr/5.4.0/../../../../avr/lib/avr51\libm.a(addsf3.o) (__addsf3x)
c:/program files (x86)/atmel/studio/7.0/toolchain/avr8/avr8-gnu-toolchain/bin/../lib/gcc/avr/5.4.0/../../../../avr/lib/avr51\libm.a(divsf3.o)
                              src/lib/Drivers/Src/atmega128_DRV_uart.o (__divsf3)
c:/program files (x86)/atmel/studio/7.0/toolchain/avr8/avr8-gnu-toolchain/bin/../lib/gcc/avr/5.4.0/../../../../avr/lib/avr51\libm.a(divsf3x.o)
                              c:/program files (x86)/atmel/studio/7.0/toolchain/avr8/avr8-gnu-toolchain/bin/../lib/gcc/avr/5.4.0/../../../../avr/lib/avr51\libm.a(divsf3.o) (__divsf3x)
c:/program files (x86)/atmel/studio/7.0/toolchain/avr8/avr8-gnu-toolchain/bin/../lib/gcc/avr/5.4.0/../../../../avr/lib/avr51\libm.a(fixunssfsi.o)
                              src/lib/Drivers/Src/atmega128_DRV_uart.o (__fixunssfsi)
c:/program files (x86)/atmel/studio/7.0/toolchain/avr8/avr8-gnu-toolchain/bin/../lib/gcc/avr/5.4.0/../../../../avr/lib/avr51\libm.a(floatsisf.o)
                              src/lib/Drivers/Src/atmega128_DRV_uart.o (__floatunsisf)
c:/program files (x86)/atmel/studio/7.0/toolchain/avr8/avr8-gnu-toolchain/bin/../lib/gcc/avr/5.4.0/../../../../avr/lib/avr51\libm.a(fp_inf.o)
                              c:/program files (x86)/atmel/studio/7.0/toolchain/avr8/avr8-gnu-toolchain/bin/../lib/gcc/avr/5.4.0/../../../../avr/lib/avr51\libm.a(addsf3x.o) (__fp_inf)
c:/program files (x86)/atmel/studio/7.0/toolchain/avr8/avr8-gnu-toolchain/bin/../lib/gcc/avr/5.4.0/../../../../avr/lib/avr51\libm.a(fp_nan.o)
                              c:/program files (x86)/atmel/studio/7.0/toolchain/avr8/avr8-gnu-toolchain/bin/../lib/gcc/avr/5.4.0/../../../../avr/lib/avr51\libm.a(addsf3x.o) (__fp_nan)
c:/program files (x86)/atmel/studio/7.0/toolchain/avr8/avr8-gnu-toolchain/bin/../lib/gcc/avr/5.4.0/../../../../avr/lib/avr51\libm.a(fp_pscA.o)
                              c:/program files (x86)/atmel/studio/7.0/toolchain/avr8/avr8-gnu-toolchain/bin/../lib/gcc/avr/5.4.0/../../../../avr/lib/avr51\libm.a(addsf3x.o) (__fp_pscA)
c:/program files (x86)/atmel/studio/7.0/toolchain/avr8/avr8-gnu-toolchain/bin/../lib/gcc/avr/5.4.0/../../../../avr/lib/avr51\libm.a(fp_pscB.o)
                              c:/program files (x86)/atmel/studio/7.0/toolchain/avr8/avr8-gnu-toolchain/bin/../lib/gcc/avr/5.4.0/../../../../avr/lib/avr51\libm.a(addsf3x.o) (__fp_pscB)
c:/program files (x86)/atmel/studio/7.0/toolchain/avr8/avr8-gnu-toolchain/bin/../lib/gcc/avr/5.4.0/../../../../avr/lib/avr51\libm.a(fp_round.o)
                              c:/program files (x86)/atmel/studio/7.0/toolchain/avr8/avr8-gnu-toolchain/bin/../lib/gcc/avr/5.4.0/../../../../avr/lib/avr51\libm.a(addsf3.o) (__fp_round)
c:/program files (x86)/atmel/studio/7.0/toolchain/avr8/avr8-gnu-toolchain/bin/../lib/gcc/avr/5.4.0/../../../../avr/lib/avr51\libm.a(fp_split3.o)
                              c:/program files (x86)/atmel/studio/7.0/toolchain/avr8/avr8-gnu-toolchain/bin/../lib/gcc/avr/5.4.0/../../../../avr/lib/avr51\libm.a(addsf3x.o) (__fp_split3)
c:/program files (x86)/atmel/studio/7.0/toolchain/avr8/avr8-gnu-toolchain/bin/../lib/gcc/avr/5.4.0/../../../../avr/lib/avr51\libm.a(fp_zero.o)
                              c:/program files (x86)/atmel/studio/7.0/toolchain/avr8/avr8-gnu-toolchain/bin/../lib/gcc/avr/5.4.0/../../../../avr/lib/avr51\libm.a(addsf3x.o) (__fp_zero)
c:/program files (x86)/atmel/studio/7.0/toolchain/avr8/avr8-gnu-toolchain/bin/../lib/gcc/avr/5.4.0/avr51\libgcc.a(_divmodhi4.o)
                              src/hw/driver/drivemotor.o (__divmodhi4)
c:/program files (x86)/atmel/studio/7.0/toolchain/avr8/avr8-gnu-toolchain/bin/../lib/gcc/avr/5.4.0/avr51\libgcc.a(_udivmodsi4.o)
                              src/common/core/qbuffer.o (__udivmodsi4)
c:/program files (x86)/atmel/studio/7.0/toolchain/avr8/avr8-gnu-toolchain/bin/../lib/gcc/avr/5.4.0/avr51\libgcc.a(_exit.o)
                              C:/Program Files (x86)/Atmel/Studio/7.0/Packs/atmel/ATmega_DFP/1.3.300/gcc/dev/atmega128/avr51/crtatmega128.o (exit)
c:/program files (x86)/atmel/studio/7.0/toolchain/avr8/avr8-gnu-toolchain/bin/../lib/gcc/avr/5.4.0/avr51\libgcc.a(_tablejump2.o)
                              src/lib/Drivers/Src/atmega128_DRV_timer.o (__tablejump2__)
c:/program files (x86)/atmel/studio/7.0/toolchain/avr8/avr8-gnu-toolchain/bin/../lib/gcc/avr/5.4.0/avr51\libgcc.a(_copy_data.o)
                              src/ap/ap.o (__do_copy_data)
c:/program files (x86)/atmel/studio/7.0/toolchain/avr8/avr8-gnu-toolchain/bin/../lib/gcc/avr/5.4.0/avr51\libgcc.a(_clear_bss.o)
                              src/hw/driver/ctc.o (__do_clear_bss)
c:/program files (x86)/atmel/studio/7.0/toolchain/avr8/avr8-gnu-toolchain/bin/../lib/gcc/avr/5.4.0/avr51\libgcc.a(_udivmodhi4.o)
                              c:/program files (x86)/atmel/studio/7.0/toolchain/avr8/avr8-gnu-toolchain/bin/../lib/gcc/avr/5.4.0/avr51\libgcc.a(_divmodhi4.o) (__udivmodhi4)
c:/program files (x86)/atmel/studio/7.0/toolchain/avr8/avr8-gnu-toolchain/bin/../lib/gcc/avr/5.4.0/../../../../avr/lib/avr51\libc.a(vsnprintf.o)
                              src/hw/driver/uart.o (vsnprintf)
c:/program files (x86)/atmel/studio/7.0/toolchain/avr8/avr8-gnu-toolchain/bin/../lib/gcc/avr/5.4.0/../../../../avr/lib/avr51\libc.a(vfprintf_std.o)
                              c:/program files (x86)/atmel/studio/7.0/toolchain/avr8/avr8-gnu-toolchain/bin/../lib/gcc/avr/5.4.0/../../../../avr/lib/avr51\libc.a(vsnprintf.o) (vfprintf)
c:/program files (x86)/atmel/studio/7.0/toolchain/avr8/avr8-gnu-toolchain/bin/../lib/gcc/avr/5.4.0/../../../../avr/lib/avr51\libc.a(strnlen_P.o)
                              c:/program files (x86)/atmel/studio/7.0/toolchain/avr8/avr8-gnu-toolchain/bin/../lib/gcc/avr/5.4.0/../../../../avr/lib/avr51\libc.a(vfprintf_std.o) (strnlen_P)
c:/program files (x86)/atmel/studio/7.0/toolchain/avr8/avr8-gnu-toolchain/bin/../lib/gcc/avr/5.4.0/../../../../avr/lib/avr51\libc.a(strnlen.o)
                              c:/program files (x86)/atmel/studio/7.0/toolchain/avr8/avr8-gnu-toolchain/bin/../lib/gcc/avr/5.4.0/../../../../avr/lib/avr51\libc.a(vfprintf_std.o) (strnlen)
c:/program files (x86)/atmel/studio/7.0/toolchain/avr8/avr8-gnu-toolchain/bin/../lib/gcc/avr/5.4.0/../../../../avr/lib/avr51\libc.a(fputc.o)
                              c:/program files (x86)/atmel/studio/7.0/toolchain/avr8/avr8-gnu-toolchain/bin/../lib/gcc/avr/5.4.0/../../../../avr/lib/avr51\libc.a(vfprintf_std.o) (fputc)
c:/program files (x86)/atmel/studio/7.0/toolchain/avr8/avr8-gnu-toolchain/bin/../lib/gcc/avr/5.4.0/../../../../avr/lib/avr51\libc.a(ultoa_invert.o)
                              c:/program files (x86)/atmel/studio/7.0/toolchain/avr8/avr8-gnu-toolchain/bin/../lib/gcc/avr/5.4.0/../../../../avr/lib/avr51\libc.a(vfprintf_std.o) (__ultoa_invert)

Allocating common symbols
Common symbol       size              file

pwm_tbl             0x24              src/hw/driver/pwm.o
htim3_pwm           0x8               src/hw/driver/pwm.o
htim4               0x9               src/hw/driver/ctc.o
htim1_oc            0x5               src/hw/driver/ctc.o
h_a4988_1           0x6               src/hw/driver/drivemotor/a4988.o
htim3               0x9               src/hw/driver/ctc.o
htim4_pwm           0x8               src/hw/driver/pwm.o
htim3_oc            0x9               src/hw/driver/ctc.o
huart1              0x17              src/hw/driver/uart.o
htim2_pwm           0x4               src/hw/driver/pwm.o
h_a4988_2           0x6               src/hw/driver/drivemotor/a4988.o
htim1               0x7               src/hw/driver/ctc.o
ctc_tbl             0x54              src/hw/driver/ctc.o
htim4_oc            0x9               src/hw/driver/ctc.o
htim1_pwm           0x4               src/hw/driver/pwm.o
htim2               0x7               src/hw/driver/ctc.o
a4988_tbl           0xa               src/hw/driver/drivemotor/a4988.o
huart2              0x17              src/hw/driver/uart.o
htim2_oc            0x5               src/hw/driver/ctc.o

Discarded input sections

 .data          0x00000000        0x0 C:/Program Files (x86)/Atmel/Studio/7.0/Packs/atmel/ATmega_DFP/1.3.300/gcc/dev/atmega128/avr51/crtatmega128.o
 .bss           0x00000000        0x0 C:/Program Files (x86)/Atmel/Studio/7.0/Packs/atmel/ATmega_DFP/1.3.300/gcc/dev/atmega128/avr51/crtatmega128.o
 .text          0x00000000        0x0 src/ap/ap.o
 .data          0x00000000        0x0 src/ap/ap.o
 .bss           0x00000000        0x0 src/ap/ap.o
 .text          0x00000000        0x0 src/bsp/atmega128_it.o
 .data          0x00000000        0x0 src/bsp/atmega128_it.o
 .bss           0x00000000        0x0 src/bsp/atmega128_it.o
 .text          0x00000000        0x0 src/bsp/bsp.o
 .data          0x00000000        0x0 src/bsp/bsp.o
 .bss           0x00000000        0x0 src/bsp/bsp.o
 .text          0x00000000        0x0 src/common/core/qbuffer.o
 .data          0x00000000        0x0 src/common/core/qbuffer.o
 .bss           0x00000000        0x0 src/common/core/qbuffer.o
 .text.qbufferInit
                0x00000000        0x2 src/common/core/qbuffer.o
 .text.qbufferRead
                0x00000000       0xc8 src/common/core/qbuffer.o
 .text.qbufferAvailable
                0x00000000       0x34 src/common/core/qbuffer.o
 .text.qbufferFlush
                0x00000000       0x14 src/common/core/qbuffer.o
 .text          0x00000000        0x0 src/hw/driver/ctc.o
 .data          0x00000000        0x0 src/hw/driver/ctc.o
 .bss           0x00000000        0x0 src/hw/driver/ctc.o
 .text.ctcIsOpen
                0x00000000       0x12 src/hw/driver/ctc.o
 .text.ctc16ChannelConfig
                0x00000000      0x10e src/hw/driver/ctc.o
 .text.ctcGetOcr
                0x00000000       0xca src/hw/driver/ctc.o
 .text.ctcSetIcr
                0x00000000       0x88 src/hw/driver/ctc.o
 .text.ctcGetIcr
                0x00000000       0x74 src/hw/driver/ctc.o
 .text.ctcAttachInterrupt
                0x00000000        0x2 src/hw/driver/ctc.o
 .text          0x00000000        0x0 src/hw/driver/drivemotor.o
 .data          0x00000000        0x0 src/hw/driver/drivemotor.o
 .bss           0x00000000        0x0 src/hw/driver/drivemotor.o
 .text.motorIsInit
                0x00000000        0x6 src/hw/driver/drivemotor.o
 .text.motorRun
                0x00000000       0x1e src/hw/driver/drivemotor.o
 .text.motorStop
                0x00000000       0x1e src/hw/driver/drivemotor.o
 .text.motorGetSpeed
                0x00000000       0x50 src/hw/driver/drivemotor.o
 .text.motorGetMotionState
                0x00000000       0x96 src/hw/driver/drivemotor.o
 .text.motorAdvance
                0x00000000        0xc src/hw/driver/drivemotor.o
 .text.motorGoBackward
                0x00000000        0xc src/hw/driver/drivemotor.o
 .text.motorSpin
                0x00000000       0x14 src/hw/driver/drivemotor.o
 .text.motorSteering
                0x00000000      0x252 src/hw/driver/drivemotor.o
 .bss.power_.2661
                0x00000000        0x2 src/hw/driver/drivemotor.o
 .text          0x00000000        0x0 src/hw/driver/drivemotor/a4988.o
 .data          0x00000000        0x0 src/hw/driver/drivemotor/a4988.o
 .bss           0x00000000        0x0 src/hw/driver/drivemotor/a4988.o
 .text          0x00000000        0x0 src/hw/driver/gpio.o
 .data          0x00000000        0x0 src/hw/driver/gpio.o
 .bss           0x00000000        0x0 src/hw/driver/gpio.o
 .text.gpioPinRead
                0x00000000       0x3a src/hw/driver/gpio.o
 .text.gpioPinToggle
                0x00000000       0x22 src/hw/driver/gpio.o
 .text          0x00000000        0x0 src/hw/driver/pwm.o
 .data          0x00000000        0x0 src/hw/driver/pwm.o
 .bss           0x00000000        0x0 src/hw/driver/pwm.o
 .text.pwmBegin
                0x00000000      0x226 src/hw/driver/pwm.o
 .text.pwmIsOpen
                0x00000000       0x1e src/hw/driver/pwm.o
 .text.pwmStart
                0x00000000       0xc6 src/hw/driver/pwm.o
 .text.pwmStop  0x00000000       0xc6 src/hw/driver/pwm.o
 .text.pwm16ChannelConfig
                0x00000000      0x126 src/hw/driver/pwm.o
 .text.pwmSetTcnt
                0x00000000       0xfc src/hw/driver/pwm.o
 .text.pwmGetTcnt
                0x00000000       0xec src/hw/driver/pwm.o
 .text.pwmSetOcr
                0x00000000       0xf6 src/hw/driver/pwm.o
 .text.pwmGetOcr
                0x00000000       0xe6 src/hw/driver/pwm.o
 .text.pwmSetIcr
                0x00000000       0x98 src/hw/driver/pwm.o
 .text.pwmGetIcr
                0x00000000       0x84 src/hw/driver/pwm.o
 .text          0x00000000        0x0 src/hw/driver/uart.o
 .data          0x00000000        0x0 src/hw/driver/uart.o
 .bss           0x00000000        0x0 src/hw/driver/uart.o
 .text.uartAvailable
                0x00000000       0x26 src/hw/driver/uart.o
 .text.uartRead
                0x00000000       0x5e src/hw/driver/uart.o
 .text.uartGetBaud
                0x00000000       0x36 src/hw/driver/uart.o
 .text          0x00000000        0x0 src/hw/hw.o
 .data          0x00000000        0x0 src/hw/hw.o
 .bss           0x00000000        0x0 src/hw/hw.o
 .text          0x00000000        0x0 src/lib/Drivers/Src/atmega128_DRV.o
 .data          0x00000000        0x0 src/lib/Drivers/Src/atmega128_DRV.o
 .bss           0x00000000        0x0 src/lib/Drivers/Src/atmega128_DRV.o
 .debug_info    0x00000000       0x56 src/lib/Drivers/Src/atmega128_DRV.o
 .debug_abbrev  0x00000000       0x26 src/lib/Drivers/Src/atmega128_DRV.o
 .debug_aranges
                0x00000000       0x18 src/lib/Drivers/Src/atmega128_DRV.o
 .debug_line    0x00000000       0x1a src/lib/Drivers/Src/atmega128_DRV.o
 .debug_str     0x00000000      0x17a src/lib/Drivers/Src/atmega128_DRV.o
 .comment       0x00000000       0x31 src/lib/Drivers/Src/atmega128_DRV.o
 .text          0x00000000        0x0 src/lib/Drivers/Src/atmega128_DRV_gpio.o
 .data          0x00000000        0x0 src/lib/Drivers/Src/atmega128_DRV_gpio.o
 .bss           0x00000000        0x0 src/lib/Drivers/Src/atmega128_DRV_gpio.o
 .text.GPIO_ReadPin
                0x00000000       0x2e src/lib/Drivers/Src/atmega128_DRV_gpio.o
 .text.GPIO_TogglePin
                0x00000000       0x30 src/lib/Drivers/Src/atmega128_DRV_gpio.o
 .text          0x00000000        0x0 src/lib/Drivers/Src/atmega128_DRV_timer.o
 .data          0x00000000        0x0 src/lib/Drivers/Src/atmega128_DRV_timer.o
 .bss           0x00000000        0x0 src/lib/Drivers/Src/atmega128_DRV_timer.o
 .text.TIM8_Base_Stop
                0x00000000       0x2a src/lib/Drivers/Src/atmega128_DRV_timer.o
 .text.TIM8_PWM_Init
                0x00000000       0xde src/lib/Drivers/Src/atmega128_DRV_timer.o
 .text.TIM8_PWM_Stop
                0x00000000       0x2a src/lib/Drivers/Src/atmega128_DRV_timer.o
 .text.TIM8_Base_Stop_IT
                0x00000000       0x24 src/lib/Drivers/Src/atmega128_DRV_timer.o
 .text.TIM8_OC_Stop_IT
                0x00000000       0x24 src/lib/Drivers/Src/atmega128_DRV_timer.o
 .text.TIM16_Base_Init
                0x00000000       0x90 src/lib/Drivers/Src/atmega128_DRV_timer.o
 .text.TIM16_Base_Stop
                0x00000000       0x2a src/lib/Drivers/Src/atmega128_DRV_timer.o
 .text.TIM16_OC_Init
                0x00000000      0x370 src/lib/Drivers/Src/atmega128_DRV_timer.o
 .text.TIM16_PWM_Init
                0x00000000      0x3d2 src/lib/Drivers/Src/atmega128_DRV_timer.o
 .progmem.gcc_sw_table.TIM16_PWM_Init
                0x00000000       0x18 src/lib/Drivers/Src/atmega128_DRV_timer.o
 .text.TIM16_PWM_Stop
                0x00000000       0x2a src/lib/Drivers/Src/atmega128_DRV_timer.o
 .text.TIM16_IC_Init
                0x00000000       0x28 src/lib/Drivers/Src/atmega128_DRV_timer.o
 .text.TIM16_IC_Start
                0x00000000       0x28 src/lib/Drivers/Src/atmega128_DRV_timer.o
 .text.TIM16_IC_Stop
                0x00000000       0x28 src/lib/Drivers/Src/atmega128_DRV_timer.o
 .text.TIM16_Base_Stop_IT
                0x00000000       0x28 src/lib/Drivers/Src/atmega128_DRV_timer.o
 .text.TIM16_OC_Stop_IT
                0x00000000       0x7e src/lib/Drivers/Src/atmega128_DRV_timer.o
 .text.TIM16_IC_Start_IT
                0x00000000       0x24 src/lib/Drivers/Src/atmega128_DRV_timer.o
 .text.TIM16_IC_Stop_IT
                0x00000000       0x24 src/lib/Drivers/Src/atmega128_DRV_timer.o
 .text.TIM8_Base_Start
                0x00000000       0x4c src/lib/Drivers/Src/atmega128_DRV_timer.o
 .text.TIM8_Base_Start_IT
                0x00000000       0x24 src/lib/Drivers/Src/atmega128_DRV_timer.o
 .text.TIM8_OC_Start_IT
                0x00000000       0x24 src/lib/Drivers/Src/atmega128_DRV_timer.o
 .text.TIM8_PWM_Start
                0x00000000       0x26 src/lib/Drivers/Src/atmega128_DRV_timer.o
 .text.TIM16_Base_Start
                0x00000000       0x62 src/lib/Drivers/Src/atmega128_DRV_timer.o
 .text.TIM16_Base_Start_IT
                0x00000000       0x28 src/lib/Drivers/Src/atmega128_DRV_timer.o
 .text.TIM16_OC_Start_IT
                0x00000000       0x7e src/lib/Drivers/Src/atmega128_DRV_timer.o
 .text.TIM16_PWM_Start
                0x00000000       0x26 src/lib/Drivers/Src/atmega128_DRV_timer.o
 .text.TIM1_OVF_ElapsedCallback
                0x00000000        0x2 src/lib/Drivers/Src/atmega128_DRV_timer.o
 .text.TIM1_OVF_IRQHandler
                0x00000000        0x6 src/lib/Drivers/Src/atmega128_DRV_timer.o
 .text.TIM3_OVF_ElapsedCallback
                0x00000000        0x2 src/lib/Drivers/Src/atmega128_DRV_timer.o
 .text.TIM3_OVF_IRQHandler
                0x00000000        0x6 src/lib/Drivers/Src/atmega128_DRV_timer.o
 .text.TIM1_OCA_ElapsedCallback
                0x00000000        0x2 src/lib/Drivers/Src/atmega128_DRV_timer.o
 .text.TIM1_OCA_IRQHandler
                0x00000000        0x6 src/lib/Drivers/Src/atmega128_DRV_timer.o
 .text.TIM1_OCB_ElapsedCallback
                0x00000000        0x2 src/lib/Drivers/Src/atmega128_DRV_timer.o
 .text.TIM1_OCB_IRQHandler
                0x00000000        0x6 src/lib/Drivers/Src/atmega128_DRV_timer.o
 .text.TIM1_OCC_ElapsedCallback
                0x00000000        0x2 src/lib/Drivers/Src/atmega128_DRV_timer.o
 .text.TIM1_OCC_IRQHandler
                0x00000000        0x6 src/lib/Drivers/Src/atmega128_DRV_timer.o
 .text.TIM1_CAPT_CpltCallback
                0x00000000        0x2 src/lib/Drivers/Src/atmega128_DRV_timer.o
 .text.TIM1_CAPT_IRQHandler
                0x00000000        0x6 src/lib/Drivers/Src/atmega128_DRV_timer.o
 .text.TIM3_OCA_ElapsedCallback
                0x00000000        0x2 src/lib/Drivers/Src/atmega128_DRV_timer.o
 .text.TIM3_OCA_IRQHandler
                0x00000000        0x6 src/lib/Drivers/Src/atmega128_DRV_timer.o
 .text.TIM3_OCB_ElapsedCallback
                0x00000000        0x2 src/lib/Drivers/Src/atmega128_DRV_timer.o
 .text.TIM3_OCB_IRQHandler
                0x00000000        0x6 src/lib/Drivers/Src/atmega128_DRV_timer.o
 .text.TIM3_OCC_ElapsedCallback
                0x00000000        0x2 src/lib/Drivers/Src/atmega128_DRV_timer.o
 .text.TIM3_OCC_IRQHandler
                0x00000000        0x6 src/lib/Drivers/Src/atmega128_DRV_timer.o
 .text.TIM3_CAPT_CpltCallback
                0x00000000        0x2 src/lib/Drivers/Src/atmega128_DRV_timer.o
 .text.TIM3_CAPT_IRQHandler
                0x00000000        0x6 src/lib/Drivers/Src/atmega128_DRV_timer.o
 .text          0x00000000        0x0 src/lib/Drivers/Src/atmega128_DRV_uart.o
 .data          0x00000000        0x0 src/lib/Drivers/Src/atmega128_DRV_uart.o
 .bss           0x00000000        0x0 src/lib/Drivers/Src/atmega128_DRV_uart.o
 .text.UART_Transmit_IT
                0x00000000       0x38 src/lib/Drivers/Src/atmega128_DRV_uart.o
 .text.UART_TxCpltCallback
                0x00000000        0x2 src/lib/Drivers/Src/atmega128_DRV_uart.o
 .text.UART_RxCpltCallback
                0x00000000        0x2 src/lib/Drivers/Src/atmega128_DRV_uart.o
 .text          0x00000000        0x0 src/main.o
 .data          0x00000000        0x0 src/main.o
 .bss           0x00000000        0x0 src/main.o
 .text          0x00000000        0x0 c:/program files (x86)/atmel/studio/7.0/toolchain/avr8/avr8-gnu-toolchain/bin/../lib/gcc/avr/5.4.0/../../../../avr/lib/avr51\libm.a(addsf3.o)
 .data          0x00000000        0x0 c:/program files (x86)/atmel/studio/7.0/toolchain/avr8/avr8-gnu-toolchain/bin/../lib/gcc/avr/5.4.0/../../../../avr/lib/avr51\libm.a(addsf3.o)
 .bss           0x00000000        0x0 c:/program files (x86)/atmel/studio/7.0/toolchain/avr8/avr8-gnu-toolchain/bin/../lib/gcc/avr/5.4.0/../../../../avr/lib/avr51\libm.a(addsf3.o)
 .text          0x00000000        0x0 c:/program files (x86)/atmel/studio/7.0/toolchain/avr8/avr8-gnu-toolchain/bin/../lib/gcc/avr/5.4.0/../../../../avr/lib/avr51\libm.a(addsf3x.o)
 .data          0x00000000        0x0 c:/program files (x86)/atmel/studio/7.0/toolchain/avr8/avr8-gnu-toolchain/bin/../lib/gcc/avr/5.4.0/../../../../avr/lib/avr51\libm.a(addsf3x.o)
 .bss           0x00000000        0x0 c:/program files (x86)/atmel/studio/7.0/toolchain/avr8/avr8-gnu-toolchain/bin/../lib/gcc/avr/5.4.0/../../../../avr/lib/avr51\libm.a(addsf3x.o)
 .text          0x00000000        0x0 c:/program files (x86)/atmel/studio/7.0/toolchain/avr8/avr8-gnu-toolchain/bin/../lib/gcc/avr/5.4.0/../../../../avr/lib/avr51\libm.a(divsf3.o)
 .data          0x00000000        0x0 c:/program files (x86)/atmel/studio/7.0/toolchain/avr8/avr8-gnu-toolchain/bin/../lib/gcc/avr/5.4.0/../../../../avr/lib/avr51\libm.a(divsf3.o)
 .bss           0x00000000        0x0 c:/program files (x86)/atmel/studio/7.0/toolchain/avr8/avr8-gnu-toolchain/bin/../lib/gcc/avr/5.4.0/../../../../avr/lib/avr51\libm.a(divsf3.o)
 .text          0x00000000        0x0 c:/program files (x86)/atmel/studio/7.0/toolchain/avr8/avr8-gnu-toolchain/bin/../lib/gcc/avr/5.4.0/../../../../avr/lib/avr51\libm.a(divsf3x.o)
 .data          0x00000000        0x0 c:/program files (x86)/atmel/studio/7.0/toolchain/avr8/avr8-gnu-toolchain/bin/../lib/gcc/avr/5.4.0/../../../../avr/lib/avr51\libm.a(divsf3x.o)
 .bss           0x00000000        0x0 c:/program files (x86)/atmel/studio/7.0/toolchain/avr8/avr8-gnu-toolchain/bin/../lib/gcc/avr/5.4.0/../../../../avr/lib/avr51\libm.a(divsf3x.o)
 .text          0x00000000        0x0 c:/program files (x86)/atmel/studio/7.0/toolchain/avr8/avr8-gnu-toolchain/bin/../lib/gcc/avr/5.4.0/../../../../avr/lib/avr51\libm.a(fixunssfsi.o)
 .data          0x00000000        0x0 c:/program files (x86)/atmel/studio/7.0/toolchain/avr8/avr8-gnu-toolchain/bin/../lib/gcc/avr/5.4.0/../../../../avr/lib/avr51\libm.a(fixunssfsi.o)
 .bss           0x00000000        0x0 c:/program files (x86)/atmel/studio/7.0/toolchain/avr8/avr8-gnu-toolchain/bin/../lib/gcc/avr/5.4.0/../../../../avr/lib/avr51\libm.a(fixunssfsi.o)
 .text          0x00000000        0x0 c:/program files (x86)/atmel/studio/7.0/toolchain/avr8/avr8-gnu-toolchain/bin/../lib/gcc/avr/5.4.0/../../../../avr/lib/avr51\libm.a(floatsisf.o)
 .data          0x00000000        0x0 c:/program files (x86)/atmel/studio/7.0/toolchain/avr8/avr8-gnu-toolchain/bin/../lib/gcc/avr/5.4.0/../../../../avr/lib/avr51\libm.a(floatsisf.o)
 .bss           0x00000000        0x0 c:/program files (x86)/atmel/studio/7.0/toolchain/avr8/avr8-gnu-toolchain/bin/../lib/gcc/avr/5.4.0/../../../../avr/lib/avr51\libm.a(floatsisf.o)
 .text          0x00000000        0x0 c:/program files (x86)/atmel/studio/7.0/toolchain/avr8/avr8-gnu-toolchain/bin/../lib/gcc/avr/5.4.0/../../../../avr/lib/avr51\libm.a(fp_inf.o)
 .data          0x00000000        0x0 c:/program files (x86)/atmel/studio/7.0/toolchain/avr8/avr8-gnu-toolchain/bin/../lib/gcc/avr/5.4.0/../../../../avr/lib/avr51\libm.a(fp_inf.o)
 .bss           0x00000000        0x0 c:/program files (x86)/atmel/studio/7.0/toolchain/avr8/avr8-gnu-toolchain/bin/../lib/gcc/avr/5.4.0/../../../../avr/lib/avr51\libm.a(fp_inf.o)
 .text          0x00000000        0x0 c:/program files (x86)/atmel/studio/7.0/toolchain/avr8/avr8-gnu-toolchain/bin/../lib/gcc/avr/5.4.0/../../../../avr/lib/avr51\libm.a(fp_nan.o)
 .data          0x00000000        0x0 c:/program files (x86)/atmel/studio/7.0/toolchain/avr8/avr8-gnu-toolchain/bin/../lib/gcc/avr/5.4.0/../../../../avr/lib/avr51\libm.a(fp_nan.o)
 .bss           0x00000000        0x0 c:/program files (x86)/atmel/studio/7.0/toolchain/avr8/avr8-gnu-toolchain/bin/../lib/gcc/avr/5.4.0/../../../../avr/lib/avr51\libm.a(fp_nan.o)
 .text          0x00000000        0x0 c:/program files (x86)/atmel/studio/7.0/toolchain/avr8/avr8-gnu-toolchain/bin/../lib/gcc/avr/5.4.0/../../../../avr/lib/avr51\libm.a(fp_pscA.o)
 .data          0x00000000        0x0 c:/program files (x86)/atmel/studio/7.0/toolchain/avr8/avr8-gnu-toolchain/bin/../lib/gcc/avr/5.4.0/../../../../avr/lib/avr51\libm.a(fp_pscA.o)
 .bss           0x00000000        0x0 c:/program files (x86)/atmel/studio/7.0/toolchain/avr8/avr8-gnu-toolchain/bin/../lib/gcc/avr/5.4.0/../../../../avr/lib/avr51\libm.a(fp_pscA.o)
 .text          0x00000000        0x0 c:/program files (x86)/atmel/studio/7.0/toolchain/avr8/avr8-gnu-toolchain/bin/../lib/gcc/avr/5.4.0/../../../../avr/lib/avr51\libm.a(fp_pscB.o)
 .data          0x00000000        0x0 c:/program files (x86)/atmel/studio/7.0/toolchain/avr8/avr8-gnu-toolchain/bin/../lib/gcc/avr/5.4.0/../../../../avr/lib/avr51\libm.a(fp_pscB.o)
 .bss           0x00000000        0x0 c:/program files (x86)/atmel/studio/7.0/toolchain/avr8/avr8-gnu-toolchain/bin/../lib/gcc/avr/5.4.0/../../../../avr/lib/avr51\libm.a(fp_pscB.o)
 .text          0x00000000        0x0 c:/program files (x86)/atmel/studio/7.0/toolchain/avr8/avr8-gnu-toolchain/bin/../lib/gcc/avr/5.4.0/../../../../avr/lib/avr51\libm.a(fp_round.o)
 .data          0x00000000        0x0 c:/program files (x86)/atmel/studio/7.0/toolchain/avr8/avr8-gnu-toolchain/bin/../lib/gcc/avr/5.4.0/../../../../avr/lib/avr51\libm.a(fp_round.o)
 .bss           0x00000000        0x0 c:/program files (x86)/atmel/studio/7.0/toolchain/avr8/avr8-gnu-toolchain/bin/../lib/gcc/avr/5.4.0/../../../../avr/lib/avr51\libm.a(fp_round.o)
 .text          0x00000000        0x0 c:/program files (x86)/atmel/studio/7.0/toolchain/avr8/avr8-gnu-toolchain/bin/../lib/gcc/avr/5.4.0/../../../../avr/lib/avr51\libm.a(fp_split3.o)
 .data          0x00000000        0x0 c:/program files (x86)/atmel/studio/7.0/toolchain/avr8/avr8-gnu-toolchain/bin/../lib/gcc/avr/5.4.0/../../../../avr/lib/avr51\libm.a(fp_split3.o)
 .bss           0x00000000        0x0 c:/program files (x86)/atmel/studio/7.0/toolchain/avr8/avr8-gnu-toolchain/bin/../lib/gcc/avr/5.4.0/../../../../avr/lib/avr51\libm.a(fp_split3.o)
 .text          0x00000000        0x0 c:/program files (x86)/atmel/studio/7.0/toolchain/avr8/avr8-gnu-toolchain/bin/../lib/gcc/avr/5.4.0/../../../../avr/lib/avr51\libm.a(fp_zero.o)
 .data          0x00000000        0x0 c:/program files (x86)/atmel/studio/7.0/toolchain/avr8/avr8-gnu-toolchain/bin/../lib/gcc/avr/5.4.0/../../../../avr/lib/avr51\libm.a(fp_zero.o)
 .bss           0x00000000        0x0 c:/program files (x86)/atmel/studio/7.0/toolchain/avr8/avr8-gnu-toolchain/bin/../lib/gcc/avr/5.4.0/../../../../avr/lib/avr51\libm.a(fp_zero.o)
 .text          0x00000000        0x0 c:/program files (x86)/atmel/studio/7.0/toolchain/avr8/avr8-gnu-toolchain/bin/../lib/gcc/avr/5.4.0/avr51\libgcc.a(_divmodhi4.o)
 .data          0x00000000        0x0 c:/program files (x86)/atmel/studio/7.0/toolchain/avr8/avr8-gnu-toolchain/bin/../lib/gcc/avr/5.4.0/avr51\libgcc.a(_divmodhi4.o)
 .bss           0x00000000        0x0 c:/program files (x86)/atmel/studio/7.0/toolchain/avr8/avr8-gnu-toolchain/bin/../lib/gcc/avr/5.4.0/avr51\libgcc.a(_divmodhi4.o)
 .text.libgcc.mul
                0x00000000        0x0 c:/program files (x86)/atmel/studio/7.0/toolchain/avr8/avr8-gnu-toolchain/bin/../lib/gcc/avr/5.4.0/avr51\libgcc.a(_divmodhi4.o)
 .text.libgcc   0x00000000        0x0 c:/program files (x86)/atmel/studio/7.0/toolchain/avr8/avr8-gnu-toolchain/bin/../lib/gcc/avr/5.4.0/avr51\libgcc.a(_divmodhi4.o)
 .text.libgcc.prologue
                0x00000000        0x0 c:/program files (x86)/atmel/studio/7.0/toolchain/avr8/avr8-gnu-toolchain/bin/../lib/gcc/avr/5.4.0/avr51\libgcc.a(_divmodhi4.o)
 .text.libgcc.builtins
                0x00000000        0x0 c:/program files (x86)/atmel/studio/7.0/toolchain/avr8/avr8-gnu-toolchain/bin/../lib/gcc/avr/5.4.0/avr51\libgcc.a(_divmodhi4.o)
 .text.libgcc.fmul
                0x00000000        0x0 c:/program files (x86)/atmel/studio/7.0/toolchain/avr8/avr8-gnu-toolchain/bin/../lib/gcc/avr/5.4.0/avr51\libgcc.a(_divmodhi4.o)
 .text.libgcc.fixed
                0x00000000        0x0 c:/program files (x86)/atmel/studio/7.0/toolchain/avr8/avr8-gnu-toolchain/bin/../lib/gcc/avr/5.4.0/avr51\libgcc.a(_divmodhi4.o)
 .text          0x00000000        0x0 c:/program files (x86)/atmel/studio/7.0/toolchain/avr8/avr8-gnu-toolchain/bin/../lib/gcc/avr/5.4.0/avr51\libgcc.a(_udivmodsi4.o)
 .data          0x00000000        0x0 c:/program files (x86)/atmel/studio/7.0/toolchain/avr8/avr8-gnu-toolchain/bin/../lib/gcc/avr/5.4.0/avr51\libgcc.a(_udivmodsi4.o)
 .bss           0x00000000        0x0 c:/program files (x86)/atmel/studio/7.0/toolchain/avr8/avr8-gnu-toolchain/bin/../lib/gcc/avr/5.4.0/avr51\libgcc.a(_udivmodsi4.o)
 .text.libgcc.mul
                0x00000000        0x0 c:/program files (x86)/atmel/studio/7.0/toolchain/avr8/avr8-gnu-toolchain/bin/../lib/gcc/avr/5.4.0/avr51\libgcc.a(_udivmodsi4.o)
 .text.libgcc   0x00000000        0x0 c:/program files (x86)/atmel/studio/7.0/toolchain/avr8/avr8-gnu-toolchain/bin/../lib/gcc/avr/5.4.0/avr51\libgcc.a(_udivmodsi4.o)
 .text.libgcc.prologue
                0x00000000        0x0 c:/program files (x86)/atmel/studio/7.0/toolchain/avr8/avr8-gnu-toolchain/bin/../lib/gcc/avr/5.4.0/avr51\libgcc.a(_udivmodsi4.o)
 .text.libgcc.builtins
                0x00000000        0x0 c:/program files (x86)/atmel/studio/7.0/toolchain/avr8/avr8-gnu-toolchain/bin/../lib/gcc/avr/5.4.0/avr51\libgcc.a(_udivmodsi4.o)
 .text.libgcc.fmul
                0x00000000        0x0 c:/program files (x86)/atmel/studio/7.0/toolchain/avr8/avr8-gnu-toolchain/bin/../lib/gcc/avr/5.4.0/avr51\libgcc.a(_udivmodsi4.o)
 .text.libgcc.fixed
                0x00000000        0x0 c:/program files (x86)/atmel/studio/7.0/toolchain/avr8/avr8-gnu-toolchain/bin/../lib/gcc/avr/5.4.0/avr51\libgcc.a(_udivmodsi4.o)
 .text          0x00000000        0x0 c:/program files (x86)/atmel/studio/7.0/toolchain/avr8/avr8-gnu-toolchain/bin/../lib/gcc/avr/5.4.0/avr51\libgcc.a(_exit.o)
 .data          0x00000000        0x0 c:/program files (x86)/atmel/studio/7.0/toolchain/avr8/avr8-gnu-toolchain/bin/../lib/gcc/avr/5.4.0/avr51\libgcc.a(_exit.o)
 .bss           0x00000000        0x0 c:/program files (x86)/atmel/studio/7.0/toolchain/avr8/avr8-gnu-toolchain/bin/../lib/gcc/avr/5.4.0/avr51\libgcc.a(_exit.o)
 .text.libgcc.mul
                0x00000000        0x0 c:/program files (x86)/atmel/studio/7.0/toolchain/avr8/avr8-gnu-toolchain/bin/../lib/gcc/avr/5.4.0/avr51\libgcc.a(_exit.o)
 .text.libgcc.div
                0x00000000        0x0 c:/program files (x86)/atmel/studio/7.0/toolchain/avr8/avr8-gnu-toolchain/bin/../lib/gcc/avr/5.4.0/avr51\libgcc.a(_exit.o)
 .text.libgcc   0x00000000        0x0 c:/program files (x86)/atmel/studio/7.0/toolchain/avr8/avr8-gnu-toolchain/bin/../lib/gcc/avr/5.4.0/avr51\libgcc.a(_exit.o)
 .text.libgcc.prologue
                0x00000000        0x0 c:/program files (x86)/atmel/studio/7.0/toolchain/avr8/avr8-gnu-toolchain/bin/../lib/gcc/avr/5.4.0/avr51\libgcc.a(_exit.o)
 .text.libgcc.builtins
                0x00000000        0x0 c:/program files (x86)/atmel/studio/7.0/toolchain/avr8/avr8-gnu-toolchain/bin/../lib/gcc/avr/5.4.0/avr51\libgcc.a(_exit.o)
 .text.libgcc.fmul
                0x00000000        0x0 c:/program files (x86)/atmel/studio/7.0/toolchain/avr8/avr8-gnu-toolchain/bin/../lib/gcc/avr/5.4.0/avr51\libgcc.a(_exit.o)
 .text.libgcc.fixed
                0x00000000        0x0 c:/program files (x86)/atmel/studio/7.0/toolchain/avr8/avr8-gnu-toolchain/bin/../lib/gcc/avr/5.4.0/avr51\libgcc.a(_exit.o)
 .text          0x00000000        0x0 c:/program files (x86)/atmel/studio/7.0/toolchain/avr8/avr8-gnu-toolchain/bin/../lib/gcc/avr/5.4.0/avr51\libgcc.a(_tablejump2.o)
 .data          0x00000000        0x0 c:/program files (x86)/atmel/studio/7.0/toolchain/avr8/avr8-gnu-toolchain/bin/../lib/gcc/avr/5.4.0/avr51\libgcc.a(_tablejump2.o)
 .bss           0x00000000        0x0 c:/program files (x86)/atmel/studio/7.0/toolchain/avr8/avr8-gnu-toolchain/bin/../lib/gcc/avr/5.4.0/avr51\libgcc.a(_tablejump2.o)
 .text.libgcc.mul
                0x00000000        0x0 c:/program files (x86)/atmel/studio/7.0/toolchain/avr8/avr8-gnu-toolchain/bin/../lib/gcc/avr/5.4.0/avr51\libgcc.a(_tablejump2.o)
 .text.libgcc.div
                0x00000000        0x0 c:/program files (x86)/atmel/studio/7.0/toolchain/avr8/avr8-gnu-toolchain/bin/../lib/gcc/avr/5.4.0/avr51\libgcc.a(_tablejump2.o)
 .text.libgcc.prologue
                0x00000000        0x0 c:/program files (x86)/atmel/studio/7.0/toolchain/avr8/avr8-gnu-toolchain/bin/../lib/gcc/avr/5.4.0/avr51\libgcc.a(_tablejump2.o)
 .text.libgcc.builtins
                0x00000000        0x0 c:/program files (x86)/atmel/studio/7.0/toolchain/avr8/avr8-gnu-toolchain/bin/../lib/gcc/avr/5.4.0/avr51\libgcc.a(_tablejump2.o)
 .text.libgcc.fmul
                0x00000000        0x0 c:/program files (x86)/atmel/studio/7.0/toolchain/avr8/avr8-gnu-toolchain/bin/../lib/gcc/avr/5.4.0/avr51\libgcc.a(_tablejump2.o)
 .text.libgcc.fixed
                0x00000000        0x0 c:/program files (x86)/atmel/studio/7.0/toolchain/avr8/avr8-gnu-toolchain/bin/../lib/gcc/avr/5.4.0/avr51\libgcc.a(_tablejump2.o)
 .text          0x00000000        0x0 c:/program files (x86)/atmel/studio/7.0/toolchain/avr8/avr8-gnu-toolchain/bin/../lib/gcc/avr/5.4.0/avr51\libgcc.a(_copy_data.o)
 .data          0x00000000        0x0 c:/program files (x86)/atmel/studio/7.0/toolchain/avr8/avr8-gnu-toolchain/bin/../lib/gcc/avr/5.4.0/avr51\libgcc.a(_copy_data.o)
 .bss           0x00000000        0x0 c:/program files (x86)/atmel/studio/7.0/toolchain/avr8/avr8-gnu-toolchain/bin/../lib/gcc/avr/5.4.0/avr51\libgcc.a(_copy_data.o)
 .text.libgcc.mul
                0x00000000        0x0 c:/program files (x86)/atmel/studio/7.0/toolchain/avr8/avr8-gnu-toolchain/bin/../lib/gcc/avr/5.4.0/avr51\libgcc.a(_copy_data.o)
 .text.libgcc.div
                0x00000000        0x0 c:/program files (x86)/atmel/studio/7.0/toolchain/avr8/avr8-gnu-toolchain/bin/../lib/gcc/avr/5.4.0/avr51\libgcc.a(_copy_data.o)
 .text.libgcc   0x00000000        0x0 c:/program files (x86)/atmel/studio/7.0/toolchain/avr8/avr8-gnu-toolchain/bin/../lib/gcc/avr/5.4.0/avr51\libgcc.a(_copy_data.o)
 .text.libgcc.prologue
                0x00000000        0x0 c:/program files (x86)/atmel/studio/7.0/toolchain/avr8/avr8-gnu-toolchain/bin/../lib/gcc/avr/5.4.0/avr51\libgcc.a(_copy_data.o)
 .text.libgcc.builtins
                0x00000000        0x0 c:/program files (x86)/atmel/studio/7.0/toolchain/avr8/avr8-gnu-toolchain/bin/../lib/gcc/avr/5.4.0/avr51\libgcc.a(_copy_data.o)
 .text.libgcc.fmul
                0x00000000        0x0 c:/program files (x86)/atmel/studio/7.0/toolchain/avr8/avr8-gnu-toolchain/bin/../lib/gcc/avr/5.4.0/avr51\libgcc.a(_copy_data.o)
 .text.libgcc.fixed
                0x00000000        0x0 c:/program files (x86)/atmel/studio/7.0/toolchain/avr8/avr8-gnu-toolchain/bin/../lib/gcc/avr/5.4.0/avr51\libgcc.a(_copy_data.o)
 .text          0x00000000        0x0 c:/program files (x86)/atmel/studio/7.0/toolchain/avr8/avr8-gnu-toolchain/bin/../lib/gcc/avr/5.4.0/avr51\libgcc.a(_clear_bss.o)
 .data          0x00000000        0x0 c:/program files (x86)/atmel/studio/7.0/toolchain/avr8/avr8-gnu-toolchain/bin/../lib/gcc/avr/5.4.0/avr51\libgcc.a(_clear_bss.o)
 .bss           0x00000000        0x0 c:/program files (x86)/atmel/studio/7.0/toolchain/avr8/avr8-gnu-toolchain/bin/../lib/gcc/avr/5.4.0/avr51\libgcc.a(_clear_bss.o)
 .text.libgcc.mul
                0x00000000        0x0 c:/program files (x86)/atmel/studio/7.0/toolchain/avr8/avr8-gnu-toolchain/bin/../lib/gcc/avr/5.4.0/avr51\libgcc.a(_clear_bss.o)
 .text.libgcc.div
                0x00000000        0x0 c:/program files (x86)/atmel/studio/7.0/toolchain/avr8/avr8-gnu-toolchain/bin/../lib/gcc/avr/5.4.0/avr51\libgcc.a(_clear_bss.o)
 .text.libgcc   0x00000000        0x0 c:/program files (x86)/atmel/studio/7.0/toolchain/avr8/avr8-gnu-toolchain/bin/../lib/gcc/avr/5.4.0/avr51\libgcc.a(_clear_bss.o)
 .text.libgcc.prologue
                0x00000000        0x0 c:/program files (x86)/atmel/studio/7.0/toolchain/avr8/avr8-gnu-toolchain/bin/../lib/gcc/avr/5.4.0/avr51\libgcc.a(_clear_bss.o)
 .text.libgcc.builtins
                0x00000000        0x0 c:/program files (x86)/atmel/studio/7.0/toolchain/avr8/avr8-gnu-toolchain/bin/../lib/gcc/avr/5.4.0/avr51\libgcc.a(_clear_bss.o)
 .text.libgcc.fmul
                0x00000000        0x0 c:/program files (x86)/atmel/studio/7.0/toolchain/avr8/avr8-gnu-toolchain/bin/../lib/gcc/avr/5.4.0/avr51\libgcc.a(_clear_bss.o)
 .text.libgcc.fixed
                0x00000000        0x0 c:/program files (x86)/atmel/studio/7.0/toolchain/avr8/avr8-gnu-toolchain/bin/../lib/gcc/avr/5.4.0/avr51\libgcc.a(_clear_bss.o)
 .text          0x00000000        0x0 c:/program files (x86)/atmel/studio/7.0/toolchain/avr8/avr8-gnu-toolchain/bin/../lib/gcc/avr/5.4.0/avr51\libgcc.a(_udivmodhi4.o)
 .data          0x00000000        0x0 c:/program files (x86)/atmel/studio/7.0/toolchain/avr8/avr8-gnu-toolchain/bin/../lib/gcc/avr/5.4.0/avr51\libgcc.a(_udivmodhi4.o)
 .bss           0x00000000        0x0 c:/program files (x86)/atmel/studio/7.0/toolchain/avr8/avr8-gnu-toolchain/bin/../lib/gcc/avr/5.4.0/avr51\libgcc.a(_udivmodhi4.o)
 .text.libgcc.mul
                0x00000000        0x0 c:/program files (x86)/atmel/studio/7.0/toolchain/avr8/avr8-gnu-toolchain/bin/../lib/gcc/avr/5.4.0/avr51\libgcc.a(_udivmodhi4.o)
 .text.libgcc   0x00000000        0x0 c:/program files (x86)/atmel/studio/7.0/toolchain/avr8/avr8-gnu-toolchain/bin/../lib/gcc/avr/5.4.0/avr51\libgcc.a(_udivmodhi4.o)
 .text.libgcc.prologue
                0x00000000        0x0 c:/program files (x86)/atmel/studio/7.0/toolchain/avr8/avr8-gnu-toolchain/bin/../lib/gcc/avr/5.4.0/avr51\libgcc.a(_udivmodhi4.o)
 .text.libgcc.builtins
                0x00000000        0x0 c:/program files (x86)/atmel/studio/7.0/toolchain/avr8/avr8-gnu-toolchain/bin/../lib/gcc/avr/5.4.0/avr51\libgcc.a(_udivmodhi4.o)
 .text.libgcc.fmul
                0x00000000        0x0 c:/program files (x86)/atmel/studio/7.0/toolchain/avr8/avr8-gnu-toolchain/bin/../lib/gcc/avr/5.4.0/avr51\libgcc.a(_udivmodhi4.o)
 .text.libgcc.fixed
                0x00000000        0x0 c:/program files (x86)/atmel/studio/7.0/toolchain/avr8/avr8-gnu-toolchain/bin/../lib/gcc/avr/5.4.0/avr51\libgcc.a(_udivmodhi4.o)
 .text          0x00000000        0x0 c:/program files (x86)/atmel/studio/7.0/toolchain/avr8/avr8-gnu-toolchain/bin/../lib/gcc/avr/5.4.0/../../../../avr/lib/avr51\libc.a(vsnprintf.o)
 .data          0x00000000        0x0 c:/program files (x86)/atmel/studio/7.0/toolchain/avr8/avr8-gnu-toolchain/bin/../lib/gcc/avr/5.4.0/../../../../avr/lib/avr51\libc.a(vsnprintf.o)
 .bss           0x00000000        0x0 c:/program files (x86)/atmel/studio/7.0/toolchain/avr8/avr8-gnu-toolchain/bin/../lib/gcc/avr/5.4.0/../../../../avr/lib/avr51\libc.a(vsnprintf.o)
 .text          0x00000000        0x0 c:/program files (x86)/atmel/studio/7.0/toolchain/avr8/avr8-gnu-toolchain/bin/../lib/gcc/avr/5.4.0/../../../../avr/lib/avr51\libc.a(vfprintf_std.o)
 .data          0x00000000        0x0 c:/program files (x86)/atmel/studio/7.0/toolchain/avr8/avr8-gnu-toolchain/bin/../lib/gcc/avr/5.4.0/../../../../avr/lib/avr51\libc.a(vfprintf_std.o)
 .bss           0x00000000        0x0 c:/program files (x86)/atmel/studio/7.0/toolchain/avr8/avr8-gnu-toolchain/bin/../lib/gcc/avr/5.4.0/../../../../avr/lib/avr51\libc.a(vfprintf_std.o)
 .text          0x00000000        0x0 c:/program files (x86)/atmel/studio/7.0/toolchain/avr8/avr8-gnu-toolchain/bin/../lib/gcc/avr/5.4.0/../../../../avr/lib/avr51\libc.a(strnlen_P.o)
 .data          0x00000000        0x0 c:/program files (x86)/atmel/studio/7.0/toolchain/avr8/avr8-gnu-toolchain/bin/../lib/gcc/avr/5.4.0/../../../../avr/lib/avr51\libc.a(strnlen_P.o)
 .bss           0x00000000        0x0 c:/program files (x86)/atmel/studio/7.0/toolchain/avr8/avr8-gnu-toolchain/bin/../lib/gcc/avr/5.4.0/../../../../avr/lib/avr51\libc.a(strnlen_P.o)
 .text          0x00000000        0x0 c:/program files (x86)/atmel/studio/7.0/toolchain/avr8/avr8-gnu-toolchain/bin/../lib/gcc/avr/5.4.0/../../../../avr/lib/avr51\libc.a(strnlen.o)
 .data          0x00000000        0x0 c:/program files (x86)/atmel/studio/7.0/toolchain/avr8/avr8-gnu-toolchain/bin/../lib/gcc/avr/5.4.0/../../../../avr/lib/avr51\libc.a(strnlen.o)
 .bss           0x00000000        0x0 c:/program files (x86)/atmel/studio/7.0/toolchain/avr8/avr8-gnu-toolchain/bin/../lib/gcc/avr/5.4.0/../../../../avr/lib/avr51\libc.a(strnlen.o)
 .text          0x00000000        0x0 c:/program files (x86)/atmel/studio/7.0/toolchain/avr8/avr8-gnu-toolchain/bin/../lib/gcc/avr/5.4.0/../../../../avr/lib/avr51\libc.a(fputc.o)
 .data          0x00000000        0x0 c:/program files (x86)/atmel/studio/7.0/toolchain/avr8/avr8-gnu-toolchain/bin/../lib/gcc/avr/5.4.0/../../../../avr/lib/avr51\libc.a(fputc.o)
 .bss           0x00000000        0x0 c:/program files (x86)/atmel/studio/7.0/toolchain/avr8/avr8-gnu-toolchain/bin/../lib/gcc/avr/5.4.0/../../../../avr/lib/avr51\libc.a(fputc.o)
 .text          0x00000000        0x0 c:/program files (x86)/atmel/studio/7.0/toolchain/avr8/avr8-gnu-toolchain/bin/../lib/gcc/avr/5.4.0/../../../../avr/lib/avr51\libc.a(ultoa_invert.o)
 .data          0x00000000        0x0 c:/program files (x86)/atmel/studio/7.0/toolchain/avr8/avr8-gnu-toolchain/bin/../lib/gcc/avr/5.4.0/../../../../avr/lib/avr51\libc.a(ultoa_invert.o)
 .bss           0x00000000        0x0 c:/program files (x86)/atmel/studio/7.0/toolchain/avr8/avr8-gnu-toolchain/bin/../lib/gcc/avr/5.4.0/../../../../avr/lib/avr51\libc.a(ultoa_invert.o)

Memory Configuration

Name             Origin             Length             Attributes
text             0x00000000         0x00020000         xr
data             0x00800100         0x0000ff00         rw !x
eeprom           0x00810000         0x00010000         rw !x
fuse             0x00820000         0x00000003         rw !x
lock             0x00830000         0x00000400         rw !x
signature        0x00840000         0x00000400         rw !x
user_signatures  0x00850000         0x00000400         rw !x
*default*        0x00000000         0xffffffff

Linker script and memory map

Address of section .data set to 0x800100
LOAD C:/Program Files (x86)/Atmel/Studio/7.0/Packs/atmel/ATmega_DFP/1.3.300/gcc/dev/atmega128/avr51/crtatmega128.o
LOAD src/ap/ap.o
LOAD src/bsp/atmega128_it.o
LOAD src/bsp/bsp.o
LOAD src/common/core/qbuffer.o
LOAD src/hw/driver/ctc.o
LOAD src/hw/driver/drivemotor.o
LOAD src/hw/driver/drivemotor/a4988.o
LOAD src/hw/driver/gpio.o
LOAD src/hw/driver/pwm.o
LOAD src/hw/driver/uart.o
LOAD src/hw/hw.o
LOAD src/lib/Drivers/Src/atmega128_DRV.o
LOAD src/lib/Drivers/Src/atmega128_DRV_gpio.o
LOAD src/lib/Drivers/Src/atmega128_DRV_timer.o
LOAD src/lib/Drivers/Src/atmega128_DRV_uart.o
LOAD src/main.o
START GROUP
LOAD c:/program files (x86)/atmel/studio/7.0/toolchain/avr8/avr8-gnu-toolchain/bin/../lib/gcc/avr/5.4.0/../../../../avr/lib/avr51\libm.a
END GROUP
START GROUP
LOAD c:/program files (x86)/atmel/studio/7.0/toolchain/avr8/avr8-gnu-toolchain/bin/../lib/gcc/avr/5.4.0/avr51\libgcc.a
LOAD c:/program files (x86)/atmel/studio/7.0/toolchain/avr8/avr8-gnu-toolchain/bin/../lib/gcc/avr/5.4.0/../../../../avr/lib/avr51\libm.a
LOAD c:/program files (x86)/atmel/studio/7.0/toolchain/avr8/avr8-gnu-toolchain/bin/../lib/gcc/avr/5.4.0/../../../../avr/lib/avr51\libc.a
LOAD C:/Program Files (x86)/Atmel/Studio/7.0/Packs/atmel/ATmega_DFP/1.3.300/gcc/dev/atmega128/avr51\libatmega128.a
END GROUP
                0x00000000                __TEXT_REGION_ORIGIN__ = DEFINED (__TEXT_REGION_ORIGIN__)?__TEXT_REGION_ORIGIN__:0x0
                0x00800100                __DATA_REGION_ORIGIN__ = DEFINED (__DATA_REGION_ORIGIN__)?__DATA_REGION_ORIGIN__:0x800100
                0x00020000                __TEXT_REGION_LENGTH__ = DEFINED (__TEXT_REGION_LENGTH__)?__TEXT_REGION_LENGTH__:0x20000
                0x0000ff00                __DATA_REGION_LENGTH__ = DEFINED (__DATA_REGION_LENGTH__)?__DATA_REGION_LENGTH__:0xff00
                0x00010000                __EEPROM_REGION_LENGTH__ = DEFINED (__EEPROM_REGION_LENGTH__)?__EEPROM_REGION_LENGTH__:0x10000
                [0x00000003]                __FUSE_REGION_LENGTH__ = DEFINED (__FUSE_REGION_LENGTH__)?__FUSE_REGION_LENGTH__:0x400
                0x00000400                __LOCK_REGION_LENGTH__ = DEFINED (__LOCK_REGION_LENGTH__)?__LOCK_REGION_LENGTH__:0x400
                0x00000400                __SIGNATURE_REGION_LENGTH__ = DEFINED (__SIGNATURE_REGION_LENGTH__)?__SIGNATURE_REGION_LENGTH__:0x400
                0x00000400                __USER_SIGNATURE_REGION_LENGTH__ = DEFINED (__USER_SIGNATURE_REGION_LENGTH__)?__USER_SIGNATURE_REGION_LENGTH__:0x400

.hash
 *(.hash)

.dynsym
 *(.dynsym)

.dynstr
 *(.dynstr)

.gnu.version
 *(.gnu.version)

.gnu.version_d
 *(.gnu.version_d)

.gnu.version_r
 *(.gnu.version_r)

.rel.init
 *(.rel.init)

.rela.init
 *(.rela.init)

.rel.text
 *(.rel.text)
 *(.rel.text.*)
 *(.rel.gnu.linkonce.t*)

.rela.text
 *(.rela.text)
 *(.rela.text.*)
 *(.rela.gnu.linkonce.t*)

.rel.fini
 *(.rel.fini)

.rela.fini
 *(.rela.fini)

.rel.rodata
 *(.rel.rodata)
 *(.rel.rodata.*)
 *(.rel.gnu.linkonce.r*)

.rela.rodata
 *(.rela.rodata)
 *(.rela.rodata.*)
 *(.rela.gnu.linkonce.r*)

.rel.data
 *(.rel.data)
 *(.rel.data.*)
 *(.rel.gnu.linkonce.d*)

.rela.data
 *(.rela.data)
 *(.rela.data.*)
 *(.rela.gnu.linkonce.d*)

.rel.ctors
 *(.rel.ctors)

.rela.ctors
 *(.rela.ctors)

.rel.dtors
 *(.rel.dtors)

.rela.dtors
 *(.rela.dtors)

.rel.got
 *(.rel.got)

.rela.got
 *(.rela.got)

.rel.bss
 *(.rel.bss)

.rela.bss
 *(.rela.bss)

.rel.plt
 *(.rel.plt)

.rela.plt
 *(.rela.plt)

.text           0x00000000     0x294a
 *(.vectors)
 .vectors       0x00000000       0x8c C:/Program Files (x86)/Atmel/Studio/7.0/Packs/atmel/ATmega_DFP/1.3.300/gcc/dev/atmega128/avr51/crtatmega128.o
                0x00000000                __vector_default
                0x00000000                __vectors
 *(.vectors)
 *(.progmem.gcc*)
 .progmem.gcc_sw_table.TIM0_CLK_Configuration
                0x0000008c        0xe src/lib/Drivers/Src/atmega128_DRV_timer.o
                0x0000009a                . = ALIGN (0x2)
                0x0000009a                __trampolines_start = .
 *(.trampolines)
 .trampolines   0x0000009a        0x0 linker stubs
 *(.trampolines*)
                0x0000009a                __trampolines_end = .
 *libprintf_flt.a:*(.progmem.data)
 *libc.a:*(.progmem.data)
 *(.progmem*)
                0x0000009a                . = ALIGN (0x2)
 *(.jumptables)
 *(.jumptables*)
 *(.lowtext)
 *(.lowtext*)
                0x0000009a                __ctors_start = .
 *(.ctors)
                0x0000009a                __ctors_end = .
                0x0000009a                __dtors_start = .
 *(.dtors)
                0x0000009a                __dtors_end = .
 SORT(*)(.ctors)
 SORT(*)(.dtors)
 *(.init0)
 .init0         0x0000009a        0x0 C:/Program Files (x86)/Atmel/Studio/7.0/Packs/atmel/ATmega_DFP/1.3.300/gcc/dev/atmega128/avr51/crtatmega128.o
                0x0000009a                __init
 *(.init0)
 *(.init1)
 *(.init1)
 *(.init2)
 .init2         0x0000009a        0xc C:/Program Files (x86)/Atmel/Studio/7.0/Packs/atmel/ATmega_DFP/1.3.300/gcc/dev/atmega128/avr51/crtatmega128.o
 *(.init2)
 *(.init3)
 *(.init3)
 *(.init4)
 .init4         0x000000a6       0x1a c:/program files (x86)/atmel/studio/7.0/toolchain/avr8/avr8-gnu-toolchain/bin/../lib/gcc/avr/5.4.0/avr51\libgcc.a(_copy_data.o)
                0x000000a6                __do_copy_data
 .init4         0x000000c0       0x10 c:/program files (x86)/atmel/studio/7.0/toolchain/avr8/avr8-gnu-toolchain/bin/../lib/gcc/avr/5.4.0/avr51\libgcc.a(_clear_bss.o)
                0x000000c0                __do_clear_bss
 *(.init4)
 *(.init5)
 *(.init5)
 *(.init6)
 *(.init6)
 *(.init7)
 *(.init7)
 *(.init8)
 *(.init8)
 *(.init9)
 .init9         0x000000d0        0x8 C:/Program Files (x86)/Atmel/Studio/7.0/Packs/atmel/ATmega_DFP/1.3.300/gcc/dev/atmega128/avr51/crtatmega128.o
 *(.init9)
 *(.text)
 .text          0x000000d8        0x2 C:/Program Files (x86)/Atmel/Studio/7.0/Packs/atmel/ATmega_DFP/1.3.300/gcc/dev/atmega128/avr51/crtatmega128.o
                0x000000d8                __vector_22
                0x000000d8                __vector_1
                0x000000d8                __vector_32
                0x000000d8                __vector_34
                0x000000d8                __bad_interrupt
                0x000000d8                __vector_6
                0x000000d8                __vector_31
                0x000000d8                __vector_3
                0x000000d8                __vector_23
                0x000000d8                __vector_30
                0x000000d8                __vector_17
                0x000000d8                __vector_19
                0x000000d8                __vector_7
                0x000000d8                __vector_5
                0x000000d8                __vector_33
                0x000000d8                __vector_4
                0x000000d8                __vector_2
                0x000000d8                __vector_21
                0x000000d8                __vector_8
                0x000000da                . = ALIGN (0x2)
 *(.text.*)
 .text.apInit   0x000000da       0x22 src/ap/ap.o
                0x000000da                apInit
 .text.apMain   0x000000fc       0xc6 src/ap/ap.o
                0x000000fc                apMain
 .text.__vector_18
                0x000001c2       0x54 src/bsp/atmega128_it.o
                0x000001c2                __vector_18
 .text.__vector_20
                0x00000216       0x54 src/bsp/atmega128_it.o
                0x00000216                __vector_20
 .text.__vector_16
                0x0000026a       0x54 src/bsp/atmega128_it.o
                0x0000026a                __vector_16
 .text.__vector_15
                0x000002be       0x54 src/bsp/atmega128_it.o
                0x000002be                __vector_15
 .text.__vector_14
                0x00000312       0x14 src/bsp/atmega128_it.o
                0x00000312                __vector_14
 .text.__vector_12
                0x00000326       0x14 src/bsp/atmega128_it.o
                0x00000326                __vector_12
 .text.__vector_13
                0x0000033a       0x14 src/bsp/atmega128_it.o
                0x0000033a                __vector_13
 .text.__vector_24
                0x0000034e       0x14 src/bsp/atmega128_it.o
                0x0000034e                __vector_24
 .text.__vector_11
                0x00000362       0x14 src/bsp/atmega128_it.o
                0x00000362                __vector_11
 .text.__vector_10
                0x00000376       0x54 src/bsp/atmega128_it.o
                0x00000376                __vector_10
 .text.__vector_9
                0x000003ca       0x54 src/bsp/atmega128_it.o
                0x000003ca                __vector_9
 .text.__vector_29
                0x0000041e       0x14 src/bsp/atmega128_it.o
                0x0000041e                __vector_29
 .text.__vector_26
                0x00000432       0x14 src/bsp/atmega128_it.o
                0x00000432                __vector_26
 .text.__vector_27
                0x00000446       0x14 src/bsp/atmega128_it.o
                0x00000446                __vector_27
 .text.__vector_28
                0x0000045a       0x14 src/bsp/atmega128_it.o
                0x0000045a                __vector_28
 .text.__vector_25
                0x0000046e       0x14 src/bsp/atmega128_it.o
                0x0000046e                __vector_25
 .text.bspInit  0x00000482        0x2 src/bsp/bsp.o
                0x00000482                bspInit
 .text.qbufferCreate
                0x00000484       0x22 src/common/core/qbuffer.o
                0x00000484                qbufferCreate
 .text.qbufferWrite
                0x000004a6      0x14c src/common/core/qbuffer.o
                0x000004a6                qbufferWrite
 .text.ctcInit  0x000005f2       0x3e src/hw/driver/ctc.o
                0x000005f2                ctcInit
 .text.ctcBegin
                0x00000630      0x1fa src/hw/driver/ctc.o
                0x00000630                ctcBegin
 .text.ctcStart
                0x0000082a       0x9e src/hw/driver/ctc.o
                0x0000082a                ctcStart
 .text.ctcStop  0x000008c8       0x9a src/hw/driver/ctc.o
                0x000008c8                ctcStop
 .text.ctcSetTcnt
                0x00000962       0xdc src/hw/driver/ctc.o
                0x00000962                ctcSetTcnt
 .text.ctcGetTcnt
                0x00000a3e       0xcc src/hw/driver/ctc.o
                0x00000a3e                ctcGetTcnt
 .text.ctcSetOcr
                0x00000b0a       0xda src/hw/driver/ctc.o
                0x00000b0a                ctcSetOcr
 .text.motorBreak
                0x00000be4       0x1e src/hw/driver/drivemotor.o
                0x00000be4                motorBreak
 .text.motorSetSpeed
                0x00000c02       0x3a src/hw/driver/drivemotor.o
                0x00000c02                motorSetSpeed
 .text.motorSetMotionState
                0x00000c3c       0x80 src/hw/driver/drivemotor.o
                0x00000c3c                motorSetMotionState
 .text.motorInit
                0x00000cbc       0x4c src/hw/driver/drivemotor.o
                0x00000cbc                motorInit
 .text.a4988GetDirection
                0x00000d08       0x50 src/hw/driver/drivemotor/a4988.o
                0x00000d08                a4988GetDirection
 .text.a4988GetSpeed
                0x00000d58       0x20 src/hw/driver/drivemotor/a4988.o
                0x00000d58                a4988GetSpeed
 .text.a4988SetCallBack
                0x00000d78        0x2 src/hw/driver/drivemotor/a4988.o
                0x00000d78                a4988SetCallBack
 .text.a4988Init
                0x00000d7a       0xc2 src/hw/driver/drivemotor/a4988.o
                0x00000d7a                a4988Init
 .text.a4988SetDirection
                0x00000e3c       0x86 src/hw/driver/drivemotor/a4988.o
                0x00000e3c                a4988SetDirection
 .text.a4988SetSpeed
                0x00000ec2       0x58 src/hw/driver/drivemotor/a4988.o
                0x00000ec2                a4988SetSpeed
 .text.a4988DriverInit
                0x00000f1a       0x4e src/hw/driver/drivemotor/a4988.o
                0x00000f1a                a4988DriverInit
 .text.a4988Enable
                0x00000f68        0xa src/hw/driver/drivemotor/a4988.o
                0x00000f68                a4988Enable
 .text.a4988Start
                0x00000f72       0x2c src/hw/driver/drivemotor/a4988.o
                0x00000f72                a4988Start
 .text.a4988Disable
                0x00000f9e        0xa src/hw/driver/drivemotor/a4988.o
                0x00000f9e                a4988Disable
 .text.a4988Stop
                0x00000fa8       0x38 src/hw/driver/drivemotor/a4988.o
                0x00000fa8                a4988Stop
 .text.a4988Hold
                0x00000fe0        0x6 src/hw/driver/drivemotor/a4988.o
                0x00000fe0                a4988Hold
 .text.gpioPinMode
                0x00000fe6       0x4c src/hw/driver/gpio.o
                0x00000fe6                gpioPinMode
 .text.gpioInit
                0x00001032       0x28 src/hw/driver/gpio.o
                0x00001032                gpioInit
 .text.gpioPinWrite
                0x0000105a       0x46 src/hw/driver/gpio.o
                0x0000105a                gpioPinWrite
 .text.pwmInit  0x000010a0       0x26 src/hw/driver/pwm.o
                0x000010a0                pwmInit
 .text.uartInit
                0x000010c6        0x4 src/hw/driver/uart.o
                0x000010c6                uartInit
 .text.uartOpen
                0x000010ca       0xb6 src/hw/driver/uart.o
                0x000010ca                uartOpen
 .text.uartWrite
                0x00001180       0x6e src/hw/driver/uart.o
                0x00001180                uartWrite
 .text.uartPrintf
                0x000011ee       0x5e src/hw/driver/uart.o
                0x000011ee                uartPrintf
 .text.UART_TxCpltCallback
                0x0000124c        0x2 src/hw/driver/uart.o
                0x0000124c                UART_TxCpltCallback
 .text.UART_RxCpltCallback
                0x0000124e       0x1c src/hw/driver/uart.o
                0x0000124e                UART_RxCpltCallback
 .text.hwInit   0x0000126a        0xe src/hw/hw.o
                0x0000126a                hwInit
 .text.GPIO_Init
                0x00001278       0x76 src/lib/Drivers/Src/atmega128_DRV_gpio.o
                0x00001278                GPIO_Init
 .text.GPIO_WritePin
                0x000012ee       0x68 src/lib/Drivers/Src/atmega128_DRV_gpio.o
                0x000012ee                GPIO_WritePin
 .text.TIM8_Base_Init
                0x00001356       0xa6 src/lib/Drivers/Src/atmega128_DRV_timer.o
                0x00001356                TIM8_Base_Init
 .text.TIM8_OC_Init
                0x000013fc      0x132 src/lib/Drivers/Src/atmega128_DRV_timer.o
                0x000013fc                TIM8_OC_Init
 .text.TIM8_OC_Stop
                0x0000152e       0x2a src/lib/Drivers/Src/atmega128_DRV_timer.o
                0x0000152e                TIM8_OC_Stop
 .text.TIM16_OC_Stop
                0x00001558       0x2a src/lib/Drivers/Src/atmega128_DRV_timer.o
                0x00001558                TIM16_OC_Stop
 .text.TIM0_CLK_Configuration
                0x00001582      0x124 src/lib/Drivers/Src/atmega128_DRV_timer.o
                0x00001582                TIM0_CLK_Configuration
 .text.TIM2_CLK_Configuration
                0x000016a6       0xd8 src/lib/Drivers/Src/atmega128_DRV_timer.o
                0x000016a6                TIM2_CLK_Configuration
 .text.TIM8_OC_Start
                0x0000177e       0x48 src/lib/Drivers/Src/atmega128_DRV_timer.o
                0x0000177e                TIM8_OC_Start
 .text.TIM1_CLK_Configuration
                0x000017c6       0xd8 src/lib/Drivers/Src/atmega128_DRV_timer.o
                0x000017c6                TIM1_CLK_Configuration
 .text.TIM3_CLK_Configuration
                0x0000189e       0xd8 src/lib/Drivers/Src/atmega128_DRV_timer.o
                0x0000189e                TIM3_CLK_Configuration
 .text.TIM16_OC_Start
                0x00001976       0x22 src/lib/Drivers/Src/atmega128_DRV_timer.o
                0x00001976                TIM16_OC_Start
 .text.TIM0_OVF_ElapsedCallback
                0x00001998        0x2 src/lib/Drivers/Src/atmega128_DRV_timer.o
                0x00001998                TIM0_OVF_ElapsedCallback
 .text.TIM0_OVF_IRQHandler
                0x0000199a        0x4 src/lib/Drivers/Src/atmega128_DRV_timer.o
                0x0000199a                TIM0_OVF_IRQHandler
 .text.TIM2_OVF_ElapsedCallback
                0x0000199e        0x2 src/lib/Drivers/Src/atmega128_DRV_timer.o
                0x0000199e                TIM2_OVF_ElapsedCallback
 .text.TIM2_OVF_IRQHandler
                0x000019a0        0x4 src/lib/Drivers/Src/atmega128_DRV_timer.o
                0x000019a0                TIM2_OVF_IRQHandler
 .text.TIM0_OC_ElapsedCallback
                0x000019a4        0x2 src/lib/Drivers/Src/atmega128_DRV_timer.o
                0x000019a4                TIM0_OC_ElapsedCallback
 .text.TIM0_OC_IRQHandler
                0x000019a6        0x4 src/lib/Drivers/Src/atmega128_DRV_timer.o
                0x000019a6                TIM0_OC_IRQHandler
 .text.TIM2_OC_ElapsedCallback
                0x000019aa        0x2 src/lib/Drivers/Src/atmega128_DRV_timer.o
                0x000019aa                TIM2_OC_ElapsedCallback
 .text.TIM2_OC_IRQHandler
                0x000019ac        0x4 src/lib/Drivers/Src/atmega128_DRV_timer.o
                0x000019ac                TIM2_OC_IRQHandler
 .text.UART_Init
                0x000019b0      0x3fa src/lib/Drivers/Src/atmega128_DRV_uart.o
                0x000019b0                UART_Init
 .text.UART_Transmit
                0x00001daa       0xcc src/lib/Drivers/Src/atmega128_DRV_uart.o
                0x00001daa                UART_Transmit
 .text.UART_Receive
                0x00001e76       0xde src/lib/Drivers/Src/atmega128_DRV_uart.o
                0x00001e76                UART_Receive
 .text.UART_Receive_IT
                0x00001f54       0x38 src/lib/Drivers/Src/atmega128_DRV_uart.o
                0x00001f54                UART_Receive_IT
 .text.UART_TxIRQHandler
                0x00001f8c        0x4 src/lib/Drivers/Src/atmega128_DRV_uart.o
                0x00001f8c                UART_TxIRQHandler
 .text.UART_RxIRQHandler
                0x00001f90       0x2a src/lib/Drivers/Src/atmega128_DRV_uart.o
                0x00001f90                UART_RxIRQHandler
 .text.main     0x00001fba       0x10 src/main.o
                0x00001fba                main
 .text.avr-libc.fplib
                0x00001fca        0xa c:/program files (x86)/atmel/studio/7.0/toolchain/avr8/avr8-gnu-toolchain/bin/../lib/gcc/avr/5.4.0/../../../../avr/lib/avr51\libm.a(addsf3.o)
                0x00001fca                __subsf3
                0x00001fcc                __addsf3
 .text.avr-libc.fplib
                0x00001fd4       0xc0 c:/program files (x86)/atmel/studio/7.0/toolchain/avr8/avr8-gnu-toolchain/bin/../lib/gcc/avr/5.4.0/../../../../avr/lib/avr51\libm.a(addsf3x.o)
                0x00001fee                __addsf3x
 .text.avr-libc.fplib
                0x00002094        0x4 c:/program files (x86)/atmel/studio/7.0/toolchain/avr8/avr8-gnu-toolchain/bin/../lib/gcc/avr/5.4.0/../../../../avr/lib/avr51\libm.a(divsf3.o)
                0x00002094                __divsf3
 .text.avr-libc.fplib
                0x00002098       0xcc c:/program files (x86)/atmel/studio/7.0/toolchain/avr8/avr8-gnu-toolchain/bin/../lib/gcc/avr/5.4.0/../../../../avr/lib/avr51\libm.a(divsf3x.o)
                0x000020ae                __divsf3x
                0x000020b2                __divsf3_pse
 .text.avr-libc.fplib
                0x00002164       0x58 c:/program files (x86)/atmel/studio/7.0/toolchain/avr8/avr8-gnu-toolchain/bin/../lib/gcc/avr/5.4.0/../../../../avr/lib/avr51\libm.a(fixunssfsi.o)
                0x00002164                __fixunssfsi
 .text.avr-libc.fplib
                0x000021bc       0x7a c:/program files (x86)/atmel/studio/7.0/toolchain/avr8/avr8-gnu-toolchain/bin/../lib/gcc/avr/5.4.0/../../../../avr/lib/avr51\libm.a(floatsisf.o)
                0x000021bc                __floatunsisf
                0x000021c0                __floatsisf
 .text.avr-libc.fplib
                0x00002236        0xc c:/program files (x86)/atmel/studio/7.0/toolchain/avr8/avr8-gnu-toolchain/bin/../lib/gcc/avr/5.4.0/../../../../avr/lib/avr51\libm.a(fp_inf.o)
                0x00002236                __fp_inf
 .text.avr-libc.fplib
                0x00002242        0x6 c:/program files (x86)/atmel/studio/7.0/toolchain/avr8/avr8-gnu-toolchain/bin/../lib/gcc/avr/5.4.0/../../../../avr/lib/avr51\libm.a(fp_nan.o)
                0x00002242                __fp_nan
 .text.avr-libc.fplib
                0x00002248        0xe c:/program files (x86)/atmel/studio/7.0/toolchain/avr8/avr8-gnu-toolchain/bin/../lib/gcc/avr/5.4.0/../../../../avr/lib/avr51\libm.a(fp_pscA.o)
                0x00002248                __fp_pscA
 .text.avr-libc.fplib
                0x00002256        0xe c:/program files (x86)/atmel/studio/7.0/toolchain/avr8/avr8-gnu-toolchain/bin/../lib/gcc/avr/5.4.0/../../../../avr/lib/avr51\libm.a(fp_pscB.o)
                0x00002256                __fp_pscB
 .text.avr-libc.fplib
                0x00002264       0x22 c:/program files (x86)/atmel/studio/7.0/toolchain/avr8/avr8-gnu-toolchain/bin/../lib/gcc/avr/5.4.0/../../../../avr/lib/avr51\libm.a(fp_round.o)
                0x00002264                __fp_round
 .text.avr-libc.fplib
                0x00002286       0x44 c:/program files (x86)/atmel/studio/7.0/toolchain/avr8/avr8-gnu-toolchain/bin/../lib/gcc/avr/5.4.0/../../../../avr/lib/avr51\libm.a(fp_split3.o)
                0x00002286                __fp_split3
                0x00002296                __fp_splitA
 .text.avr-libc.fplib
                0x000022ca        0xe c:/program files (x86)/atmel/studio/7.0/toolchain/avr8/avr8-gnu-toolchain/bin/../lib/gcc/avr/5.4.0/../../../../avr/lib/avr51\libm.a(fp_zero.o)
                0x000022ca                __fp_zero
                0x000022cc                __fp_szero
 .text.libgcc.div
                0x000022d8       0x26 c:/program files (x86)/atmel/studio/7.0/toolchain/avr8/avr8-gnu-toolchain/bin/../lib/gcc/avr/5.4.0/avr51\libgcc.a(_divmodhi4.o)
                0x000022d8                _div
                0x000022d8                __divmodhi4
 .text.libgcc.div
                0x000022fe       0x44 c:/program files (x86)/atmel/studio/7.0/toolchain/avr8/avr8-gnu-toolchain/bin/../lib/gcc/avr/5.4.0/avr51\libgcc.a(_udivmodsi4.o)
                0x000022fe                __udivmodsi4
 .text.libgcc   0x00002342       0x12 c:/program files (x86)/atmel/studio/7.0/toolchain/avr8/avr8-gnu-toolchain/bin/../lib/gcc/avr/5.4.0/avr51\libgcc.a(_tablejump2.o)
                0x00002342                __tablejump2__
 .text.libgcc.div
                0x00002354       0x28 c:/program files (x86)/atmel/studio/7.0/toolchain/avr8/avr8-gnu-toolchain/bin/../lib/gcc/avr/5.4.0/avr51\libgcc.a(_udivmodhi4.o)
                0x00002354                __udivmodhi4
 .text.avr-libc
                0x0000237c       0x70 c:/program files (x86)/atmel/studio/7.0/toolchain/avr8/avr8-gnu-toolchain/bin/../lib/gcc/avr/5.4.0/../../../../avr/lib/avr51\libc.a(vsnprintf.o)
                0x0000237c                vsnprintf
 .text.avr-libc
                0x000023ec      0x3fa c:/program files (x86)/atmel/studio/7.0/toolchain/avr8/avr8-gnu-toolchain/bin/../lib/gcc/avr/5.4.0/../../../../avr/lib/avr51\libc.a(vfprintf_std.o)
                0x000023ec                vfprintf
 .text.avr-libc
                0x000027e6       0x16 c:/program files (x86)/atmel/studio/7.0/toolchain/avr8/avr8-gnu-toolchain/bin/../lib/gcc/avr/5.4.0/../../../../avr/lib/avr51\libc.a(strnlen_P.o)
                0x000027e6                strnlen_P
 .text.avr-libc
                0x000027fc       0x16 c:/program files (x86)/atmel/studio/7.0/toolchain/avr8/avr8-gnu-toolchain/bin/../lib/gcc/avr/5.4.0/../../../../avr/lib/avr51\libc.a(strnlen.o)
                0x000027fc                strnlen
 .text.avr-libc
                0x00002812       0x78 c:/program files (x86)/atmel/studio/7.0/toolchain/avr8/avr8-gnu-toolchain/bin/../lib/gcc/avr/5.4.0/../../../../avr/lib/avr51\libc.a(fputc.o)
                0x00002812                fputc
 .text.avr-libc
                0x0000288a       0xbc c:/program files (x86)/atmel/studio/7.0/toolchain/avr8/avr8-gnu-toolchain/bin/../lib/gcc/avr/5.4.0/../../../../avr/lib/avr51\libc.a(ultoa_invert.o)
                0x0000288a                __ultoa_invert
                0x00002946                . = ALIGN (0x2)
 *(.fini9)
 .fini9         0x00002946        0x0 c:/program files (x86)/atmel/studio/7.0/toolchain/avr8/avr8-gnu-toolchain/bin/../lib/gcc/avr/5.4.0/avr51\libgcc.a(_exit.o)
                0x00002946                _exit
                0x00002946                exit
 *(.fini9)
 *(.fini8)
 *(.fini8)
 *(.fini7)
 *(.fini7)
 *(.fini6)
 *(.fini6)
 *(.fini5)
 *(.fini5)
 *(.fini4)
 *(.fini4)
 *(.fini3)
 *(.fini3)
 *(.fini2)
 *(.fini2)
 *(.fini1)
 *(.fini1)
 *(.fini0)
 .fini0         0x00002946        0x4 c:/program files (x86)/atmel/studio/7.0/toolchain/avr8/avr8-gnu-toolchain/bin/../lib/gcc/avr/5.4.0/avr51\libgcc.a(_exit.o)
 *(.fini0)
                0x0000294a                _etext = .

.data           0x00800100       0xa2 load address 0x0000294a
                0x00800100                PROVIDE (__data_start, .)
 *(.data)
 *(.data*)
 .data.gpio_tbl
                0x00800100       0x19 src/hw/driver/gpio.o
                0x00800100                gpio_tbl
 .data.GPIO_descripter
                0x00800119       0x2a src/lib/Drivers/Src/atmega128_DRV_gpio.o
                0x00800119                GPIO_descripter
 .data.TIM16_descripter
                0x00800143       0x2c src/lib/Drivers/Src/atmega128_DRV_timer.o
                0x00800143                TIM16_descripter
 .data.TIM8_descripter
                0x0080016f       0x10 src/lib/Drivers/Src/atmega128_DRV_timer.o
                0x0080016f                TIM8_descripter
 .data.USART_descripter
                0x0080017f       0x18 src/lib/Drivers/Src/atmega128_DRV_uart.o
                0x0080017f                USART_descripter
 *(.gnu.linkonce.d*)
 *(.rodata)
 *(.rodata*)
 .rodata.str1.1
                0x00800197        0xa src/ap/ap.o
 *(.gnu.linkonce.r*)
                0x008001a2                . = ALIGN (0x2)
 *fill*         0x008001a1        0x1 
                0x008001a2                _edata = .
                0x008001a2                PROVIDE (__data_end, .)

.bss            0x008001a2      0x241
                0x008001a2                PROVIDE (__bss_start, .)
 *(.bss)
 *(.bss*)
 .bss.is_init   0x008001a2        0x1 src/hw/driver/drivemotor.o
 .bss.motor     0x008001a3       0x12 src/hw/driver/drivemotor.o
 .bss.rx_data   0x008001b5        0x2 src/hw/driver/uart.o
 .bss.rx_buf    0x008001b7      0x100 src/hw/driver/uart.o
 .bss.qbuffer   0x008002b7       0x1c src/hw/driver/uart.o
 *(COMMON)
 COMMON         0x008002d3       0x90 src/hw/driver/ctc.o
                0x008002d3                htim4
                0x008002dc                htim1_oc
                0x008002e1                htim3
                0x008002ea                htim3_oc
                0x008002f3                htim1
                0x008002fa                ctc_tbl
                0x0080034e                htim4_oc
                0x00800357                htim2
                0x0080035e                htim2_oc
 COMMON         0x00800363       0x16 src/hw/driver/drivemotor/a4988.o
                0x00800363                h_a4988_1
                0x00800369                h_a4988_2
                0x0080036f                a4988_tbl
 COMMON         0x00800379       0x3c src/hw/driver/pwm.o
                0x00800379                pwm_tbl
                0x0080039d                htim3_pwm
                0x008003a5                htim4_pwm
                0x008003ad                htim2_pwm
                0x008003b1                htim1_pwm
 COMMON         0x008003b5       0x2e src/hw/driver/uart.o
                0x008003b5                huart1
                0x008003cc                huart2
                0x008003e3                PROVIDE (__bss_end, .)
                0x0000294a                __data_load_start = LOADADDR (.data)
                0x000029ec                __data_load_end = (__data_load_start + SIZEOF (.data))

.noinit         0x008003e3        0x0
                [!provide]                PROVIDE (__noinit_start, .)
 *(.noinit*)
                [!provide]                PROVIDE (__noinit_end, .)
                0x008003e3                _end = .
                [!provide]                PROVIDE (__heap_start, .)

.eeprom         0x00810000        0x0
 *(.eeprom*)
                0x00810000                __eeprom_end = .

.fuse
 *(.fuse)
 *(.lfuse)
 *(.hfuse)
 *(.efuse)

.lock
 *(.lock*)

.signature
 *(.signature*)

.user_signatures
 *(.user_signatures*)

.stab
 *(.stab)

.stabstr
 *(.stabstr)

.stab.excl
 *(.stab.excl)

.stab.exclstr
 *(.stab.exclstr)

.stab.index
 *(.stab.index)

.stab.indexstr
 *(.stab.indexstr)

.comment        0x00000000       0x5c
 *(.comment)
 .comment       0x00000000       0x30 src/ap/ap.o
                                 0x31 (size before relaxing)
 .comment       0x00000030       0x31 src/bsp/atmega128_it.o
 .comment       0x00000030       0x31 src/bsp/bsp.o
 .comment       0x00000030       0x31 src/common/core/qbuffer.o
 .comment       0x00000030       0x31 src/hw/driver/ctc.o
 .comment       0x00000030       0x31 src/hw/driver/drivemotor.o
 .comment       0x00000030       0x31 src/hw/driver/drivemotor/a4988.o
 .comment       0x00000030       0x31 src/hw/driver/gpio.o
 .comment       0x00000030       0x31 src/hw/driver/pwm.o
 .comment       0x00000030       0x31 src/hw/driver/uart.o
 .comment       0x00000030       0x31 src/hw/hw.o
 .comment       0x00000030       0x31 src/lib/Drivers/Src/atmega128_DRV_gpio.o
 .comment       0x00000030       0x31 src/lib/Drivers/Src/atmega128_DRV_timer.o
 .comment       0x00000030       0x31 src/lib/Drivers/Src/atmega128_DRV_uart.o
 .comment       0x00000030       0x31 src/main.o
 .comment       0x00000030       0x31 c:/program files (x86)/atmel/studio/7.0/toolchain/avr8/avr8-gnu-toolchain/bin/../lib/gcc/avr/5.4.0/../../../../avr/lib/avr51\libc.a(vsnprintf.o)
 .comment       0x00000030       0x2c c:/program files (x86)/atmel/studio/7.0/toolchain/avr8/avr8-gnu-toolchain/bin/../lib/gcc/avr/5.4.0/../../../../avr/lib/avr51\libc.a(vfprintf_std.o)
                                 0x2d (size before relaxing)
 .comment       0x0000005c       0x31 c:/program files (x86)/atmel/studio/7.0/toolchain/avr8/avr8-gnu-toolchain/bin/../lib/gcc/avr/5.4.0/../../../../avr/lib/avr51\libc.a(fputc.o)

.note.gnu.avr.deviceinfo
                0x00000000       0x3c
 .note.gnu.avr.deviceinfo
                0x00000000       0x3c C:/Program Files (x86)/Atmel/Studio/7.0/Packs/atmel/ATmega_DFP/1.3.300/gcc/dev/atmega128/avr51/crtatmega128.o

.note.gnu.build-id
 *(.note.gnu.build-id)

.debug
 *(.debug)

.line
 *(.line)

.debug_srcinfo
 *(.debug_srcinfo)

.debug_sfnames
 *(.debug_sfnames)

.debug_aranges  0x00000000      0x6a0
 *(.debug_aranges)
 .debug_aranges
                0x00000000       0x28 src/ap/ap.o
 .debug_aranges
                0x00000028       0x98 src/bsp/atmega128_it.o
 .debug_aranges
                0x000000c0       0x20 src/bsp/bsp.o
 .debug_aranges
                0x000000e0       0x48 src/common/core/qbuffer.o
 .debug_aranges
                0x00000128       0x80 src/hw/driver/ctc.o
 .debug_aranges
                0x000001a8       0x80 src/hw/driver/drivemotor.o
 .debug_aranges
                0x00000228       0x78 src/hw/driver/drivemotor/a4988.o
 .debug_aranges
                0x000002a0       0x40 src/hw/driver/gpio.o
 .debug_aranges
                0x000002e0       0x78 src/hw/driver/pwm.o
 .debug_aranges
                0x00000358       0x60 src/hw/driver/uart.o
 .debug_aranges
                0x000003b8       0x20 src/hw/hw.o
 .debug_aranges
                0x000003d8       0x38 src/lib/Drivers/Src/atmega128_DRV_gpio.o
 .debug_aranges
                0x00000410      0x210 src/lib/Drivers/Src/atmega128_DRV_timer.o
 .debug_aranges
                0x00000620       0x60 src/lib/Drivers/Src/atmega128_DRV_uart.o
 .debug_aranges
                0x00000680       0x20 src/main.o

.debug_pubnames
 *(.debug_pubnames)

.debug_info     0x00000000     0x5f5a
 *(.debug_info .gnu.linkonce.wi.*)
 .debug_info    0x00000000      0x780 C:/Program Files (x86)/Atmel/Studio/7.0/Packs/atmel/ATmega_DFP/1.3.300/gcc/dev/atmega128/avr51/crtatmega128.o
 .debug_info    0x00000780      0x22a src/ap/ap.o
 .debug_info    0x000009aa      0x4a1 src/bsp/atmega128_it.o
 .debug_info    0x00000e4b       0x7f src/bsp/bsp.o
 .debug_info    0x00000eca      0x2a9 src/common/core/qbuffer.o
 .debug_info    0x00001173      0xa9d src/hw/driver/ctc.o
 .debug_info    0x00001c10      0x78b src/hw/driver/drivemotor.o
 .debug_info    0x0000239b      0x78e src/hw/driver/drivemotor/a4988.o
 .debug_info    0x00002b29      0x304 src/hw/driver/gpio.o
 .debug_info    0x00002e2d      0x991 src/hw/driver/pwm.o
 .debug_info    0x000037be      0x83c src/hw/driver/uart.o
 .debug_info    0x00003ffa      0x10f src/hw/hw.o
 .debug_info    0x00004109      0x27c src/lib/Drivers/Src/atmega128_DRV_gpio.o
 .debug_info    0x00004385     0x153f src/lib/Drivers/Src/atmega128_DRV_timer.o
 .debug_info    0x000058c4      0x5c5 src/lib/Drivers/Src/atmega128_DRV_uart.o
 .debug_info    0x00005e89       0xd1 src/main.o

.debug_abbrev   0x00000000     0x1b5e
 *(.debug_abbrev)
 .debug_abbrev  0x00000000      0x718 C:/Program Files (x86)/Atmel/Studio/7.0/Packs/atmel/ATmega_DFP/1.3.300/gcc/dev/atmega128/avr51/crtatmega128.o
 .debug_abbrev  0x00000718      0x119 src/ap/ap.o
 .debug_abbrev  0x00000831       0xc5 src/bsp/atmega128_it.o
 .debug_abbrev  0x000008f6       0x44 src/bsp/bsp.o
 .debug_abbrev  0x0000093a      0x130 src/common/core/qbuffer.o
 .debug_abbrev  0x00000a6a      0x23c src/hw/driver/ctc.o
 .debug_abbrev  0x00000ca6      0x1b2 src/hw/driver/drivemotor.o
 .debug_abbrev  0x00000e58      0x234 src/hw/driver/drivemotor/a4988.o
 .debug_abbrev  0x0000108c      0x15d src/hw/driver/gpio.o
 .debug_abbrev  0x000011e9      0x1d9 src/hw/driver/pwm.o
 .debug_abbrev  0x000013c2      0x1f8 src/hw/driver/uart.o
 .debug_abbrev  0x000015ba       0x63 src/hw/hw.o
 .debug_abbrev  0x0000161d      0x130 src/lib/Drivers/Src/atmega128_DRV_gpio.o
 .debug_abbrev  0x0000174d      0x1cb src/lib/Drivers/Src/atmega128_DRV_timer.o
 .debug_abbrev  0x00001918      0x1e1 src/lib/Drivers/Src/atmega128_DRV_uart.o
 .debug_abbrev  0x00001af9       0x65 src/main.o

.debug_line     0x00000000     0x3c37
 *(.debug_line .debug_line.* .debug_line_end)
 .debug_line    0x00000000      0x169 C:/Program Files (x86)/Atmel/Studio/7.0/Packs/atmel/ATmega_DFP/1.3.300/gcc/dev/atmega128/avr51/crtatmega128.o
 .debug_line    0x00000169      0x207 src/ap/ap.o
 .debug_line    0x00000370      0x28e src/bsp/atmega128_it.o
 .debug_line    0x000005fe       0x3c src/bsp/bsp.o
 .debug_line    0x0000063a      0x1bd src/common/core/qbuffer.o
 .debug_line    0x000007f7      0x646 src/hw/driver/ctc.o
 .debug_line    0x00000e3d      0x3ef src/hw/driver/drivemotor.o
 .debug_line    0x0000122c      0x412 src/hw/driver/drivemotor/a4988.o
 .debug_line    0x0000163e      0x1ab src/hw/driver/gpio.o
 .debug_line    0x000017e9      0x5e1 src/hw/driver/pwm.o
 .debug_line    0x00001dca      0x371 src/hw/driver/uart.o
 .debug_line    0x0000213b       0xc1 src/hw/hw.o
 .debug_line    0x000021fc      0x193 src/lib/Drivers/Src/atmega128_DRV_gpio.o
 .debug_line    0x0000238f     0x13c5 src/lib/Drivers/Src/atmega128_DRV_timer.o
 .debug_line    0x00003754      0x46e src/lib/Drivers/Src/atmega128_DRV_uart.o
 .debug_line    0x00003bc2       0x75 src/main.o

.debug_frame    0x00000000     0x10f8
 *(.debug_frame)
 .debug_frame   0x00000000       0x64 src/ap/ap.o
 .debug_frame   0x00000064      0x33c src/bsp/atmega128_it.o
 .debug_frame   0x000003a0       0x24 src/bsp/bsp.o
 .debug_frame   0x000003c4      0x114 src/common/core/qbuffer.o
 .debug_frame   0x000004d8       0xfc src/hw/driver/ctc.o
 .debug_frame   0x000005d4      0x168 src/hw/driver/drivemotor.o
 .debug_frame   0x0000073c       0xfc src/hw/driver/drivemotor/a4988.o
 .debug_frame   0x00000838       0x90 src/hw/driver/gpio.o
 .debug_frame   0x000008c8       0xec src/hw/driver/pwm.o
 .debug_frame   0x000009b4       0xe8 src/hw/driver/uart.o
 .debug_frame   0x00000a9c       0x24 src/hw/hw.o
 .debug_frame   0x00000ac0       0x54 src/lib/Drivers/Src/atmega128_DRV_gpio.o
 .debug_frame   0x00000b14      0x478 src/lib/Drivers/Src/atmega128_DRV_timer.o
 .debug_frame   0x00000f8c      0x148 src/lib/Drivers/Src/atmega128_DRV_uart.o
 .debug_frame   0x000010d4       0x24 src/main.o

.debug_str      0x00000000     0x164f
 *(.debug_str)
 .debug_str     0x00000000      0x27d C:/Program Files (x86)/Atmel/Studio/7.0/Packs/atmel/ATmega_DFP/1.3.300/gcc/dev/atmega128/avr51/crtatmega128.o
 .debug_str     0x0000027d      0x1c0 src/ap/ap.o
                                0x1f9 (size before relaxing)
 .debug_str     0x0000043d      0x277 src/bsp/atmega128_it.o
                                0x3f6 (size before relaxing)
 .debug_str     0x000006b4       0x19 src/bsp/bsp.o
                                0x171 (size before relaxing)
 .debug_str     0x000006cd       0x9b src/common/core/qbuffer.o
                                0x20a (size before relaxing)
 .debug_str     0x00000768      0x2a6 src/hw/driver/ctc.o
                                0x4bd (size before relaxing)
 .debug_str     0x00000a0e      0x1c5 src/hw/driver/drivemotor.o
                                0x349 (size before relaxing)
 .debug_str     0x00000bd3      0x171 src/hw/driver/drivemotor/a4988.o
                                0x3f9 (size before relaxing)
 .debug_str     0x00000d44       0xf3 src/hw/driver/gpio.o
                                0x274 (size before relaxing)
 .debug_str     0x00000e37      0x17f src/hw/driver/pwm.o
                                0x478 (size before relaxing)
 .debug_str     0x00000fb6      0x117 src/hw/driver/uart.o
                                0x3d5 (size before relaxing)
 .debug_str     0x000010cd       0x16 src/hw/hw.o
                                0x1a8 (size before relaxing)
 .debug_str     0x000010e3       0x67 src/lib/Drivers/Src/atmega128_DRV_gpio.o
                                0x23a (size before relaxing)
 .debug_str     0x0000114a      0x431 src/lib/Drivers/Src/atmega128_DRV_timer.o
                                0x862 (size before relaxing)
 .debug_str     0x0000157b       0xc1 src/lib/Drivers/Src/atmega128_DRV_uart.o
                                0x38b (size before relaxing)
 .debug_str     0x0000163c       0x13 src/main.o
                                0x186 (size before relaxing)

.debug_loc      0x00000000     0x52ab
 *(.debug_loc)
 .debug_loc     0x00000000       0xe5 src/ap/ap.o
 .debug_loc     0x000000e5      0x698 src/bsp/atmega128_it.o
 .debug_loc     0x0000077d      0x4e3 src/common/core/qbuffer.o
 .debug_loc     0x00000c60      0x95d src/hw/driver/ctc.o
 .debug_loc     0x000015bd      0x4bf src/hw/driver/drivemotor.o
 .debug_loc     0x00001a7c      0x5d5 src/hw/driver/drivemotor/a4988.o
 .debug_loc     0x00002051      0x236 src/hw/driver/gpio.o
 .debug_loc     0x00002287      0xbbe src/hw/driver/pwm.o
 .debug_loc     0x00002e45      0x587 src/hw/driver/uart.o
 .debug_loc     0x000033cc      0x1b2 src/lib/Drivers/Src/atmega128_DRV_gpio.o
 .debug_loc     0x0000357e     0x16c3 src/lib/Drivers/Src/atmega128_DRV_timer.o
 .debug_loc     0x00004c41      0x66a src/lib/Drivers/Src/atmega128_DRV_uart.o

.debug_macinfo
 *(.debug_macinfo)

.debug_weaknames
 *(.debug_weaknames)

.debug_funcnames
 *(.debug_funcnames)

.debug_typenames
 *(.debug_typenames)

.debug_varnames
 *(.debug_varnames)

.debug_pubtypes
 *(.debug_pubtypes)

.debug_ranges   0x00000000      0x5d0
 *(.debug_ranges)
 .debug_ranges  0x00000000       0x18 src/ap/ap.o
 .debug_ranges  0x00000018       0x88 src/bsp/atmega128_it.o
 .debug_ranges  0x000000a0       0x10 src/bsp/bsp.o
 .debug_ranges  0x000000b0       0x58 src/common/core/qbuffer.o
 .debug_ranges  0x00000108       0x70 src/hw/driver/ctc.o
 .debug_ranges  0x00000178       0x70 src/hw/driver/drivemotor.o
 .debug_ranges  0x000001e8       0x68 src/hw/driver/drivemotor/a4988.o
 .debug_ranges  0x00000250       0x30 src/hw/driver/gpio.o
 .debug_ranges  0x00000280       0x68 src/hw/driver/pwm.o
 .debug_ranges  0x000002e8       0x50 src/hw/driver/uart.o
 .debug_ranges  0x00000338       0x10 src/hw/hw.o
 .debug_ranges  0x00000348       0x28 src/lib/Drivers/Src/atmega128_DRV_gpio.o
 .debug_ranges  0x00000370      0x200 src/lib/Drivers/Src/atmega128_DRV_timer.o
 .debug_ranges  0x00000570       0x50 src/lib/Drivers/Src/atmega128_DRV_uart.o
 .debug_ranges  0x000005c0       0x10 src/main.o

.debug_macro
 *(.debug_macro)
OUTPUT(ATMEGA_fw.elf elf32-avr)
LOAD linker stubs
