Archive member included to satisfy reference by file (symbol)

c:/program files (x86)/atmel/studio/7.0/toolchain/avr8/avr8-gnu-toolchain/bin/../lib/gcc/avr/5.4.0/../../../../avr/lib/avr51\libm.a(addsf3.o)
                              src/lib/Drivers/Src/atmega128_hal_uart.o (__subsf3)
c:/program files (x86)/atmel/studio/7.0/toolchain/avr8/avr8-gnu-toolchain/bin/../lib/gcc/avr/5.4.0/../../../../avr/lib/avr51\libm.a(addsf3x.o)
                              c:/program files (x86)/atmel/studio/7.0/toolchain/avr8/avr8-gnu-toolchain/bin/../lib/gcc/avr/5.4.0/../../../../avr/lib/avr51\libm.a(addsf3.o) (__addsf3x)
c:/program files (x86)/atmel/studio/7.0/toolchain/avr8/avr8-gnu-toolchain/bin/../lib/gcc/avr/5.4.0/../../../../avr/lib/avr51\libm.a(divsf3.o)
                              src/lib/Drivers/Src/atmega128_hal_uart.o (__divsf3)
c:/program files (x86)/atmel/studio/7.0/toolchain/avr8/avr8-gnu-toolchain/bin/../lib/gcc/avr/5.4.0/../../../../avr/lib/avr51\libm.a(divsf3x.o)
                              c:/program files (x86)/atmel/studio/7.0/toolchain/avr8/avr8-gnu-toolchain/bin/../lib/gcc/avr/5.4.0/../../../../avr/lib/avr51\libm.a(divsf3.o) (__divsf3x)
c:/program files (x86)/atmel/studio/7.0/toolchain/avr8/avr8-gnu-toolchain/bin/../lib/gcc/avr/5.4.0/../../../../avr/lib/avr51\libm.a(fixunssfsi.o)
                              src/lib/Drivers/Src/atmega128_hal_uart.o (__fixunssfsi)
c:/program files (x86)/atmel/studio/7.0/toolchain/avr8/avr8-gnu-toolchain/bin/../lib/gcc/avr/5.4.0/../../../../avr/lib/avr51\libm.a(floatsisf.o)
                              src/lib/Drivers/Src/atmega128_hal_uart.o (__floatunsisf)
c:/program files (x86)/atmel/studio/7.0/toolchain/avr8/avr8-gnu-toolchain/bin/../lib/gcc/avr/5.4.0/../../../../avr/lib/avr51\libm.a(fp_inf.o)
                              c:/program files (x86)/atmel/studio/7.0/toolchain/avr8/avr8-gnu-toolchain/bin/../lib/gcc/avr/5.4.0/../../../../avr/lib/avr51\libm.a(addsf3x.o) (__fp_inf)
c:/program files (x86)/atmel/studio/7.0/toolchain/avr8/avr8-gnu-toolchain/bin/../lib/gcc/avr/5.4.0/../../../../avr/lib/avr51\libm.a(fp_nan.o)
                              c:/program files (x86)/atmel/studio/7.0/toolchain/avr8/avr8-gnu-toolchain/bin/../lib/gcc/avr/5.4.0/../../../../avr/lib/avr51\libm.a(addsf3x.o) (__fp_nan)
c:/program files (x86)/atmel/studio/7.0/toolchain/avr8/avr8-gnu-toolchain/bin/../lib/gcc/avr/5.4.0/../../../../avr/lib/avr51\libm.a(fp_pscA.o)
                              c:/program files (x86)/atmel/studio/7.0/toolchain/avr8/avr8-gnu-toolchain/bin/../lib/gcc/avr/5.4.0/../../../../avr/lib/avr51\libm.a(addsf3x.o) (__fp_pscA)
c:/program files (x86)/atmel/studio/7.0/toolchain/avr8/avr8-gnu-toolchain/bin/../lib/gcc/avr/5.4.0/../../../../avr/lib/avr51\libm.a(fp_pscB.o)
                              c:/program files (x86)/atmel/studio/7.0/toolchain/avr8/avr8-gnu-toolchain/bin/../lib/gcc/avr/5.4.0/../../../../avr/lib/avr51\libm.a(addsf3x.o) (__fp_pscB)
c:/program files (x86)/atmel/studio/7.0/toolchain/avr8/avr8-gnu-toolchain/bin/../lib/gcc/avr/5.4.0/../../../../avr/lib/avr51\libm.a(fp_round.o)
                              c:/program files (x86)/atmel/studio/7.0/toolchain/avr8/avr8-gnu-toolchain/bin/../lib/gcc/avr/5.4.0/../../../../avr/lib/avr51\libm.a(addsf3.o) (__fp_round)
c:/program files (x86)/atmel/studio/7.0/toolchain/avr8/avr8-gnu-toolchain/bin/../lib/gcc/avr/5.4.0/../../../../avr/lib/avr51\libm.a(fp_split3.o)
                              c:/program files (x86)/atmel/studio/7.0/toolchain/avr8/avr8-gnu-toolchain/bin/../lib/gcc/avr/5.4.0/../../../../avr/lib/avr51\libm.a(addsf3x.o) (__fp_split3)
c:/program files (x86)/atmel/studio/7.0/toolchain/avr8/avr8-gnu-toolchain/bin/../lib/gcc/avr/5.4.0/../../../../avr/lib/avr51\libm.a(fp_zero.o)
                              c:/program files (x86)/atmel/studio/7.0/toolchain/avr8/avr8-gnu-toolchain/bin/../lib/gcc/avr/5.4.0/../../../../avr/lib/avr51\libm.a(addsf3x.o) (__fp_zero)
c:/program files (x86)/atmel/studio/7.0/toolchain/avr8/avr8-gnu-toolchain/bin/../lib/gcc/avr/5.4.0/avr51\libgcc.a(_udivmodsi4.o)
                              src/common/core/qbuffer.o (__udivmodsi4)
c:/program files (x86)/atmel/studio/7.0/toolchain/avr8/avr8-gnu-toolchain/bin/../lib/gcc/avr/5.4.0/avr51\libgcc.a(_exit.o)
                              C:/Program Files (x86)/Atmel/Studio/7.0/Packs/atmel/ATmega_DFP/1.3.300/gcc/dev/atmega128/avr51/crtatmega128.o (exit)
c:/program files (x86)/atmel/studio/7.0/toolchain/avr8/avr8-gnu-toolchain/bin/../lib/gcc/avr/5.4.0/avr51\libgcc.a(_tablejump2.o)
                              src/hw/driver/ros/ros.o (__tablejump2__)
c:/program files (x86)/atmel/studio/7.0/toolchain/avr8/avr8-gnu-toolchain/bin/../lib/gcc/avr/5.4.0/avr51\libgcc.a(_copy_data.o)
                              src/hw/driver/gpio.o (__do_copy_data)
c:/program files (x86)/atmel/studio/7.0/toolchain/avr8/avr8-gnu-toolchain/bin/../lib/gcc/avr/5.4.0/avr51\libgcc.a(_clear_bss.o)
                              src/hw/driver/ctc.o (__do_clear_bss)
c:/program files (x86)/atmel/studio/7.0/toolchain/avr8/avr8-gnu-toolchain/bin/../lib/gcc/avr/5.4.0/avr51\libgcc.a(_muluhisi3.o)
                              src/lib/Drivers/Src/atmega128_hal.o (__muluhisi3)
c:/program files (x86)/atmel/studio/7.0/toolchain/avr8/avr8-gnu-toolchain/bin/../lib/gcc/avr/5.4.0/avr51\libgcc.a(_umulhisi3.o)
                              c:/program files (x86)/atmel/studio/7.0/toolchain/avr8/avr8-gnu-toolchain/bin/../lib/gcc/avr/5.4.0/avr51\libgcc.a(_muluhisi3.o) (__umulhisi3)
c:/program files (x86)/atmel/studio/7.0/toolchain/avr8/avr8-gnu-toolchain/bin/../lib/gcc/avr/5.4.0/../../../../avr/lib/avr51\libc.a(vsnprintf.o)
                              src/hw/driver/uart.o (vsnprintf)
c:/program files (x86)/atmel/studio/7.0/toolchain/avr8/avr8-gnu-toolchain/bin/../lib/gcc/avr/5.4.0/../../../../avr/lib/avr51\libc.a(vfprintf_std.o)
                              c:/program files (x86)/atmel/studio/7.0/toolchain/avr8/avr8-gnu-toolchain/bin/../lib/gcc/avr/5.4.0/../../../../avr/lib/avr51\libc.a(vsnprintf.o) (vfprintf)
c:/program files (x86)/atmel/studio/7.0/toolchain/avr8/avr8-gnu-toolchain/bin/../lib/gcc/avr/5.4.0/../../../../avr/lib/avr51\libc.a(strnlen_P.o)
                              c:/program files (x86)/atmel/studio/7.0/toolchain/avr8/avr8-gnu-toolchain/bin/../lib/gcc/avr/5.4.0/../../../../avr/lib/avr51\libc.a(vfprintf_std.o) (strnlen_P)
c:/program files (x86)/atmel/studio/7.0/toolchain/avr8/avr8-gnu-toolchain/bin/../lib/gcc/avr/5.4.0/../../../../avr/lib/avr51\libc.a(strnlen.o)
                              c:/program files (x86)/atmel/studio/7.0/toolchain/avr8/avr8-gnu-toolchain/bin/../lib/gcc/avr/5.4.0/../../../../avr/lib/avr51\libc.a(vfprintf_std.o) (strnlen)
c:/program files (x86)/atmel/studio/7.0/toolchain/avr8/avr8-gnu-toolchain/bin/../lib/gcc/avr/5.4.0/../../../../avr/lib/avr51\libc.a(fputc.o)
                              c:/program files (x86)/atmel/studio/7.0/toolchain/avr8/avr8-gnu-toolchain/bin/../lib/gcc/avr/5.4.0/../../../../avr/lib/avr51\libc.a(vfprintf_std.o) (fputc)
c:/program files (x86)/atmel/studio/7.0/toolchain/avr8/avr8-gnu-toolchain/bin/../lib/gcc/avr/5.4.0/../../../../avr/lib/avr51\libc.a(ultoa_invert.o)
                              c:/program files (x86)/atmel/studio/7.0/toolchain/avr8/avr8-gnu-toolchain/bin/../lib/gcc/avr/5.4.0/../../../../avr/lib/avr51\libc.a(vfprintf_std.o) (__ultoa_invert)

Allocating common symbols
Common symbol       size              file

pwm_tbl             0x24              src/hw/driver/pwm.o
ros_handle          0x324             src/hw/driver/ros_server.o
htim3_pwm           0x8               src/hw/driver/pwm.o
htim4               0x9               src/hw/driver/ctc.o
htim3               0x9               src/hw/driver/ctc.o
htim4_pwm           0x8               src/hw/driver/pwm.o
htim3_oc            0x9               src/hw/driver/ctc.o
huart1              0x17              src/hw/driver/uart.o
htim2_pwm           0x4               src/hw/driver/pwm.o
tick                0x4               src/lib/Drivers/Src/atmega128_hal.o
ctc_tbl             0x54              src/hw/driver/ctc.o
htim4_oc            0x9               src/hw/driver/ctc.o
htim2               0x7               src/hw/driver/ctc.o
huart2              0x17              src/hw/driver/uart.o
htim2_oc            0x5               src/hw/driver/ctc.o

Discarded input sections

 .data          0x00000000        0x0 C:/Program Files (x86)/Atmel/Studio/7.0/Packs/atmel/ATmega_DFP/1.3.300/gcc/dev/atmega128/avr51/crtatmega128.o
 .bss           0x00000000        0x0 C:/Program Files (x86)/Atmel/Studio/7.0/Packs/atmel/ATmega_DFP/1.3.300/gcc/dev/atmega128/avr51/crtatmega128.o
 .text          0x00000000        0x0 src/ap/ap.o
 .data          0x00000000        0x0 src/ap/ap.o
 .bss           0x00000000        0x0 src/ap/ap.o
 .text          0x00000000        0x0 src/bsp/atmega128_it.o
 .data          0x00000000        0x0 src/bsp/atmega128_it.o
 .bss           0x00000000        0x0 src/bsp/atmega128_it.o
 .text          0x00000000        0x0 src/bsp/bsp.o
 .data          0x00000000        0x0 src/bsp/bsp.o
 .bss           0x00000000        0x0 src/bsp/bsp.o
 .text.delay    0x00000000        0x6 src/bsp/bsp.o
 .text          0x00000000        0x0 src/common/core/qbuffer.o
 .data          0x00000000        0x0 src/common/core/qbuffer.o
 .bss           0x00000000        0x0 src/common/core/qbuffer.o
 .text.qbufferInit
                0x00000000        0x2 src/common/core/qbuffer.o
 .text.qbufferCreate
                0x00000000       0x22 src/common/core/qbuffer.o
 .text.qbufferRead
                0x00000000       0xc8 src/common/core/qbuffer.o
 .text.qbufferAvailable
                0x00000000       0x34 src/common/core/qbuffer.o
 .text.qbufferFlush
                0x00000000       0x14 src/common/core/qbuffer.o
 .text          0x00000000        0x0 src/hw/driver/ctc.o
 .data          0x00000000        0x0 src/hw/driver/ctc.o
 .bss           0x00000000        0x0 src/hw/driver/ctc.o
 .text.ctcInit  0x00000000       0x3e src/hw/driver/ctc.o
 .text.ctcBegin
                0x00000000      0x158 src/hw/driver/ctc.o
 .text.ctcIsOpen
                0x00000000       0x12 src/hw/driver/ctc.o
 .text.ctcStart
                0x00000000       0x7c src/hw/driver/ctc.o
 .text.ctcStop  0x00000000       0x7c src/hw/driver/ctc.o
 .text.ctc16ChannelConfig
                0x00000000      0x10e src/hw/driver/ctc.o
 .text.ctcSetTcnt
                0x00000000       0xb2 src/hw/driver/ctc.o
 .text.ctcGetTcnt
                0x00000000       0xa0 src/hw/driver/ctc.o
 .text.ctcSetOcr
                0x00000000       0xae src/hw/driver/ctc.o
 .text.ctcGetOcr
                0x00000000       0x9c src/hw/driver/ctc.o
 .text.ctcSetIcr
                0x00000000       0x88 src/hw/driver/ctc.o
 .text.ctcGetIcr
                0x00000000       0x74 src/hw/driver/ctc.o
 .text.ctcAttachInterrupt
                0x00000000        0x2 src/hw/driver/ctc.o
 .text          0x00000000        0x0 src/hw/driver/drivemotor.o
 .data          0x00000000        0x0 src/hw/driver/drivemotor.o
 .bss           0x00000000        0x0 src/hw/driver/drivemotor.o
 .debug_info    0x00000000       0x5d src/hw/driver/drivemotor.o
 .debug_abbrev  0x00000000       0x26 src/hw/driver/drivemotor.o
 .debug_aranges
                0x00000000       0x18 src/hw/driver/drivemotor.o
 .debug_line    0x00000000       0x1a src/hw/driver/drivemotor.o
 .debug_str     0x00000000      0x176 src/hw/driver/drivemotor.o
 .comment       0x00000000       0x31 src/hw/driver/drivemotor.o
 .text          0x00000000        0x0 src/hw/driver/drivemotor/a4988.o
 .data          0x00000000        0x0 src/hw/driver/drivemotor/a4988.o
 .bss           0x00000000        0x0 src/hw/driver/drivemotor/a4988.o
 .debug_info    0x00000000       0x5d src/hw/driver/drivemotor/a4988.o
 .debug_abbrev  0x00000000       0x26 src/hw/driver/drivemotor/a4988.o
 .debug_aranges
                0x00000000       0x18 src/hw/driver/drivemotor/a4988.o
 .debug_line    0x00000000       0x1a src/hw/driver/drivemotor/a4988.o
 .debug_str     0x00000000      0x17c src/hw/driver/drivemotor/a4988.o
 .comment       0x00000000       0x31 src/hw/driver/drivemotor/a4988.o
 .text          0x00000000        0x0 src/hw/driver/gpio.o
 .data          0x00000000        0x0 src/hw/driver/gpio.o
 .bss           0x00000000        0x0 src/hw/driver/gpio.o
 .text.gpioPinWrite
                0x00000000       0x4a src/hw/driver/gpio.o
 .text.gpioPinRead
                0x00000000       0x3a src/hw/driver/gpio.o
 .text.gpioPinToggle
                0x00000000       0x22 src/hw/driver/gpio.o
 .text          0x00000000        0x0 src/hw/driver/pwm.o
 .data          0x00000000        0x0 src/hw/driver/pwm.o
 .bss           0x00000000        0x0 src/hw/driver/pwm.o
 .text.pwmInit  0x00000000       0x26 src/hw/driver/pwm.o
 .text.pwmBegin
                0x00000000      0x16c src/hw/driver/pwm.o
 .text.pwmIsOpen
                0x00000000       0x1e src/hw/driver/pwm.o
 .text.pwmStart
                0x00000000       0x96 src/hw/driver/pwm.o
 .text.pwmStop  0x00000000       0x96 src/hw/driver/pwm.o
 .text.pwm16ChannelConfig
                0x00000000      0x126 src/hw/driver/pwm.o
 .text.pwmSetTcnt
                0x00000000       0xca src/hw/driver/pwm.o
 .text.pwmGetTcnt
                0x00000000       0xb8 src/hw/driver/pwm.o
 .text.pwmSetOcr
                0x00000000       0xc4 src/hw/driver/pwm.o
 .text.pwmGetOcr
                0x00000000       0xb2 src/hw/driver/pwm.o
 .text.pwmSetIcr
                0x00000000       0x98 src/hw/driver/pwm.o
 .text.pwmGetIcr
                0x00000000       0x84 src/hw/driver/pwm.o
 .debug_info    0x00000000      0x954 src/hw/driver/pwm.o
 .debug_abbrev  0x00000000      0x1ec src/hw/driver/pwm.o
 .debug_loc     0x00000000      0xa47 src/hw/driver/pwm.o
 .debug_aranges
                0x00000000       0x78 src/hw/driver/pwm.o
 .debug_ranges  0x00000000       0x68 src/hw/driver/pwm.o
 .debug_line    0x00000000      0x540 src/hw/driver/pwm.o
 .debug_str     0x00000000      0x47b src/hw/driver/pwm.o
 .comment       0x00000000       0x31 src/hw/driver/pwm.o
 .debug_frame   0x00000000       0xec src/hw/driver/pwm.o
 COMMON         0x00000000       0x38 src/hw/driver/pwm.o
 .text          0x00000000        0x0 src/hw/driver/ros_server.o
 .data          0x00000000        0x0 src/hw/driver/ros_server.o
 .bss           0x00000000        0x0 src/hw/driver/ros_server.o
 .text.rosServerInit
                0x00000000       0x20 src/hw/driver/ros_server.o
 .text          0x00000000        0x0 src/hw/driver/ros/ros.o
 .data          0x00000000        0x0 src/hw/driver/ros/ros.o
 .bss           0x00000000        0x0 src/hw/driver/ros/ros.o
 .text.rosInit  0x00000000        0x4 src/hw/driver/ros/ros.o
 .text.rosLoadDriver
                0x00000000        0xc src/hw/driver/ros/ros.o
 .text.rosOpen  0x00000000       0x5a src/hw/driver/ros/ros.o
 .text.rosIsOpen
                0x00000000        0x6 src/hw/driver/ros/ros.o
 .text.rosClose
                0x00000000        0x4 src/hw/driver/ros/ros.o
 .text.rosSendInst
                0x00000000       0xdc src/hw/driver/ros/ros.o
 .text.rosAddService
                0x00000000       0x24 src/hw/driver/ros/ros.o
 .text          0x00000000        0x0 src/hw/driver/ros/ros_uart.o
 .data          0x00000000        0x0 src/hw/driver/ros/ros_uart.o
 .bss           0x00000000        0x0 src/hw/driver/ros/ros_uart.o
 .text.close    0x00000000        0x4 src/hw/driver/ros/ros_uart.o
 .text.open     0x00000000       0x10 src/hw/driver/ros/ros_uart.o
 .text.available
                0x00000000       0x14 src/hw/driver/ros/ros_uart.o
 .text.write    0x00000000       0x14 src/hw/driver/ros/ros_uart.o
 .text.read     0x00000000       0x10 src/hw/driver/ros/ros_uart.o
 .text.flush    0x00000000       0x10 src/hw/driver/ros/ros_uart.o
 .text.rosUartDriver
                0x00000000       0x3a src/hw/driver/ros/ros_uart.o
 .debug_info    0x00000000      0x441 src/hw/driver/ros/ros_uart.o
 .debug_abbrev  0x00000000      0x10a src/hw/driver/ros/ros_uart.o
 .debug_loc     0x00000000      0x351 src/hw/driver/ros/ros_uart.o
 .debug_aranges
                0x00000000       0x50 src/hw/driver/ros/ros_uart.o
 .debug_ranges  0x00000000       0x40 src/hw/driver/ros/ros_uart.o
 .debug_line    0x00000000      0x227 src/hw/driver/ros/ros_uart.o
 .debug_str     0x00000000      0x245 src/hw/driver/ros/ros_uart.o
 .comment       0x00000000       0x31 src/hw/driver/ros/ros_uart.o
 .debug_frame   0x00000000       0x84 src/hw/driver/ros/ros_uart.o
 .text          0x00000000        0x0 src/hw/driver/uart.o
 .data          0x00000000        0x0 src/hw/driver/uart.o
 .bss           0x00000000        0x0 src/hw/driver/uart.o
 .text.uartOpen
                0x00000000       0xc2 src/hw/driver/uart.o
 .text.uartAvailable
                0x00000000       0x26 src/hw/driver/uart.o
 .text.uartRead
                0x00000000       0x5e src/hw/driver/uart.o
 .text.uartWrite
                0x00000000       0x72 src/hw/driver/uart.o
 .text.uartPrintf
                0x00000000       0x60 src/hw/driver/uart.o
 .text.uartGetBaud
                0x00000000       0x36 src/hw/driver/uart.o
 .text.uartFlush
                0x00000000       0x20 src/hw/driver/uart.o
 .bss.rx_data   0x00000000        0x2 src/hw/driver/uart.o
 .bss.rx_buf    0x00000000      0x200 src/hw/driver/uart.o
 .text          0x00000000        0x0 src/hw/hw.o
 .data          0x00000000        0x0 src/hw/hw.o
 .bss           0x00000000        0x0 src/hw/hw.o
 .text          0x00000000        0x0 src/lib/Drivers/Src/atmega128_hal.o
 .data          0x00000000        0x0 src/lib/Drivers/Src/atmega128_hal.o
 .bss           0x00000000        0x0 src/lib/Drivers/Src/atmega128_hal.o
 .text.HAL_Delay
                0x00000000       0x58 src/lib/Drivers/Src/atmega128_hal.o
 .text.SetTickFreq
                0x00000000       0x3c src/lib/Drivers/Src/atmega128_hal.o
 .text.GetTickFreq
                0x00000000        0xc src/lib/Drivers/Src/atmega128_hal.o
 .text          0x00000000        0x0 src/lib/Drivers/Src/atmega128_hal_gpio.o
 .data          0x00000000        0x0 src/lib/Drivers/Src/atmega128_hal_gpio.o
 .bss           0x00000000        0x0 src/lib/Drivers/Src/atmega128_hal_gpio.o
 .text.GPIO_ReadPin
                0x00000000       0x2e src/lib/Drivers/Src/atmega128_hal_gpio.o
 .text.GPIO_WritePin
                0x00000000       0x68 src/lib/Drivers/Src/atmega128_hal_gpio.o
 .text.GPIO_TogglePin
                0x00000000       0x30 src/lib/Drivers/Src/atmega128_hal_gpio.o
 .text          0x00000000        0x0 src/lib/Drivers/Src/atmega128_hal_timer.o
 .data          0x00000000        0x0 src/lib/Drivers/Src/atmega128_hal_timer.o
 .bss           0x00000000        0x0 src/lib/Drivers/Src/atmega128_hal_timer.o
 .text.TIM8_Base_Init
                0x00000000       0xa6 src/lib/Drivers/Src/atmega128_hal_timer.o
 .text.TIM8_Base_Stop
                0x00000000       0x2a src/lib/Drivers/Src/atmega128_hal_timer.o
 .text.TIM8_OC_Init
                0x00000000      0x134 src/lib/Drivers/Src/atmega128_hal_timer.o
 .text.TIM8_OC_Stop
                0x00000000       0x2a src/lib/Drivers/Src/atmega128_hal_timer.o
 .text.TIM8_PWM_Init
                0x00000000       0xde src/lib/Drivers/Src/atmega128_hal_timer.o
 .text.TIM8_PWM_Stop
                0x00000000       0x2a src/lib/Drivers/Src/atmega128_hal_timer.o
 .text.TIM8_Base_Stop_IT
                0x00000000       0x24 src/lib/Drivers/Src/atmega128_hal_timer.o
 .text.TIM8_OC_Stop_IT
                0x00000000       0x24 src/lib/Drivers/Src/atmega128_hal_timer.o
 .text.TIM16_Base_Init
                0x00000000       0x90 src/lib/Drivers/Src/atmega128_hal_timer.o
 .text.TIM16_Base_Stop
                0x00000000       0x2a src/lib/Drivers/Src/atmega128_hal_timer.o
 .text.TIM16_OC_Init
                0x00000000      0x370 src/lib/Drivers/Src/atmega128_hal_timer.o
 .text.TIM16_OC_Stop
                0x00000000       0x2a src/lib/Drivers/Src/atmega128_hal_timer.o
 .text.TIM16_PWM_Init
                0x00000000      0x3d2 src/lib/Drivers/Src/atmega128_hal_timer.o
 .progmem.gcc_sw_table.TIM16_PWM_Init
                0x00000000       0x18 src/lib/Drivers/Src/atmega128_hal_timer.o
 .text.TIM16_PWM_Stop
                0x00000000       0x2a src/lib/Drivers/Src/atmega128_hal_timer.o
 .text.TIM16_IC_Init
                0x00000000       0x28 src/lib/Drivers/Src/atmega128_hal_timer.o
 .text.TIM16_IC_Start
                0x00000000       0x28 src/lib/Drivers/Src/atmega128_hal_timer.o
 .text.TIM16_IC_Stop
                0x00000000       0x28 src/lib/Drivers/Src/atmega128_hal_timer.o
 .text.TIM16_Base_Stop_IT
                0x00000000       0x28 src/lib/Drivers/Src/atmega128_hal_timer.o
 .text.TIM16_OC_Stop_IT
                0x00000000       0x7e src/lib/Drivers/Src/atmega128_hal_timer.o
 .text.TIM16_IC_Start_IT
                0x00000000       0x24 src/lib/Drivers/Src/atmega128_hal_timer.o
 .text.TIM16_IC_Stop_IT
                0x00000000       0x24 src/lib/Drivers/Src/atmega128_hal_timer.o
 .text.TIM0_CLK_Configuration
                0x00000000      0x126 src/lib/Drivers/Src/atmega128_hal_timer.o
 .progmem.gcc_sw_table.TIM0_CLK_Configuration
                0x00000000        0xe src/lib/Drivers/Src/atmega128_hal_timer.o
 .text.TIM2_CLK_Configuration
                0x00000000       0xd8 src/lib/Drivers/Src/atmega128_hal_timer.o
 .text.TIM8_Base_Start
                0x00000000       0x4c src/lib/Drivers/Src/atmega128_hal_timer.o
 .text.TIM8_Base_Start_IT
                0x00000000       0x24 src/lib/Drivers/Src/atmega128_hal_timer.o
 .text.TIM8_OC_Start
                0x00000000       0x4c src/lib/Drivers/Src/atmega128_hal_timer.o
 .text.TIM8_OC_Start_IT
                0x00000000       0x24 src/lib/Drivers/Src/atmega128_hal_timer.o
 .text.TIM8_PWM_Start
                0x00000000       0x26 src/lib/Drivers/Src/atmega128_hal_timer.o
 .text.TIM1_CLK_Configuration
                0x00000000       0xd8 src/lib/Drivers/Src/atmega128_hal_timer.o
 .text.TIM3_CLK_Configuration
                0x00000000       0xd8 src/lib/Drivers/Src/atmega128_hal_timer.o
 .text.TIM16_Base_Start
                0x00000000       0x62 src/lib/Drivers/Src/atmega128_hal_timer.o
 .text.TIM16_Base_Start_IT
                0x00000000       0x28 src/lib/Drivers/Src/atmega128_hal_timer.o
 .text.TIM16_OC_Start
                0x00000000       0x26 src/lib/Drivers/Src/atmega128_hal_timer.o
 .text.TIM16_OC_Start_IT
                0x00000000       0x7e src/lib/Drivers/Src/atmega128_hal_timer.o
 .text.TIM16_PWM_Start
                0x00000000       0x26 src/lib/Drivers/Src/atmega128_hal_timer.o
 .text.TIM0_OVF_ElapsedCallback
                0x00000000        0x2 src/lib/Drivers/Src/atmega128_hal_timer.o
 .text.TIM0_OVF_IRQHandler
                0x00000000        0x6 src/lib/Drivers/Src/atmega128_hal_timer.o
 .text.TIM1_OVF_ElapsedCallback
                0x00000000        0x2 src/lib/Drivers/Src/atmega128_hal_timer.o
 .text.TIM1_OVF_IRQHandler
                0x00000000        0x6 src/lib/Drivers/Src/atmega128_hal_timer.o
 .text.TIM3_OVF_ElapsedCallback
                0x00000000        0x2 src/lib/Drivers/Src/atmega128_hal_timer.o
 .text.TIM3_OVF_IRQHandler
                0x00000000        0x6 src/lib/Drivers/Src/atmega128_hal_timer.o
 .text.TIM0_OC_ElapsedCallback
                0x00000000        0x2 src/lib/Drivers/Src/atmega128_hal_timer.o
 .text.TIM0_OC_IRQHandler
                0x00000000        0x6 src/lib/Drivers/Src/atmega128_hal_timer.o
 .text.TIM1_OCA_ElapsedCallback
                0x00000000        0x2 src/lib/Drivers/Src/atmega128_hal_timer.o
 .text.TIM1_OCA_IRQHandler
                0x00000000        0x6 src/lib/Drivers/Src/atmega128_hal_timer.o
 .text.TIM1_OCB_ElapsedCallback
                0x00000000        0x2 src/lib/Drivers/Src/atmega128_hal_timer.o
 .text.TIM1_OCB_IRQHandler
                0x00000000        0x6 src/lib/Drivers/Src/atmega128_hal_timer.o
 .text.TIM1_OCC_ElapsedCallback
                0x00000000        0x2 src/lib/Drivers/Src/atmega128_hal_timer.o
 .text.TIM1_OCC_IRQHandler
                0x00000000        0x6 src/lib/Drivers/Src/atmega128_hal_timer.o
 .text.TIM1_CAPT_CpltCallback
                0x00000000        0x2 src/lib/Drivers/Src/atmega128_hal_timer.o
 .text.TIM1_CAPT_IRQHandler
                0x00000000        0x6 src/lib/Drivers/Src/atmega128_hal_timer.o
 .text.TIM3_OCA_ElapsedCallback
                0x00000000        0x2 src/lib/Drivers/Src/atmega128_hal_timer.o
 .text.TIM3_OCA_IRQHandler
                0x00000000        0x6 src/lib/Drivers/Src/atmega128_hal_timer.o
 .text.TIM3_OCB_ElapsedCallback
                0x00000000        0x2 src/lib/Drivers/Src/atmega128_hal_timer.o
 .text.TIM3_OCB_IRQHandler
                0x00000000        0x6 src/lib/Drivers/Src/atmega128_hal_timer.o
 .text.TIM3_OCC_ElapsedCallback
                0x00000000        0x2 src/lib/Drivers/Src/atmega128_hal_timer.o
 .text.TIM3_OCC_IRQHandler
                0x00000000        0x6 src/lib/Drivers/Src/atmega128_hal_timer.o
 .text.TIM3_CAPT_CpltCallback
                0x00000000        0x2 src/lib/Drivers/Src/atmega128_hal_timer.o
 .text.TIM3_CAPT_IRQHandler
                0x00000000        0x6 src/lib/Drivers/Src/atmega128_hal_timer.o
 .data.TIM16_descripter
                0x00000000       0x2c src/lib/Drivers/Src/atmega128_hal_timer.o
 .data.TIM8_descripter
                0x00000000       0x10 src/lib/Drivers/Src/atmega128_hal_timer.o
 .text          0x00000000        0x0 src/lib/Drivers/Src/atmega128_hal_uart.o
 .data          0x00000000        0x0 src/lib/Drivers/Src/atmega128_hal_uart.o
 .bss           0x00000000        0x0 src/lib/Drivers/Src/atmega128_hal_uart.o
 .text.UART_Init
                0x00000000      0x40a src/lib/Drivers/Src/atmega128_hal_uart.o
 .text.UART_Transmit
                0x00000000      0x162 src/lib/Drivers/Src/atmega128_hal_uart.o
 .text.UART_Transmit_IT
                0x00000000       0x38 src/lib/Drivers/Src/atmega128_hal_uart.o
 .text.UART_Receive_IT
                0x00000000       0x38 src/lib/Drivers/Src/atmega128_hal_uart.o
 .text.UART_TxCpltCallback
                0x00000000        0x2 src/lib/Drivers/Src/atmega128_hal_uart.o
 .text.UART_RxCpltCallback
                0x00000000        0x2 src/lib/Drivers/Src/atmega128_hal_uart.o
 .text          0x00000000        0x0 src/main.o
 .data          0x00000000        0x0 src/main.o
 .bss           0x00000000        0x0 src/main.o
 .text          0x00000000        0x0 c:/program files (x86)/atmel/studio/7.0/toolchain/avr8/avr8-gnu-toolchain/bin/../lib/gcc/avr/5.4.0/../../../../avr/lib/avr51\libm.a(addsf3.o)
 .data          0x00000000        0x0 c:/program files (x86)/atmel/studio/7.0/toolchain/avr8/avr8-gnu-toolchain/bin/../lib/gcc/avr/5.4.0/../../../../avr/lib/avr51\libm.a(addsf3.o)
 .bss           0x00000000        0x0 c:/program files (x86)/atmel/studio/7.0/toolchain/avr8/avr8-gnu-toolchain/bin/../lib/gcc/avr/5.4.0/../../../../avr/lib/avr51\libm.a(addsf3.o)
 .text.avr-libc.fplib
                0x00000000        0xe c:/program files (x86)/atmel/studio/7.0/toolchain/avr8/avr8-gnu-toolchain/bin/../lib/gcc/avr/5.4.0/../../../../avr/lib/avr51\libm.a(addsf3.o)
 .text          0x00000000        0x0 c:/program files (x86)/atmel/studio/7.0/toolchain/avr8/avr8-gnu-toolchain/bin/../lib/gcc/avr/5.4.0/../../../../avr/lib/avr51\libm.a(addsf3x.o)
 .data          0x00000000        0x0 c:/program files (x86)/atmel/studio/7.0/toolchain/avr8/avr8-gnu-toolchain/bin/../lib/gcc/avr/5.4.0/../../../../avr/lib/avr51\libm.a(addsf3x.o)
 .bss           0x00000000        0x0 c:/program files (x86)/atmel/studio/7.0/toolchain/avr8/avr8-gnu-toolchain/bin/../lib/gcc/avr/5.4.0/../../../../avr/lib/avr51\libm.a(addsf3x.o)
 .text.avr-libc.fplib
                0x00000000       0xcc c:/program files (x86)/atmel/studio/7.0/toolchain/avr8/avr8-gnu-toolchain/bin/../lib/gcc/avr/5.4.0/../../../../avr/lib/avr51\libm.a(addsf3x.o)
 .text          0x00000000        0x0 c:/program files (x86)/atmel/studio/7.0/toolchain/avr8/avr8-gnu-toolchain/bin/../lib/gcc/avr/5.4.0/../../../../avr/lib/avr51\libm.a(divsf3.o)
 .data          0x00000000        0x0 c:/program files (x86)/atmel/studio/7.0/toolchain/avr8/avr8-gnu-toolchain/bin/../lib/gcc/avr/5.4.0/../../../../avr/lib/avr51\libm.a(divsf3.o)
 .bss           0x00000000        0x0 c:/program files (x86)/atmel/studio/7.0/toolchain/avr8/avr8-gnu-toolchain/bin/../lib/gcc/avr/5.4.0/../../../../avr/lib/avr51\libm.a(divsf3.o)
 .text.avr-libc.fplib
                0x00000000        0x8 c:/program files (x86)/atmel/studio/7.0/toolchain/avr8/avr8-gnu-toolchain/bin/../lib/gcc/avr/5.4.0/../../../../avr/lib/avr51\libm.a(divsf3.o)
 .text          0x00000000        0x0 c:/program files (x86)/atmel/studio/7.0/toolchain/avr8/avr8-gnu-toolchain/bin/../lib/gcc/avr/5.4.0/../../../../avr/lib/avr51\libm.a(divsf3x.o)
 .data          0x00000000        0x0 c:/program files (x86)/atmel/studio/7.0/toolchain/avr8/avr8-gnu-toolchain/bin/../lib/gcc/avr/5.4.0/../../../../avr/lib/avr51\libm.a(divsf3x.o)
 .bss           0x00000000        0x0 c:/program files (x86)/atmel/studio/7.0/toolchain/avr8/avr8-gnu-toolchain/bin/../lib/gcc/avr/5.4.0/../../../../avr/lib/avr51\libm.a(divsf3x.o)
 .text.avr-libc.fplib
                0x00000000       0xdc c:/program files (x86)/atmel/studio/7.0/toolchain/avr8/avr8-gnu-toolchain/bin/../lib/gcc/avr/5.4.0/../../../../avr/lib/avr51\libm.a(divsf3x.o)
 .text          0x00000000        0x0 c:/program files (x86)/atmel/studio/7.0/toolchain/avr8/avr8-gnu-toolchain/bin/../lib/gcc/avr/5.4.0/../../../../avr/lib/avr51\libm.a(fixunssfsi.o)
 .data          0x00000000        0x0 c:/program files (x86)/atmel/studio/7.0/toolchain/avr8/avr8-gnu-toolchain/bin/../lib/gcc/avr/5.4.0/../../../../avr/lib/avr51\libm.a(fixunssfsi.o)
 .bss           0x00000000        0x0 c:/program files (x86)/atmel/studio/7.0/toolchain/avr8/avr8-gnu-toolchain/bin/../lib/gcc/avr/5.4.0/../../../../avr/lib/avr51\libm.a(fixunssfsi.o)
 .text.avr-libc.fplib
                0x00000000       0x5e c:/program files (x86)/atmel/studio/7.0/toolchain/avr8/avr8-gnu-toolchain/bin/../lib/gcc/avr/5.4.0/../../../../avr/lib/avr51\libm.a(fixunssfsi.o)
 .text          0x00000000        0x0 c:/program files (x86)/atmel/studio/7.0/toolchain/avr8/avr8-gnu-toolchain/bin/../lib/gcc/avr/5.4.0/../../../../avr/lib/avr51\libm.a(floatsisf.o)
 .data          0x00000000        0x0 c:/program files (x86)/atmel/studio/7.0/toolchain/avr8/avr8-gnu-toolchain/bin/../lib/gcc/avr/5.4.0/../../../../avr/lib/avr51\libm.a(floatsisf.o)
 .bss           0x00000000        0x0 c:/program files (x86)/atmel/studio/7.0/toolchain/avr8/avr8-gnu-toolchain/bin/../lib/gcc/avr/5.4.0/../../../../avr/lib/avr51\libm.a(floatsisf.o)
 .text.avr-libc.fplib
                0x00000000       0x7a c:/program files (x86)/atmel/studio/7.0/toolchain/avr8/avr8-gnu-toolchain/bin/../lib/gcc/avr/5.4.0/../../../../avr/lib/avr51\libm.a(floatsisf.o)
 .text          0x00000000        0x0 c:/program files (x86)/atmel/studio/7.0/toolchain/avr8/avr8-gnu-toolchain/bin/../lib/gcc/avr/5.4.0/../../../../avr/lib/avr51\libm.a(fp_inf.o)
 .data          0x00000000        0x0 c:/program files (x86)/atmel/studio/7.0/toolchain/avr8/avr8-gnu-toolchain/bin/../lib/gcc/avr/5.4.0/../../../../avr/lib/avr51\libm.a(fp_inf.o)
 .bss           0x00000000        0x0 c:/program files (x86)/atmel/studio/7.0/toolchain/avr8/avr8-gnu-toolchain/bin/../lib/gcc/avr/5.4.0/../../../../avr/lib/avr51\libm.a(fp_inf.o)
 .text.avr-libc.fplib
                0x00000000        0xc c:/program files (x86)/atmel/studio/7.0/toolchain/avr8/avr8-gnu-toolchain/bin/../lib/gcc/avr/5.4.0/../../../../avr/lib/avr51\libm.a(fp_inf.o)
 .text          0x00000000        0x0 c:/program files (x86)/atmel/studio/7.0/toolchain/avr8/avr8-gnu-toolchain/bin/../lib/gcc/avr/5.4.0/../../../../avr/lib/avr51\libm.a(fp_nan.o)
 .data          0x00000000        0x0 c:/program files (x86)/atmel/studio/7.0/toolchain/avr8/avr8-gnu-toolchain/bin/../lib/gcc/avr/5.4.0/../../../../avr/lib/avr51\libm.a(fp_nan.o)
 .bss           0x00000000        0x0 c:/program files (x86)/atmel/studio/7.0/toolchain/avr8/avr8-gnu-toolchain/bin/../lib/gcc/avr/5.4.0/../../../../avr/lib/avr51\libm.a(fp_nan.o)
 .text.avr-libc.fplib
                0x00000000        0x6 c:/program files (x86)/atmel/studio/7.0/toolchain/avr8/avr8-gnu-toolchain/bin/../lib/gcc/avr/5.4.0/../../../../avr/lib/avr51\libm.a(fp_nan.o)
 .text          0x00000000        0x0 c:/program files (x86)/atmel/studio/7.0/toolchain/avr8/avr8-gnu-toolchain/bin/../lib/gcc/avr/5.4.0/../../../../avr/lib/avr51\libm.a(fp_pscA.o)
 .data          0x00000000        0x0 c:/program files (x86)/atmel/studio/7.0/toolchain/avr8/avr8-gnu-toolchain/bin/../lib/gcc/avr/5.4.0/../../../../avr/lib/avr51\libm.a(fp_pscA.o)
 .bss           0x00000000        0x0 c:/program files (x86)/atmel/studio/7.0/toolchain/avr8/avr8-gnu-toolchain/bin/../lib/gcc/avr/5.4.0/../../../../avr/lib/avr51\libm.a(fp_pscA.o)
 .text.avr-libc.fplib
                0x00000000        0xe c:/program files (x86)/atmel/studio/7.0/toolchain/avr8/avr8-gnu-toolchain/bin/../lib/gcc/avr/5.4.0/../../../../avr/lib/avr51\libm.a(fp_pscA.o)
 .text          0x00000000        0x0 c:/program files (x86)/atmel/studio/7.0/toolchain/avr8/avr8-gnu-toolchain/bin/../lib/gcc/avr/5.4.0/../../../../avr/lib/avr51\libm.a(fp_pscB.o)
 .data          0x00000000        0x0 c:/program files (x86)/atmel/studio/7.0/toolchain/avr8/avr8-gnu-toolchain/bin/../lib/gcc/avr/5.4.0/../../../../avr/lib/avr51\libm.a(fp_pscB.o)
 .bss           0x00000000        0x0 c:/program files (x86)/atmel/studio/7.0/toolchain/avr8/avr8-gnu-toolchain/bin/../lib/gcc/avr/5.4.0/../../../../avr/lib/avr51\libm.a(fp_pscB.o)
 .text.avr-libc.fplib
                0x00000000        0xe c:/program files (x86)/atmel/studio/7.0/toolchain/avr8/avr8-gnu-toolchain/bin/../lib/gcc/avr/5.4.0/../../../../avr/lib/avr51\libm.a(fp_pscB.o)
 .text          0x00000000        0x0 c:/program files (x86)/atmel/studio/7.0/toolchain/avr8/avr8-gnu-toolchain/bin/../lib/gcc/avr/5.4.0/../../../../avr/lib/avr51\libm.a(fp_round.o)
 .data          0x00000000        0x0 c:/program files (x86)/atmel/studio/7.0/toolchain/avr8/avr8-gnu-toolchain/bin/../lib/gcc/avr/5.4.0/../../../../avr/lib/avr51\libm.a(fp_round.o)
 .bss           0x00000000        0x0 c:/program files (x86)/atmel/studio/7.0/toolchain/avr8/avr8-gnu-toolchain/bin/../lib/gcc/avr/5.4.0/../../../../avr/lib/avr51\libm.a(fp_round.o)
 .text.avr-libc.fplib
                0x00000000       0x22 c:/program files (x86)/atmel/studio/7.0/toolchain/avr8/avr8-gnu-toolchain/bin/../lib/gcc/avr/5.4.0/../../../../avr/lib/avr51\libm.a(fp_round.o)
 .text          0x00000000        0x0 c:/program files (x86)/atmel/studio/7.0/toolchain/avr8/avr8-gnu-toolchain/bin/../lib/gcc/avr/5.4.0/../../../../avr/lib/avr51\libm.a(fp_split3.o)
 .data          0x00000000        0x0 c:/program files (x86)/atmel/studio/7.0/toolchain/avr8/avr8-gnu-toolchain/bin/../lib/gcc/avr/5.4.0/../../../../avr/lib/avr51\libm.a(fp_split3.o)
 .bss           0x00000000        0x0 c:/program files (x86)/atmel/studio/7.0/toolchain/avr8/avr8-gnu-toolchain/bin/../lib/gcc/avr/5.4.0/../../../../avr/lib/avr51\libm.a(fp_split3.o)
 .text.avr-libc.fplib
                0x00000000       0x44 c:/program files (x86)/atmel/studio/7.0/toolchain/avr8/avr8-gnu-toolchain/bin/../lib/gcc/avr/5.4.0/../../../../avr/lib/avr51\libm.a(fp_split3.o)
 .text          0x00000000        0x0 c:/program files (x86)/atmel/studio/7.0/toolchain/avr8/avr8-gnu-toolchain/bin/../lib/gcc/avr/5.4.0/../../../../avr/lib/avr51\libm.a(fp_zero.o)
 .data          0x00000000        0x0 c:/program files (x86)/atmel/studio/7.0/toolchain/avr8/avr8-gnu-toolchain/bin/../lib/gcc/avr/5.4.0/../../../../avr/lib/avr51\libm.a(fp_zero.o)
 .bss           0x00000000        0x0 c:/program files (x86)/atmel/studio/7.0/toolchain/avr8/avr8-gnu-toolchain/bin/../lib/gcc/avr/5.4.0/../../../../avr/lib/avr51\libm.a(fp_zero.o)
 .text.avr-libc.fplib
                0x00000000        0xe c:/program files (x86)/atmel/studio/7.0/toolchain/avr8/avr8-gnu-toolchain/bin/../lib/gcc/avr/5.4.0/../../../../avr/lib/avr51\libm.a(fp_zero.o)
 .text          0x00000000        0x0 c:/program files (x86)/atmel/studio/7.0/toolchain/avr8/avr8-gnu-toolchain/bin/../lib/gcc/avr/5.4.0/avr51\libgcc.a(_udivmodsi4.o)
 .data          0x00000000        0x0 c:/program files (x86)/atmel/studio/7.0/toolchain/avr8/avr8-gnu-toolchain/bin/../lib/gcc/avr/5.4.0/avr51\libgcc.a(_udivmodsi4.o)
 .bss           0x00000000        0x0 c:/program files (x86)/atmel/studio/7.0/toolchain/avr8/avr8-gnu-toolchain/bin/../lib/gcc/avr/5.4.0/avr51\libgcc.a(_udivmodsi4.o)
 .text.libgcc.mul
                0x00000000        0x0 c:/program files (x86)/atmel/studio/7.0/toolchain/avr8/avr8-gnu-toolchain/bin/../lib/gcc/avr/5.4.0/avr51\libgcc.a(_udivmodsi4.o)
 .text.libgcc   0x00000000        0x0 c:/program files (x86)/atmel/studio/7.0/toolchain/avr8/avr8-gnu-toolchain/bin/../lib/gcc/avr/5.4.0/avr51\libgcc.a(_udivmodsi4.o)
 .text.libgcc.prologue
                0x00000000        0x0 c:/program files (x86)/atmel/studio/7.0/toolchain/avr8/avr8-gnu-toolchain/bin/../lib/gcc/avr/5.4.0/avr51\libgcc.a(_udivmodsi4.o)
 .text.libgcc.builtins
                0x00000000        0x0 c:/program files (x86)/atmel/studio/7.0/toolchain/avr8/avr8-gnu-toolchain/bin/../lib/gcc/avr/5.4.0/avr51\libgcc.a(_udivmodsi4.o)
 .text.libgcc.fmul
                0x00000000        0x0 c:/program files (x86)/atmel/studio/7.0/toolchain/avr8/avr8-gnu-toolchain/bin/../lib/gcc/avr/5.4.0/avr51\libgcc.a(_udivmodsi4.o)
 .text.libgcc.fixed
                0x00000000        0x0 c:/program files (x86)/atmel/studio/7.0/toolchain/avr8/avr8-gnu-toolchain/bin/../lib/gcc/avr/5.4.0/avr51\libgcc.a(_udivmodsi4.o)
 .text          0x00000000        0x0 c:/program files (x86)/atmel/studio/7.0/toolchain/avr8/avr8-gnu-toolchain/bin/../lib/gcc/avr/5.4.0/avr51\libgcc.a(_exit.o)
 .data          0x00000000        0x0 c:/program files (x86)/atmel/studio/7.0/toolchain/avr8/avr8-gnu-toolchain/bin/../lib/gcc/avr/5.4.0/avr51\libgcc.a(_exit.o)
 .bss           0x00000000        0x0 c:/program files (x86)/atmel/studio/7.0/toolchain/avr8/avr8-gnu-toolchain/bin/../lib/gcc/avr/5.4.0/avr51\libgcc.a(_exit.o)
 .text.libgcc.mul
                0x00000000        0x0 c:/program files (x86)/atmel/studio/7.0/toolchain/avr8/avr8-gnu-toolchain/bin/../lib/gcc/avr/5.4.0/avr51\libgcc.a(_exit.o)
 .text.libgcc.div
                0x00000000        0x0 c:/program files (x86)/atmel/studio/7.0/toolchain/avr8/avr8-gnu-toolchain/bin/../lib/gcc/avr/5.4.0/avr51\libgcc.a(_exit.o)
 .text.libgcc   0x00000000        0x0 c:/program files (x86)/atmel/studio/7.0/toolchain/avr8/avr8-gnu-toolchain/bin/../lib/gcc/avr/5.4.0/avr51\libgcc.a(_exit.o)
 .text.libgcc.prologue
                0x00000000        0x0 c:/program files (x86)/atmel/studio/7.0/toolchain/avr8/avr8-gnu-toolchain/bin/../lib/gcc/avr/5.4.0/avr51\libgcc.a(_exit.o)
 .text.libgcc.builtins
                0x00000000        0x0 c:/program files (x86)/atmel/studio/7.0/toolchain/avr8/avr8-gnu-toolchain/bin/../lib/gcc/avr/5.4.0/avr51\libgcc.a(_exit.o)
 .text.libgcc.fmul
                0x00000000        0x0 c:/program files (x86)/atmel/studio/7.0/toolchain/avr8/avr8-gnu-toolchain/bin/../lib/gcc/avr/5.4.0/avr51\libgcc.a(_exit.o)
 .text.libgcc.fixed
                0x00000000        0x0 c:/program files (x86)/atmel/studio/7.0/toolchain/avr8/avr8-gnu-toolchain/bin/../lib/gcc/avr/5.4.0/avr51\libgcc.a(_exit.o)
 .text          0x00000000        0x0 c:/program files (x86)/atmel/studio/7.0/toolchain/avr8/avr8-gnu-toolchain/bin/../lib/gcc/avr/5.4.0/avr51\libgcc.a(_tablejump2.o)
 .data          0x00000000        0x0 c:/program files (x86)/atmel/studio/7.0/toolchain/avr8/avr8-gnu-toolchain/bin/../lib/gcc/avr/5.4.0/avr51\libgcc.a(_tablejump2.o)
 .bss           0x00000000        0x0 c:/program files (x86)/atmel/studio/7.0/toolchain/avr8/avr8-gnu-toolchain/bin/../lib/gcc/avr/5.4.0/avr51\libgcc.a(_tablejump2.o)
 .text.libgcc.mul
                0x00000000        0x0 c:/program files (x86)/atmel/studio/7.0/toolchain/avr8/avr8-gnu-toolchain/bin/../lib/gcc/avr/5.4.0/avr51\libgcc.a(_tablejump2.o)
 .text.libgcc.div
                0x00000000        0x0 c:/program files (x86)/atmel/studio/7.0/toolchain/avr8/avr8-gnu-toolchain/bin/../lib/gcc/avr/5.4.0/avr51\libgcc.a(_tablejump2.o)
 .text.libgcc.prologue
                0x00000000        0x0 c:/program files (x86)/atmel/studio/7.0/toolchain/avr8/avr8-gnu-toolchain/bin/../lib/gcc/avr/5.4.0/avr51\libgcc.a(_tablejump2.o)
 .text.libgcc.builtins
                0x00000000        0x0 c:/program files (x86)/atmel/studio/7.0/toolchain/avr8/avr8-gnu-toolchain/bin/../lib/gcc/avr/5.4.0/avr51\libgcc.a(_tablejump2.o)
 .text.libgcc.fmul
                0x00000000        0x0 c:/program files (x86)/atmel/studio/7.0/toolchain/avr8/avr8-gnu-toolchain/bin/../lib/gcc/avr/5.4.0/avr51\libgcc.a(_tablejump2.o)
 .text.libgcc.fixed
                0x00000000        0x0 c:/program files (x86)/atmel/studio/7.0/toolchain/avr8/avr8-gnu-toolchain/bin/../lib/gcc/avr/5.4.0/avr51\libgcc.a(_tablejump2.o)
 .text          0x00000000        0x0 c:/program files (x86)/atmel/studio/7.0/toolchain/avr8/avr8-gnu-toolchain/bin/../lib/gcc/avr/5.4.0/avr51\libgcc.a(_copy_data.o)
 .data          0x00000000        0x0 c:/program files (x86)/atmel/studio/7.0/toolchain/avr8/avr8-gnu-toolchain/bin/../lib/gcc/avr/5.4.0/avr51\libgcc.a(_copy_data.o)
 .bss           0x00000000        0x0 c:/program files (x86)/atmel/studio/7.0/toolchain/avr8/avr8-gnu-toolchain/bin/../lib/gcc/avr/5.4.0/avr51\libgcc.a(_copy_data.o)
 .text.libgcc.mul
                0x00000000        0x0 c:/program files (x86)/atmel/studio/7.0/toolchain/avr8/avr8-gnu-toolchain/bin/../lib/gcc/avr/5.4.0/avr51\libgcc.a(_copy_data.o)
 .text.libgcc.div
                0x00000000        0x0 c:/program files (x86)/atmel/studio/7.0/toolchain/avr8/avr8-gnu-toolchain/bin/../lib/gcc/avr/5.4.0/avr51\libgcc.a(_copy_data.o)
 .text.libgcc   0x00000000        0x0 c:/program files (x86)/atmel/studio/7.0/toolchain/avr8/avr8-gnu-toolchain/bin/../lib/gcc/avr/5.4.0/avr51\libgcc.a(_copy_data.o)
 .text.libgcc.prologue
                0x00000000        0x0 c:/program files (x86)/atmel/studio/7.0/toolchain/avr8/avr8-gnu-toolchain/bin/../lib/gcc/avr/5.4.0/avr51\libgcc.a(_copy_data.o)
 .text.libgcc.builtins
                0x00000000        0x0 c:/program files (x86)/atmel/studio/7.0/toolchain/avr8/avr8-gnu-toolchain/bin/../lib/gcc/avr/5.4.0/avr51\libgcc.a(_copy_data.o)
 .text.libgcc.fmul
                0x00000000        0x0 c:/program files (x86)/atmel/studio/7.0/toolchain/avr8/avr8-gnu-toolchain/bin/../lib/gcc/avr/5.4.0/avr51\libgcc.a(_copy_data.o)
 .text.libgcc.fixed
                0x00000000        0x0 c:/program files (x86)/atmel/studio/7.0/toolchain/avr8/avr8-gnu-toolchain/bin/../lib/gcc/avr/5.4.0/avr51\libgcc.a(_copy_data.o)
 .text          0x00000000        0x0 c:/program files (x86)/atmel/studio/7.0/toolchain/avr8/avr8-gnu-toolchain/bin/../lib/gcc/avr/5.4.0/avr51\libgcc.a(_clear_bss.o)
 .data          0x00000000        0x0 c:/program files (x86)/atmel/studio/7.0/toolchain/avr8/avr8-gnu-toolchain/bin/../lib/gcc/avr/5.4.0/avr51\libgcc.a(_clear_bss.o)
 .bss           0x00000000        0x0 c:/program files (x86)/atmel/studio/7.0/toolchain/avr8/avr8-gnu-toolchain/bin/../lib/gcc/avr/5.4.0/avr51\libgcc.a(_clear_bss.o)
 .text.libgcc.mul
                0x00000000        0x0 c:/program files (x86)/atmel/studio/7.0/toolchain/avr8/avr8-gnu-toolchain/bin/../lib/gcc/avr/5.4.0/avr51\libgcc.a(_clear_bss.o)
 .text.libgcc.div
                0x00000000        0x0 c:/program files (x86)/atmel/studio/7.0/toolchain/avr8/avr8-gnu-toolchain/bin/../lib/gcc/avr/5.4.0/avr51\libgcc.a(_clear_bss.o)
 .text.libgcc   0x00000000        0x0 c:/program files (x86)/atmel/studio/7.0/toolchain/avr8/avr8-gnu-toolchain/bin/../lib/gcc/avr/5.4.0/avr51\libgcc.a(_clear_bss.o)
 .text.libgcc.prologue
                0x00000000        0x0 c:/program files (x86)/atmel/studio/7.0/toolchain/avr8/avr8-gnu-toolchain/bin/../lib/gcc/avr/5.4.0/avr51\libgcc.a(_clear_bss.o)
 .text.libgcc.builtins
                0x00000000        0x0 c:/program files (x86)/atmel/studio/7.0/toolchain/avr8/avr8-gnu-toolchain/bin/../lib/gcc/avr/5.4.0/avr51\libgcc.a(_clear_bss.o)
 .text.libgcc.fmul
                0x00000000        0x0 c:/program files (x86)/atmel/studio/7.0/toolchain/avr8/avr8-gnu-toolchain/bin/../lib/gcc/avr/5.4.0/avr51\libgcc.a(_clear_bss.o)
 .text.libgcc.fixed
                0x00000000        0x0 c:/program files (x86)/atmel/studio/7.0/toolchain/avr8/avr8-gnu-toolchain/bin/../lib/gcc/avr/5.4.0/avr51\libgcc.a(_clear_bss.o)
 .text          0x00000000        0x0 c:/program files (x86)/atmel/studio/7.0/toolchain/avr8/avr8-gnu-toolchain/bin/../lib/gcc/avr/5.4.0/avr51\libgcc.a(_muluhisi3.o)
 .data          0x00000000        0x0 c:/program files (x86)/atmel/studio/7.0/toolchain/avr8/avr8-gnu-toolchain/bin/../lib/gcc/avr/5.4.0/avr51\libgcc.a(_muluhisi3.o)
 .bss           0x00000000        0x0 c:/program files (x86)/atmel/studio/7.0/toolchain/avr8/avr8-gnu-toolchain/bin/../lib/gcc/avr/5.4.0/avr51\libgcc.a(_muluhisi3.o)
 .text.libgcc.div
                0x00000000        0x0 c:/program files (x86)/atmel/studio/7.0/toolchain/avr8/avr8-gnu-toolchain/bin/../lib/gcc/avr/5.4.0/avr51\libgcc.a(_muluhisi3.o)
 .text.libgcc   0x00000000        0x0 c:/program files (x86)/atmel/studio/7.0/toolchain/avr8/avr8-gnu-toolchain/bin/../lib/gcc/avr/5.4.0/avr51\libgcc.a(_muluhisi3.o)
 .text.libgcc.prologue
                0x00000000        0x0 c:/program files (x86)/atmel/studio/7.0/toolchain/avr8/avr8-gnu-toolchain/bin/../lib/gcc/avr/5.4.0/avr51\libgcc.a(_muluhisi3.o)
 .text.libgcc.builtins
                0x00000000        0x0 c:/program files (x86)/atmel/studio/7.0/toolchain/avr8/avr8-gnu-toolchain/bin/../lib/gcc/avr/5.4.0/avr51\libgcc.a(_muluhisi3.o)
 .text.libgcc.fmul
                0x00000000        0x0 c:/program files (x86)/atmel/studio/7.0/toolchain/avr8/avr8-gnu-toolchain/bin/../lib/gcc/avr/5.4.0/avr51\libgcc.a(_muluhisi3.o)
 .text.libgcc.fixed
                0x00000000        0x0 c:/program files (x86)/atmel/studio/7.0/toolchain/avr8/avr8-gnu-toolchain/bin/../lib/gcc/avr/5.4.0/avr51\libgcc.a(_muluhisi3.o)
 .text          0x00000000        0x0 c:/program files (x86)/atmel/studio/7.0/toolchain/avr8/avr8-gnu-toolchain/bin/../lib/gcc/avr/5.4.0/avr51\libgcc.a(_umulhisi3.o)
 .data          0x00000000        0x0 c:/program files (x86)/atmel/studio/7.0/toolchain/avr8/avr8-gnu-toolchain/bin/../lib/gcc/avr/5.4.0/avr51\libgcc.a(_umulhisi3.o)
 .bss           0x00000000        0x0 c:/program files (x86)/atmel/studio/7.0/toolchain/avr8/avr8-gnu-toolchain/bin/../lib/gcc/avr/5.4.0/avr51\libgcc.a(_umulhisi3.o)
 .text.libgcc.div
                0x00000000        0x0 c:/program files (x86)/atmel/studio/7.0/toolchain/avr8/avr8-gnu-toolchain/bin/../lib/gcc/avr/5.4.0/avr51\libgcc.a(_umulhisi3.o)
 .text.libgcc   0x00000000        0x0 c:/program files (x86)/atmel/studio/7.0/toolchain/avr8/avr8-gnu-toolchain/bin/../lib/gcc/avr/5.4.0/avr51\libgcc.a(_umulhisi3.o)
 .text.libgcc.prologue
                0x00000000        0x0 c:/program files (x86)/atmel/studio/7.0/toolchain/avr8/avr8-gnu-toolchain/bin/../lib/gcc/avr/5.4.0/avr51\libgcc.a(_umulhisi3.o)
 .text.libgcc.builtins
                0x00000000        0x0 c:/program files (x86)/atmel/studio/7.0/toolchain/avr8/avr8-gnu-toolchain/bin/../lib/gcc/avr/5.4.0/avr51\libgcc.a(_umulhisi3.o)
 .text.libgcc.fmul
                0x00000000        0x0 c:/program files (x86)/atmel/studio/7.0/toolchain/avr8/avr8-gnu-toolchain/bin/../lib/gcc/avr/5.4.0/avr51\libgcc.a(_umulhisi3.o)
 .text.libgcc.fixed
                0x00000000        0x0 c:/program files (x86)/atmel/studio/7.0/toolchain/avr8/avr8-gnu-toolchain/bin/../lib/gcc/avr/5.4.0/avr51\libgcc.a(_umulhisi3.o)
 .text          0x00000000        0x0 c:/program files (x86)/atmel/studio/7.0/toolchain/avr8/avr8-gnu-toolchain/bin/../lib/gcc/avr/5.4.0/../../../../avr/lib/avr51\libc.a(vsnprintf.o)
 .data          0x00000000        0x0 c:/program files (x86)/atmel/studio/7.0/toolchain/avr8/avr8-gnu-toolchain/bin/../lib/gcc/avr/5.4.0/../../../../avr/lib/avr51\libc.a(vsnprintf.o)
 .bss           0x00000000        0x0 c:/program files (x86)/atmel/studio/7.0/toolchain/avr8/avr8-gnu-toolchain/bin/../lib/gcc/avr/5.4.0/../../../../avr/lib/avr51\libc.a(vsnprintf.o)
 .text.avr-libc
                0x00000000       0x72 c:/program files (x86)/atmel/studio/7.0/toolchain/avr8/avr8-gnu-toolchain/bin/../lib/gcc/avr/5.4.0/../../../../avr/lib/avr51\libc.a(vsnprintf.o)
 .comment       0x00000000       0x31 c:/program files (x86)/atmel/studio/7.0/toolchain/avr8/avr8-gnu-toolchain/bin/../lib/gcc/avr/5.4.0/../../../../avr/lib/avr51\libc.a(vsnprintf.o)
 .text          0x00000000        0x0 c:/program files (x86)/atmel/studio/7.0/toolchain/avr8/avr8-gnu-toolchain/bin/../lib/gcc/avr/5.4.0/../../../../avr/lib/avr51\libc.a(vfprintf_std.o)
 .data          0x00000000        0x0 c:/program files (x86)/atmel/studio/7.0/toolchain/avr8/avr8-gnu-toolchain/bin/../lib/gcc/avr/5.4.0/../../../../avr/lib/avr51\libc.a(vfprintf_std.o)
 .bss           0x00000000        0x0 c:/program files (x86)/atmel/studio/7.0/toolchain/avr8/avr8-gnu-toolchain/bin/../lib/gcc/avr/5.4.0/../../../../avr/lib/avr51\libc.a(vfprintf_std.o)
 .text.avr-libc
                0x00000000      0x414 c:/program files (x86)/atmel/studio/7.0/toolchain/avr8/avr8-gnu-toolchain/bin/../lib/gcc/avr/5.4.0/../../../../avr/lib/avr51\libc.a(vfprintf_std.o)
 .comment       0x00000000       0x2d c:/program files (x86)/atmel/studio/7.0/toolchain/avr8/avr8-gnu-toolchain/bin/../lib/gcc/avr/5.4.0/../../../../avr/lib/avr51\libc.a(vfprintf_std.o)
 .text          0x00000000        0x0 c:/program files (x86)/atmel/studio/7.0/toolchain/avr8/avr8-gnu-toolchain/bin/../lib/gcc/avr/5.4.0/../../../../avr/lib/avr51\libc.a(strnlen_P.o)
 .data          0x00000000        0x0 c:/program files (x86)/atmel/studio/7.0/toolchain/avr8/avr8-gnu-toolchain/bin/../lib/gcc/avr/5.4.0/../../../../avr/lib/avr51\libc.a(strnlen_P.o)
 .bss           0x00000000        0x0 c:/program files (x86)/atmel/studio/7.0/toolchain/avr8/avr8-gnu-toolchain/bin/../lib/gcc/avr/5.4.0/../../../../avr/lib/avr51\libc.a(strnlen_P.o)
 .text.avr-libc
                0x00000000       0x16 c:/program files (x86)/atmel/studio/7.0/toolchain/avr8/avr8-gnu-toolchain/bin/../lib/gcc/avr/5.4.0/../../../../avr/lib/avr51\libc.a(strnlen_P.o)
 .text          0x00000000        0x0 c:/program files (x86)/atmel/studio/7.0/toolchain/avr8/avr8-gnu-toolchain/bin/../lib/gcc/avr/5.4.0/../../../../avr/lib/avr51\libc.a(strnlen.o)
 .data          0x00000000        0x0 c:/program files (x86)/atmel/studio/7.0/toolchain/avr8/avr8-gnu-toolchain/bin/../lib/gcc/avr/5.4.0/../../../../avr/lib/avr51\libc.a(strnlen.o)
 .bss           0x00000000        0x0 c:/program files (x86)/atmel/studio/7.0/toolchain/avr8/avr8-gnu-toolchain/bin/../lib/gcc/avr/5.4.0/../../../../avr/lib/avr51\libc.a(strnlen.o)
 .text.avr-libc
                0x00000000       0x16 c:/program files (x86)/atmel/studio/7.0/toolchain/avr8/avr8-gnu-toolchain/bin/../lib/gcc/avr/5.4.0/../../../../avr/lib/avr51\libc.a(strnlen.o)
 .text          0x00000000        0x0 c:/program files (x86)/atmel/studio/7.0/toolchain/avr8/avr8-gnu-toolchain/bin/../lib/gcc/avr/5.4.0/../../../../avr/lib/avr51\libc.a(fputc.o)
 .data          0x00000000        0x0 c:/program files (x86)/atmel/studio/7.0/toolchain/avr8/avr8-gnu-toolchain/bin/../lib/gcc/avr/5.4.0/../../../../avr/lib/avr51\libc.a(fputc.o)
 .bss           0x00000000        0x0 c:/program files (x86)/atmel/studio/7.0/toolchain/avr8/avr8-gnu-toolchain/bin/../lib/gcc/avr/5.4.0/../../../../avr/lib/avr51\libc.a(fputc.o)
 .text.avr-libc
                0x00000000       0x78 c:/program files (x86)/atmel/studio/7.0/toolchain/avr8/avr8-gnu-toolchain/bin/../lib/gcc/avr/5.4.0/../../../../avr/lib/avr51\libc.a(fputc.o)
 .comment       0x00000000       0x31 c:/program files (x86)/atmel/studio/7.0/toolchain/avr8/avr8-gnu-toolchain/bin/../lib/gcc/avr/5.4.0/../../../../avr/lib/avr51\libc.a(fputc.o)
 .text          0x00000000        0x0 c:/program files (x86)/atmel/studio/7.0/toolchain/avr8/avr8-gnu-toolchain/bin/../lib/gcc/avr/5.4.0/../../../../avr/lib/avr51\libc.a(ultoa_invert.o)
 .data          0x00000000        0x0 c:/program files (x86)/atmel/studio/7.0/toolchain/avr8/avr8-gnu-toolchain/bin/../lib/gcc/avr/5.4.0/../../../../avr/lib/avr51\libc.a(ultoa_invert.o)
 .bss           0x00000000        0x0 c:/program files (x86)/atmel/studio/7.0/toolchain/avr8/avr8-gnu-toolchain/bin/../lib/gcc/avr/5.4.0/../../../../avr/lib/avr51\libc.a(ultoa_invert.o)
 .text.avr-libc
                0x00000000       0xbc c:/program files (x86)/atmel/studio/7.0/toolchain/avr8/avr8-gnu-toolchain/bin/../lib/gcc/avr/5.4.0/../../../../avr/lib/avr51\libc.a(ultoa_invert.o)

Memory Configuration

Name             Origin             Length             Attributes
text             0x00000000         0x00020000         xr
data             0x00800100         0x0000ff00         rw !x
eeprom           0x00810000         0x00010000         rw !x
fuse             0x00820000         0x00000003         rw !x
lock             0x00830000         0x00000400         rw !x
signature        0x00840000         0x00000400         rw !x
user_signatures  0x00850000         0x00000400         rw !x
*default*        0x00000000         0xffffffff

Linker script and memory map

Address of section .data set to 0x800100
LOAD C:/Program Files (x86)/Atmel/Studio/7.0/Packs/atmel/ATmega_DFP/1.3.300/gcc/dev/atmega128/avr51/crtatmega128.o
LOAD src/ap/ap.o
LOAD src/bsp/atmega128_it.o
LOAD src/bsp/bsp.o
LOAD src/common/core/qbuffer.o
LOAD src/hw/driver/ctc.o
LOAD src/hw/driver/drivemotor.o
LOAD src/hw/driver/drivemotor/a4988.o
LOAD src/hw/driver/gpio.o
LOAD src/hw/driver/pwm.o
LOAD src/hw/driver/ros_server.o
LOAD src/hw/driver/ros/ros.o
LOAD src/hw/driver/ros/ros_uart.o
LOAD src/hw/driver/uart.o
LOAD src/hw/hw.o
LOAD src/lib/Drivers/Src/atmega128_hal.o
LOAD src/lib/Drivers/Src/atmega128_hal_gpio.o
LOAD src/lib/Drivers/Src/atmega128_hal_timer.o
LOAD src/lib/Drivers/Src/atmega128_hal_uart.o
LOAD src/main.o
START GROUP
LOAD c:/program files (x86)/atmel/studio/7.0/toolchain/avr8/avr8-gnu-toolchain/bin/../lib/gcc/avr/5.4.0/../../../../avr/lib/avr51\libm.a
END GROUP
START GROUP
LOAD c:/program files (x86)/atmel/studio/7.0/toolchain/avr8/avr8-gnu-toolchain/bin/../lib/gcc/avr/5.4.0/avr51\libgcc.a
LOAD c:/program files (x86)/atmel/studio/7.0/toolchain/avr8/avr8-gnu-toolchain/bin/../lib/gcc/avr/5.4.0/../../../../avr/lib/avr51\libm.a
LOAD c:/program files (x86)/atmel/studio/7.0/toolchain/avr8/avr8-gnu-toolchain/bin/../lib/gcc/avr/5.4.0/../../../../avr/lib/avr51\libc.a
LOAD C:/Program Files (x86)/Atmel/Studio/7.0/Packs/atmel/ATmega_DFP/1.3.300/gcc/dev/atmega128/avr51\libatmega128.a
END GROUP
                0x00000000                __TEXT_REGION_ORIGIN__ = DEFINED (__TEXT_REGION_ORIGIN__)?__TEXT_REGION_ORIGIN__:0x0
                0x00800100                __DATA_REGION_ORIGIN__ = DEFINED (__DATA_REGION_ORIGIN__)?__DATA_REGION_ORIGIN__:0x800100
                0x00020000                __TEXT_REGION_LENGTH__ = DEFINED (__TEXT_REGION_LENGTH__)?__TEXT_REGION_LENGTH__:0x20000
                0x0000ff00                __DATA_REGION_LENGTH__ = DEFINED (__DATA_REGION_LENGTH__)?__DATA_REGION_LENGTH__:0xff00
                0x00010000                __EEPROM_REGION_LENGTH__ = DEFINED (__EEPROM_REGION_LENGTH__)?__EEPROM_REGION_LENGTH__:0x10000
                [0x00000003]                __FUSE_REGION_LENGTH__ = DEFINED (__FUSE_REGION_LENGTH__)?__FUSE_REGION_LENGTH__:0x400
                0x00000400                __LOCK_REGION_LENGTH__ = DEFINED (__LOCK_REGION_LENGTH__)?__LOCK_REGION_LENGTH__:0x400
                0x00000400                __SIGNATURE_REGION_LENGTH__ = DEFINED (__SIGNATURE_REGION_LENGTH__)?__SIGNATURE_REGION_LENGTH__:0x400
                0x00000400                __USER_SIGNATURE_REGION_LENGTH__ = DEFINED (__USER_SIGNATURE_REGION_LENGTH__)?__USER_SIGNATURE_REGION_LENGTH__:0x400

.hash
 *(.hash)

.dynsym
 *(.dynsym)

.dynstr
 *(.dynstr)

.gnu.version
 *(.gnu.version)

.gnu.version_d
 *(.gnu.version_d)

.gnu.version_r
 *(.gnu.version_r)

.rel.init
 *(.rel.init)

.rela.init
 *(.rela.init)

.rel.text
 *(.rel.text)
 *(.rel.text.*)
 *(.rel.gnu.linkonce.t*)

.rela.text
 *(.rela.text)
 *(.rela.text.*)
 *(.rela.gnu.linkonce.t*)

.rel.fini
 *(.rel.fini)

.rela.fini
 *(.rela.fini)

.rel.rodata
 *(.rel.rodata)
 *(.rel.rodata.*)
 *(.rel.gnu.linkonce.r*)

.rela.rodata
 *(.rela.rodata)
 *(.rela.rodata.*)
 *(.rela.gnu.linkonce.r*)

.rel.data
 *(.rel.data)
 *(.rel.data.*)
 *(.rel.gnu.linkonce.d*)

.rela.data
 *(.rela.data)
 *(.rela.data.*)
 *(.rela.gnu.linkonce.d*)

.rel.ctors
 *(.rel.ctors)

.rela.ctors
 *(.rela.ctors)

.rel.dtors
 *(.rel.dtors)

.rela.dtors
 *(.rela.dtors)

.rel.got
 *(.rel.got)

.rela.got
 *(.rela.got)

.rel.bss
 *(.rel.bss)

.rela.bss
 *(.rela.bss)

.rel.plt
 *(.rel.plt)

.rela.plt
 *(.rela.plt)

.text           0x00000000      0xd4c
 *(.vectors)
 .vectors       0x00000000       0x8c C:/Program Files (x86)/Atmel/Studio/7.0/Packs/atmel/ATmega_DFP/1.3.300/gcc/dev/atmega128/avr51/crtatmega128.o
                0x00000000                __vector_default
                0x00000000                __vectors
 *(.vectors)
 *(.progmem.gcc*)
 .progmem.gcc_sw_table.rosReceivePacket
                0x0000008c       0x12 src/hw/driver/ros/ros.o
                0x0000009e                . = ALIGN (0x2)
                0x0000009e                __trampolines_start = .
 *(.trampolines)
 .trampolines   0x0000009e        0x0 linker stubs
 *(.trampolines*)
                0x0000009e                __trampolines_end = .
 *libprintf_flt.a:*(.progmem.data)
 *libc.a:*(.progmem.data)
 *(.progmem*)
                0x0000009e                . = ALIGN (0x2)
 *(.jumptables)
 *(.jumptables*)
 *(.lowtext)
 *(.lowtext*)
                0x0000009e                __ctors_start = .
 *(.ctors)
                0x0000009e                __ctors_end = .
                0x0000009e                __dtors_start = .
 *(.dtors)
                0x0000009e                __dtors_end = .
 SORT(*)(.ctors)
 SORT(*)(.dtors)
 *(.init0)
 .init0         0x0000009e        0x0 C:/Program Files (x86)/Atmel/Studio/7.0/Packs/atmel/ATmega_DFP/1.3.300/gcc/dev/atmega128/avr51/crtatmega128.o
                0x0000009e                __init
 *(.init0)
 *(.init1)
 *(.init1)
 *(.init2)
 .init2         0x0000009e        0xc C:/Program Files (x86)/Atmel/Studio/7.0/Packs/atmel/ATmega_DFP/1.3.300/gcc/dev/atmega128/avr51/crtatmega128.o
 *(.init2)
 *(.init3)
 *(.init3)
 *(.init4)
 .init4         0x000000aa       0x1a c:/program files (x86)/atmel/studio/7.0/toolchain/avr8/avr8-gnu-toolchain/bin/../lib/gcc/avr/5.4.0/avr51\libgcc.a(_copy_data.o)
                0x000000aa                __do_copy_data
 .init4         0x000000c4       0x10 c:/program files (x86)/atmel/studio/7.0/toolchain/avr8/avr8-gnu-toolchain/bin/../lib/gcc/avr/5.4.0/avr51\libgcc.a(_clear_bss.o)
                0x000000c4                __do_clear_bss
 *(.init4)
 *(.init5)
 *(.init5)
 *(.init6)
 *(.init6)
 *(.init7)
 *(.init7)
 *(.init8)
 *(.init8)
 *(.init9)
 .init9         0x000000d4        0x4 C:/Program Files (x86)/Atmel/Studio/7.0/Packs/atmel/ATmega_DFP/1.3.300/gcc/dev/atmega128/avr51/crtatmega128.o
 *(.init9)
 *(.text)
 .text          0x000000d8        0x2 C:/Program Files (x86)/Atmel/Studio/7.0/Packs/atmel/ATmega_DFP/1.3.300/gcc/dev/atmega128/avr51/crtatmega128.o
                0x000000d8                __vector_22
                0x000000d8                __vector_1
                0x000000d8                __vector_34
                0x000000d8                __bad_interrupt
                0x000000d8                __vector_6
                0x000000d8                __vector_31
                0x000000d8                __vector_3
                0x000000d8                __vector_23
                0x000000d8                __vector_17
                0x000000d8                __vector_19
                0x000000d8                __vector_7
                0x000000d8                __vector_5
                0x000000d8                __vector_33
                0x000000d8                __vector_4
                0x000000d8                __vector_2
                0x000000d8                __vector_21
                0x000000d8                __vector_8
                0x000000d8                __vector_16
                0x000000da                . = ALIGN (0x2)
 *(.text.*)
 .text.apInit   0x000000da        0x4 src/ap/ap.o
                0x000000da                apInit
 .text.apMain   0x000000de        0x4 src/ap/ap.o
                0x000000de                apMain
 .text.__vector_18
                0x000000e2       0x52 src/bsp/atmega128_it.o
                0x000000e2                __vector_18
 .text.__vector_20
                0x00000134       0x52 src/bsp/atmega128_it.o
                0x00000134                __vector_20
 .text.__vector_30
                0x00000186       0x52 src/bsp/atmega128_it.o
                0x00000186                __vector_30
 .text.__vector_32
                0x000001d8       0x52 src/bsp/atmega128_it.o
                0x000001d8                __vector_32
 .text.__vector_15
                0x0000022a       0x4e src/bsp/atmega128_it.o
                0x0000022a                __vector_15
 .text.__vector_14
                0x00000278       0x14 src/bsp/atmega128_it.o
                0x00000278                __vector_14
 .text.__vector_12
                0x0000028c       0x14 src/bsp/atmega128_it.o
                0x0000028c                __vector_12
 .text.__vector_13
                0x000002a0       0x14 src/bsp/atmega128_it.o
                0x000002a0                __vector_13
 .text.__vector_24
                0x000002b4       0x14 src/bsp/atmega128_it.o
                0x000002b4                __vector_24
 .text.__vector_11
                0x000002c8       0x14 src/bsp/atmega128_it.o
                0x000002c8                __vector_11
 .text.__vector_10
                0x000002dc       0x52 src/bsp/atmega128_it.o
                0x000002dc                __vector_10
 .text.__vector_9
                0x0000032e       0x52 src/bsp/atmega128_it.o
                0x0000032e                __vector_9
 .text.__vector_29
                0x00000380       0x14 src/bsp/atmega128_it.o
                0x00000380                __vector_29
 .text.__vector_26
                0x00000394       0x14 src/bsp/atmega128_it.o
                0x00000394                __vector_26
 .text.__vector_27
                0x000003a8       0x14 src/bsp/atmega128_it.o
                0x000003a8                __vector_27
 .text.__vector_28
                0x000003bc       0x14 src/bsp/atmega128_it.o
                0x000003bc                __vector_28
 .text.__vector_25
                0x000003d0       0x14 src/bsp/atmega128_it.o
                0x000003d0                __vector_25
 .text.bspInit  0x000003e4        0x4 src/bsp/bsp.o
                0x000003e4                bspInit
 .text.millis   0x000003e8        0x4 src/bsp/bsp.o
                0x000003e8                millis
 .text.qbufferWrite
                0x000003ec      0x148 src/common/core/qbuffer.o
                0x000003ec                qbufferWrite
 .text.gpioPinMode
                0x00000534       0x4c src/hw/driver/gpio.o
                0x00000534                gpioPinMode
 .text.gpioInit
                0x00000580       0x28 src/hw/driver/gpio.o
                0x00000580                gpioInit
 .text.rosServerRun
                0x000005a8       0x22 src/hw/driver/ros_server.o
                0x000005a8                rosServerRun
 .text.rosReceivePacket
                0x000005ca      0x1a8 src/hw/driver/ros/ros.o
                0x000005ca                rosReceivePacket
 .text.rosCallService
                0x00000772       0x20 src/hw/driver/ros/ros.o
                0x00000772                rosCallService
 .text.uartInit
                0x00000792        0x4 src/hw/driver/uart.o
                0x00000792                uartInit
 .text.UART_TxCpltCallback
                0x00000796        0x2 src/hw/driver/uart.o
                0x00000796                UART_TxCpltCallback
 .text.UART_RxCpltCallback
                0x00000798       0x36 src/hw/driver/uart.o
                0x00000798                UART_RxCpltCallback
 .text.hwInit   0x000007ce        0x8 src/hw/hw.o
                0x000007ce                hwInit
 .text.HAL_InitTick
                0x000007d6      0x284 src/lib/Drivers/Src/atmega128_hal.o
                0x000007d6                HAL_InitTick
 .text.HAL_Init
                0x00000a5a        0x4 src/lib/Drivers/Src/atmega128_hal.o
                0x00000a5a                HAL_Init
 .text.HAL_IncTick
                0x00000a5e       0x2e src/lib/Drivers/Src/atmega128_hal.o
                0x00000a5e                HAL_IncTick
 .text.HAL_GetTick
                0x00000a8c       0x12 src/lib/Drivers/Src/atmega128_hal.o
                0x00000a8c                HAL_GetTick
 .text.GPIO_Init
                0x00000a9e       0x76 src/lib/Drivers/Src/atmega128_hal_gpio.o
                0x00000a9e                GPIO_Init
 .text.TIM2_OVF_ElapsedCallback
                0x00000b14        0x2 src/lib/Drivers/Src/atmega128_hal_timer.o
                0x00000b14                TIM2_OVF_ElapsedCallback
 .text.TIM2_OVF_IRQHandler
                0x00000b16        0x4 src/lib/Drivers/Src/atmega128_hal_timer.o
                0x00000b16                TIM2_OVF_IRQHandler
 .text.TIM2_OC_ElapsedCallback
                0x00000b1a        0x2 src/lib/Drivers/Src/atmega128_hal_timer.o
                0x00000b1a                TIM2_OC_ElapsedCallback
 .text.TIM2_OC_IRQHandler
                0x00000b1c        0x4 src/lib/Drivers/Src/atmega128_hal_timer.o
                0x00000b1c                TIM2_OC_IRQHandler
 .text.UART_Receive
                0x00000b20      0x166 src/lib/Drivers/Src/atmega128_hal_uart.o
                0x00000b20                UART_Receive
 .text.UART_TxIRQHandler
                0x00000c86        0x4 src/lib/Drivers/Src/atmega128_hal_uart.o
                0x00000c86                UART_TxIRQHandler
 .text.UART_RxIRQHandler
                0x00000c8a       0x2a src/lib/Drivers/Src/atmega128_hal_uart.o
                0x00000c8a                UART_RxIRQHandler
 .text.main     0x00000cb4        0xc src/main.o
                0x00000cb4                main
 .text.libgcc.div
                0x00000cc0       0x44 c:/program files (x86)/atmel/studio/7.0/toolchain/avr8/avr8-gnu-toolchain/bin/../lib/gcc/avr/5.4.0/avr51\libgcc.a(_udivmodsi4.o)
                0x00000cc0                __udivmodsi4
 .text.libgcc   0x00000d04       0x12 c:/program files (x86)/atmel/studio/7.0/toolchain/avr8/avr8-gnu-toolchain/bin/../lib/gcc/avr/5.4.0/avr51\libgcc.a(_tablejump2.o)
                0x00000d04                __tablejump2__
 .text.libgcc.mul
                0x00000d16       0x14 c:/program files (x86)/atmel/studio/7.0/toolchain/avr8/avr8-gnu-toolchain/bin/../lib/gcc/avr/5.4.0/avr51\libgcc.a(_muluhisi3.o)
                0x00000d16                __muluhisi3
 .text.libgcc.mul
                0x00000d2a       0x1e c:/program files (x86)/atmel/studio/7.0/toolchain/avr8/avr8-gnu-toolchain/bin/../lib/gcc/avr/5.4.0/avr51\libgcc.a(_umulhisi3.o)
                0x00000d2a                __umulhisi3
                0x00000d48                . = ALIGN (0x2)
 *(.fini9)
 .fini9         0x00000d48        0x0 c:/program files (x86)/atmel/studio/7.0/toolchain/avr8/avr8-gnu-toolchain/bin/../lib/gcc/avr/5.4.0/avr51\libgcc.a(_exit.o)
                0x00000d48                _exit
                0x00000d48                exit
 *(.fini9)
 *(.fini8)
 *(.fini8)
 *(.fini7)
 *(.fini7)
 *(.fini6)
 *(.fini6)
 *(.fini5)
 *(.fini5)
 *(.fini4)
 *(.fini4)
 *(.fini3)
 *(.fini3)
 *(.fini2)
 *(.fini2)
 *(.fini1)
 *(.fini1)
 *(.fini0)
 .fini0         0x00000d48        0x4 c:/program files (x86)/atmel/studio/7.0/toolchain/avr8/avr8-gnu-toolchain/bin/../lib/gcc/avr/5.4.0/avr51\libgcc.a(_exit.o)
 *(.fini0)
                0x00000d4c                _etext = .

.data           0x00800100       0x62 load address 0x00000d4c
                0x00800100                PROVIDE (__data_start, .)
 *(.data)
 *(.data*)
 .data.gpio_tbl
                0x00800100       0x1e src/hw/driver/gpio.o
                0x00800100                gpio_tbl
 .data.tickFreq
                0x0080011e        0x1 src/lib/Drivers/Src/atmega128_hal.o
                0x0080011e                tickFreq
 .data.GPIO_descripter
                0x0080011f       0x2a src/lib/Drivers/Src/atmega128_hal_gpio.o
                0x0080011f                GPIO_descripter
 .data.USART_descripter
                0x00800149       0x18 src/lib/Drivers/Src/atmega128_hal_uart.o
                0x00800149                USART_descripter
 *(.gnu.linkonce.d*)
 *(.rodata)
 *(.rodata*)
 *(.gnu.linkonce.r*)
                0x00800162                . = ALIGN (0x2)
 *fill*         0x00800161        0x1 
                0x00800162                _edata = .
                0x00800162                PROVIDE (__data_end, .)

.bss            0x00800162      0x3f6
                0x00800162                PROVIDE (__bss_start, .)
 *(.bss)
 *(.bss*)
 .bss.qbuffer   0x00800162       0x1c src/hw/driver/uart.o
 *(COMMON)
 COMMON         0x0080017e       0x84 src/hw/driver/ctc.o
                0x0080017e                htim4
                0x00800187                htim3
                0x00800190                htim3_oc
                0x00800199                ctc_tbl
                0x008001ed                htim4_oc
                0x008001f6                htim2
                0x008001fd                htim2_oc
 COMMON         0x00800202      0x324 src/hw/driver/ros_server.o
                0x00800202                ros_handle
 COMMON         0x00800526       0x2e src/hw/driver/uart.o
                0x00800526                huart1
                0x0080053d                huart2
 COMMON         0x00800554        0x4 src/lib/Drivers/Src/atmega128_hal.o
                0x00800554                tick
                0x00800558                PROVIDE (__bss_end, .)
                0x00000d4c                __data_load_start = LOADADDR (.data)
                0x00000dae                __data_load_end = (__data_load_start + SIZEOF (.data))

.noinit         0x00800558        0x0
                [!provide]                PROVIDE (__noinit_start, .)
 *(.noinit*)
                [!provide]                PROVIDE (__noinit_end, .)
                0x00800558                _end = .
                [!provide]                PROVIDE (__heap_start, .)

.eeprom         0x00810000        0x0
 *(.eeprom*)
                0x00810000                __eeprom_end = .

.fuse
 *(.fuse)
 *(.lfuse)
 *(.hfuse)
 *(.efuse)

.lock
 *(.lock*)

.signature
 *(.signature*)

.user_signatures
 *(.user_signatures*)

.stab
 *(.stab)

.stabstr
 *(.stabstr)

.stab.excl
 *(.stab.excl)

.stab.exclstr
 *(.stab.exclstr)

.stab.index
 *(.stab.index)

.stab.indexstr
 *(.stab.indexstr)

.comment        0x00000000       0x30
 *(.comment)
 .comment       0x00000000       0x30 src/ap/ap.o
                                 0x31 (size before relaxing)
 .comment       0x00000030       0x31 src/bsp/atmega128_it.o
 .comment       0x00000030       0x31 src/bsp/bsp.o
 .comment       0x00000030       0x31 src/common/core/qbuffer.o
 .comment       0x00000030       0x31 src/hw/driver/ctc.o
 .comment       0x00000030       0x31 src/hw/driver/gpio.o
 .comment       0x00000030       0x31 src/hw/driver/ros_server.o
 .comment       0x00000030       0x31 src/hw/driver/ros/ros.o
 .comment       0x00000030       0x31 src/hw/driver/uart.o
 .comment       0x00000030       0x31 src/hw/hw.o
 .comment       0x00000030       0x31 src/lib/Drivers/Src/atmega128_hal.o
 .comment       0x00000030       0x31 src/lib/Drivers/Src/atmega128_hal_gpio.o
 .comment       0x00000030       0x31 src/lib/Drivers/Src/atmega128_hal_timer.o
 .comment       0x00000030       0x31 src/lib/Drivers/Src/atmega128_hal_uart.o
 .comment       0x00000030       0x31 src/main.o

.note.gnu.avr.deviceinfo
                0x00000000       0x3c
 .note.gnu.avr.deviceinfo
                0x00000000       0x3c C:/Program Files (x86)/Atmel/Studio/7.0/Packs/atmel/ATmega_DFP/1.3.300/gcc/dev/atmega128/avr51/crtatmega128.o

.note.gnu.build-id
 *(.note.gnu.build-id)

.debug
 *(.debug)

.line
 *(.line)

.debug_srcinfo
 *(.debug_srcinfo)

.debug_sfnames
 *(.debug_sfnames)

.debug_aranges  0x00000000      0x628
 *(.debug_aranges)
 .debug_aranges
                0x00000000       0x28 src/ap/ap.o
 .debug_aranges
                0x00000028       0xa0 src/bsp/atmega128_it.o
 .debug_aranges
                0x000000c8       0x30 src/bsp/bsp.o
 .debug_aranges
                0x000000f8       0x48 src/common/core/qbuffer.o
 .debug_aranges
                0x00000140       0x80 src/hw/driver/ctc.o
 .debug_aranges
                0x000001c0       0x40 src/hw/driver/gpio.o
 .debug_aranges
                0x00000200       0x28 src/hw/driver/ros_server.o
 .debug_aranges
                0x00000228       0x60 src/hw/driver/ros/ros.o
 .debug_aranges
                0x00000288       0x68 src/hw/driver/uart.o
 .debug_aranges
                0x000002f0       0x20 src/hw/hw.o
 .debug_aranges
                0x00000310       0x50 src/lib/Drivers/Src/atmega128_hal.o
 .debug_aranges
                0x00000360       0x38 src/lib/Drivers/Src/atmega128_hal_gpio.o
 .debug_aranges
                0x00000398      0x210 src/lib/Drivers/Src/atmega128_hal_timer.o
 .debug_aranges
                0x000005a8       0x60 src/lib/Drivers/Src/atmega128_hal_uart.o
 .debug_aranges
                0x00000608       0x20 src/main.o

.debug_pubnames
 *(.debug_pubnames)

.debug_info     0x00000000     0x5425
 *(.debug_info .gnu.linkonce.wi.*)
 .debug_info    0x00000000      0x780 C:/Program Files (x86)/Atmel/Studio/7.0/Packs/atmel/ATmega_DFP/1.3.300/gcc/dev/atmega128/avr51/crtatmega128.o
 .debug_info    0x00000780       0xbf src/ap/ap.o
 .debug_info    0x0000083f      0x4bf src/bsp/atmega128_it.o
 .debug_info    0x00000cfe      0x12c src/bsp/bsp.o
 .debug_info    0x00000e2a      0x2a9 src/common/core/qbuffer.o
 .debug_info    0x000010d3      0xa43 src/hw/driver/ctc.o
 .debug_info    0x00001b16      0x304 src/hw/driver/gpio.o
 .debug_info    0x00001e1a      0x418 src/hw/driver/ros_server.o
 .debug_info    0x00002232      0x707 src/hw/driver/ros/ros.o
 .debug_info    0x00002939      0x8d9 src/hw/driver/uart.o
 .debug_info    0x00003212       0xd4 src/hw/hw.o
 .debug_info    0x000032e6      0x29c src/lib/Drivers/Src/atmega128_hal.o
 .debug_info    0x00003582      0x27c src/lib/Drivers/Src/atmega128_hal_gpio.o
 .debug_info    0x000037fe     0x1540 src/lib/Drivers/Src/atmega128_hal_timer.o
 .debug_info    0x00004d3e      0x60f src/lib/Drivers/Src/atmega128_hal_uart.o
 .debug_info    0x0000534d       0xd8 src/main.o

.debug_abbrev   0x00000000     0x19f2
 *(.debug_abbrev)
 .debug_abbrev  0x00000000      0x718 C:/Program Files (x86)/Atmel/Studio/7.0/Packs/atmel/ATmega_DFP/1.3.300/gcc/dev/atmega128/avr51/crtatmega128.o
 .debug_abbrev  0x00000718       0x7e src/ap/ap.o
 .debug_abbrev  0x00000796       0xc5 src/bsp/atmega128_it.o
 .debug_abbrev  0x0000085b       0xb2 src/bsp/bsp.o
 .debug_abbrev  0x0000090d      0x130 src/common/core/qbuffer.o
 .debug_abbrev  0x00000a3d      0x233 src/hw/driver/ctc.o
 .debug_abbrev  0x00000c70      0x15d src/hw/driver/gpio.o
 .debug_abbrev  0x00000dcd      0x12b src/hw/driver/ros_server.o
 .debug_abbrev  0x00000ef8      0x1e7 src/hw/driver/ros/ros.o
 .debug_abbrev  0x000010df      0x1fe src/hw/driver/uart.o
 .debug_abbrev  0x000012dd       0x63 src/hw/hw.o
 .debug_abbrev  0x00001340      0x182 src/lib/Drivers/Src/atmega128_hal.o
 .debug_abbrev  0x000014c2      0x130 src/lib/Drivers/Src/atmega128_hal_gpio.o
 .debug_abbrev  0x000015f2      0x1c2 src/lib/Drivers/Src/atmega128_hal_timer.o
 .debug_abbrev  0x000017b4      0x1d9 src/lib/Drivers/Src/atmega128_hal_uart.o
 .debug_abbrev  0x0000198d       0x65 src/main.o

.debug_line     0x00000000     0x3595
 *(.debug_line .debug_line.* .debug_line_end)
 .debug_line    0x00000000      0x169 C:/Program Files (x86)/Atmel/Studio/7.0/Packs/atmel/ATmega_DFP/1.3.300/gcc/dev/atmega128/avr51/crtatmega128.o
 .debug_line    0x00000169       0x83 src/ap/ap.o
 .debug_line    0x000001ec      0x2c1 src/bsp/atmega128_it.o
 .debug_line    0x000004ad      0x100 src/bsp/bsp.o
 .debug_line    0x000005ad      0x1bd src/common/core/qbuffer.o
 .debug_line    0x0000076a      0x5a0 src/hw/driver/ctc.o
 .debug_line    0x00000d0a      0x1ab src/hw/driver/gpio.o
 .debug_line    0x00000eb5      0x10d src/hw/driver/ros_server.o
 .debug_line    0x00000fc2      0x3ee src/hw/driver/ros/ros.o
 .debug_line    0x000013b0      0x3b2 src/hw/driver/uart.o
 .debug_line    0x00001762       0x8d src/hw/hw.o
 .debug_line    0x000017ef      0x326 src/lib/Drivers/Src/atmega128_hal.o
 .debug_line    0x00001b15      0x193 src/lib/Drivers/Src/atmega128_hal_gpio.o
 .debug_line    0x00001ca8     0x13c5 src/lib/Drivers/Src/atmega128_hal_timer.o
 .debug_line    0x0000306d      0x4b3 src/lib/Drivers/Src/atmega128_hal_uart.o
 .debug_line    0x00003520       0x75 src/main.o

.debug_frame    0x00000000     0x1048
 *(.debug_frame)
 .debug_frame   0x00000000       0x34 src/ap/ap.o
 .debug_frame   0x00000034      0x394 src/bsp/atmega128_it.o
 .debug_frame   0x000003c8       0x44 src/bsp/bsp.o
 .debug_frame   0x0000040c      0x114 src/common/core/qbuffer.o
 .debug_frame   0x00000520       0xfc src/hw/driver/ctc.o
 .debug_frame   0x0000061c       0x90 src/hw/driver/gpio.o
 .debug_frame   0x000006ac       0x34 src/hw/driver/ros_server.o
 .debug_frame   0x000006e0      0x108 src/hw/driver/ros/ros.o
 .debug_frame   0x000007e8       0xf8 src/hw/driver/uart.o
 .debug_frame   0x000008e0       0x24 src/hw/hw.o
 .debug_frame   0x00000904       0xb4 src/lib/Drivers/Src/atmega128_hal.o
 .debug_frame   0x000009b8       0x54 src/lib/Drivers/Src/atmega128_hal_gpio.o
 .debug_frame   0x00000a0c      0x478 src/lib/Drivers/Src/atmega128_hal_timer.o
 .debug_frame   0x00000e84      0x1a0 src/lib/Drivers/Src/atmega128_hal_uart.o
 .debug_frame   0x00001024       0x24 src/main.o

.debug_str      0x00000000     0x15f8
 *(.debug_str)
 .debug_str     0x00000000      0x27d C:/Program Files (x86)/Atmel/Studio/7.0/Packs/atmel/ATmega_DFP/1.3.300/gcc/dev/atmega128/avr51/crtatmega128.o
 .debug_str     0x0000027d      0x158 src/ap/ap.o
                                0x191 (size before relaxing)
 .debug_str     0x000003d5      0x27b src/bsp/atmega128_it.o
                                0x3f1 (size before relaxing)
 .debug_str     0x00000650       0x45 src/bsp/bsp.o
                                0x1a6 (size before relaxing)
 .debug_str     0x00000695       0x9b src/common/core/qbuffer.o
                                0x20a (size before relaxing)
 .debug_str     0x00000730      0x2c8 src/hw/driver/ctc.o
                                0x4c1 (size before relaxing)
 .debug_str     0x000009f8      0x100 src/hw/driver/gpio.o
                                0x274 (size before relaxing)
 .debug_str     0x00000af8      0x137 src/hw/driver/ros_server.o
                                0x2ec (size before relaxing)
 .debug_str     0x00000c2f      0x184 src/hw/driver/ros/ros.o
                                0x428 (size before relaxing)
 .debug_str     0x00000db3      0x11a src/hw/driver/uart.o
                                0x403 (size before relaxing)
 .debug_str     0x00000ecd       0x16 src/hw/hw.o
                                0x197 (size before relaxing)
 .debug_str     0x00000ee3       0xea src/lib/Drivers/Src/atmega128_hal.o
                                0x2cc (size before relaxing)
 .debug_str     0x00000fcd       0x67 src/lib/Drivers/Src/atmega128_hal_gpio.o
                                0x23a (size before relaxing)
 .debug_str     0x00001034      0x4f0 src/lib/Drivers/Src/atmega128_hal_timer.o
                                0x879 (size before relaxing)
 .debug_str     0x00001524       0xc1 src/lib/Drivers/Src/atmega128_hal_uart.o
                                0x3b8 (size before relaxing)
 .debug_str     0x000015e5       0x13 src/main.o
                                0x18f (size before relaxing)

.debug_loc      0x00000000     0x49da
 *(.debug_loc)
 .debug_loc     0x00000000      0x763 src/bsp/atmega128_it.o
 .debug_loc     0x00000763       0x2c src/bsp/bsp.o
 .debug_loc     0x0000078f      0x4e3 src/common/core/qbuffer.o
 .debug_loc     0x00000c72      0x883 src/hw/driver/ctc.o
 .debug_loc     0x000014f5      0x236 src/hw/driver/gpio.o
 .debug_loc     0x0000172b       0x13 src/hw/driver/ros_server.o
 .debug_loc     0x0000173e      0x66f src/hw/driver/ros/ros.o
 .debug_loc     0x00001dad      0x5df src/hw/driver/uart.o
 .debug_loc     0x0000238c      0x4ef src/lib/Drivers/Src/atmega128_hal.o
 .debug_loc     0x0000287b      0x1b2 src/lib/Drivers/Src/atmega128_hal_gpio.o
 .debug_loc     0x00002a2d     0x16c3 src/lib/Drivers/Src/atmega128_hal_timer.o
 .debug_loc     0x000040f0      0x8ea src/lib/Drivers/Src/atmega128_hal_uart.o

.debug_macinfo
 *(.debug_macinfo)

.debug_weaknames
 *(.debug_weaknames)

.debug_funcnames
 *(.debug_funcnames)

.debug_typenames
 *(.debug_typenames)

.debug_varnames
 *(.debug_varnames)

.debug_pubtypes
 *(.debug_pubtypes)

.debug_ranges   0x00000000      0x598
 *(.debug_ranges)
 .debug_ranges  0x00000000       0x18 src/ap/ap.o
 .debug_ranges  0x00000018       0x90 src/bsp/atmega128_it.o
 .debug_ranges  0x000000a8       0x20 src/bsp/bsp.o
 .debug_ranges  0x000000c8       0x58 src/common/core/qbuffer.o
 .debug_ranges  0x00000120       0x70 src/hw/driver/ctc.o
 .debug_ranges  0x00000190       0x30 src/hw/driver/gpio.o
 .debug_ranges  0x000001c0       0x18 src/hw/driver/ros_server.o
 .debug_ranges  0x000001d8       0x50 src/hw/driver/ros/ros.o
 .debug_ranges  0x00000228       0x58 src/hw/driver/uart.o
 .debug_ranges  0x00000280       0x10 src/hw/hw.o
 .debug_ranges  0x00000290       0x40 src/lib/Drivers/Src/atmega128_hal.o
 .debug_ranges  0x000002d0       0x28 src/lib/Drivers/Src/atmega128_hal_gpio.o
 .debug_ranges  0x000002f8      0x200 src/lib/Drivers/Src/atmega128_hal_timer.o
 .debug_ranges  0x000004f8       0x90 src/lib/Drivers/Src/atmega128_hal_uart.o
 .debug_ranges  0x00000588       0x10 src/main.o

.debug_macro
 *(.debug_macro)
OUTPUT(ATMEGA_fw.elf elf32-avr)
LOAD linker stubs
